Component: ARM Compiler 5.06 update 5 (build 528) Tool: armlink [4d35e2]

==============================================================================

Section Cross References

    main.o(i.HAL_TIM_PeriodElapsedCallback) refers to stm32f4xx_hal.o(i.HAL_IncTick) for HAL_IncTick
    main.o(i.SystemClock_Config) refers to stm32f4xx_hal_rcc.o(i.HAL_RCC_OscConfig) for HAL_RCC_OscConfig
    main.o(i.SystemClock_Config) refers to stm32f4xx_hal_rcc.o(i.HAL_RCC_ClockConfig) for HAL_RCC_ClockConfig
    main.o(i.SystemClock_Config) refers to stm32f4xx_hal_rcc.o(i.HAL_RCC_GetHCLKFreq) for HAL_RCC_GetHCLKFreq
    main.o(i.SystemClock_Config) refers to stm32f4xx_hal_cortex.o(i.HAL_SYSTICK_Config) for HAL_SYSTICK_Config
    main.o(i.SystemClock_Config) refers to stm32f4xx_hal_cortex.o(i.HAL_SYSTICK_CLKSourceConfig) for HAL_SYSTICK_CLKSourceConfig
    main.o(i.SystemClock_Config) refers to stm32f4xx_hal_cortex.o(i.HAL_NVIC_SetPriority) for HAL_NVIC_SetPriority
    main.o(i.main) refers to stm32f4xx_hal.o(i.HAL_Init) for HAL_Init
    main.o(i.main) refers to main.o(i.SystemClock_Config) for SystemClock_Config
    main.o(i.main) refers to gpio.o(i.MX_GPIO_Init) for MX_GPIO_Init
    main.o(i.main) refers to spi.o(i.MX_SPI2_Init) for MX_SPI2_Init
    main.o(i.main) refers to tim.o(i.MX_TIM3_Init) for MX_TIM3_Init
    main.o(i.main) refers to tim.o(i.MX_TIM4_Init) for MX_TIM4_Init
    main.o(i.main) refers to spi.o(i.MX_SPI1_Init) for MX_SPI1_Init
    main.o(i.main) refers to tim.o(i.MX_TIM1_Init) for MX_TIM1_Init
    main.o(i.main) refers to tim.o(i.MX_TIM5_Init) for MX_TIM5_Init
    main.o(i.main) refers to tim.o(i.MX_TIM8_Init) for MX_TIM8_Init
    main.o(i.main) refers to adc.o(i.MX_ADC1_Init) for MX_ADC1_Init
    main.o(i.main) refers to usart.o(i.MX_USART1_UART_Init) for MX_USART1_UART_Init
    main.o(i.main) refers to i2c.o(i.MX_I2C2_Init) for MX_I2C2_Init
    main.o(i.main) refers to freertos.o(i.MX_FREERTOS_Init) for MX_FREERTOS_Init
    main.o(i.main) refers to cmsis_os.o(i.osKernelStart) for osKernelStart
    gpio.o(i.MX_GPIO_Init) refers to stm32f4xx_hal_gpio.o(i.HAL_GPIO_WritePin) for HAL_GPIO_WritePin
    gpio.o(i.MX_GPIO_Init) refers to stm32f4xx_hal_gpio.o(i.HAL_GPIO_Init) for HAL_GPIO_Init
    adc.o(i.HAL_ADC_MspDeInit) refers to stm32f4xx_hal_gpio.o(i.HAL_GPIO_DeInit) for HAL_GPIO_DeInit
    adc.o(i.HAL_ADC_MspInit) refers to stm32f4xx_hal_gpio.o(i.HAL_GPIO_Init) for HAL_GPIO_Init
    adc.o(i.MX_ADC1_Init) refers to stm32f4xx_hal_adc.o(i.HAL_ADC_Init) for HAL_ADC_Init
    adc.o(i.MX_ADC1_Init) refers to main.o(i._Error_Handler) for _Error_Handler
    adc.o(i.MX_ADC1_Init) refers to stm32f4xx_hal_adc.o(i.HAL_ADC_ConfigChannel) for HAL_ADC_ConfigChannel
    adc.o(i.MX_ADC1_Init) refers to stm32f4xx_hal_adc_ex.o(i.HAL_ADCEx_InjectedConfigChannel) for HAL_ADCEx_InjectedConfigChannel
    adc.o(i.MX_ADC1_Init) refers to adc.o(.bss) for .bss
    freertos.o(i.MX_FREERTOS_Init) refers to memcpy.o(.text) for __aeabi_memcpy4
    freertos.o(i.MX_FREERTOS_Init) refers to cmsis_os.o(i.osThreadCreate) for osThreadCreate
    freertos.o(i.MX_FREERTOS_Init) refers to freertos.o(.constdata) for .constdata
    freertos.o(i.MX_FREERTOS_Init) refers to freertos.o(.data) for .data
    freertos.o(i.startMainTask) refers to usb_device.o(i.MX_USB_DEVICE_Init) for MX_USB_DEVICE_Init
    freertos.o(i.startMainTask) refers to cmsis_os.o(i.osDelay) for osDelay
    freertos.o(i.startMainTask) refers to board.o(i.boardInit) for boardInit
    freertos.o(i.startMainTask) refers to parameter.o(i.ParamInit) for ParamInit
    freertos.o(i.startMainTask) refers to faultdetect.o(i.FaultDetectInit) for FaultDetectInit
    freertos.o(i.startMainTask) refers to messagequeue.o(i.MessageQueueCreate) for MessageQueueCreate
    freertos.o(i.startMainTask) refers to moduletask.o(i.ModuleTaskCreate) for ModuleTaskCreate
    freertos.o(i.startMainTask) refers to sensortask.o(i.SensorTaskCreate) for SensorTaskCreate
    freertos.o(i.startMainTask) refers to navigationtask.o(i.NavigationTaskCreate) for NavigationTaskCreate
    freertos.o(i.startMainTask) refers to controltask.o(i.ControlTaskCreate) for ControlTaskCreate
    freertos.o(i.startMainTask) refers to messagetask.o(i.MessageTaskCreate) for MessageTaskCreate
    freertos.o(.constdata) refers to freertos.o(.conststring) for .conststring
    freertos.o(.constdata) refers to freertos.o(i.startMainTask) for startMainTask
    i2c.o(i.HAL_I2C_MspDeInit) refers to stm32f4xx_hal_gpio.o(i.HAL_GPIO_DeInit) for HAL_GPIO_DeInit
    i2c.o(i.HAL_I2C_MspInit) refers to stm32f4xx_hal_gpio.o(i.HAL_GPIO_Init) for HAL_GPIO_Init
    i2c.o(i.MX_I2C2_Init) refers to stm32f4xx_hal_i2c.o(i.HAL_I2C_Init) for HAL_I2C_Init
    i2c.o(i.MX_I2C2_Init) refers to main.o(i._Error_Handler) for _Error_Handler
    i2c.o(i.MX_I2C2_Init) refers to i2c.o(.bss) for .bss
    spi.o(i.HAL_SPI_MspDeInit) refers to stm32f4xx_hal_gpio.o(i.HAL_GPIO_DeInit) for HAL_GPIO_DeInit
[...]
    0x08008bbe   0x08008bbe   0x00000002   PAD
    0x08008bc0   0x08008bc0   0x00000088   Code   RO         3247    i.I2C_WaitOnMasterAddressFlagUntilTimeout  stm32f4xx_hal_i2c.o
    0x08008c48   0x08008c48   0x00000062   Code   RO         3248    i.I2C_WaitOnRXNEFlagUntilTimeout  stm32f4xx_hal_i2c.o
    0x08008caa   0x08008caa   0x0000004e   Code   RO         3249    i.I2C_WaitOnTXEFlagUntilTimeout  stm32f4xx_hal_i2c.o
    0x08008cf8   0x08008cf8   0x000001e0   Code   RO         9747    i.ImuLevelCalibration  accelerometer.o
    0x08008ed8   0x08008ed8   0x0000011c   Code   RO        10195    i.ImuOrientationDetect  sensor.o
    0x08008ff4   0x08008ff4   0x0000003c   Code   RO        10196    i.ImuTempControl    sensor.o
    0x08009030   0x08009030   0x00000028   Code   RO        10197    i.ImuTempControlInit  sensor.o
    0x08009058   0x08009058   0x00000098   Code   RO         7866    i.KalmanAuxInit     ahrsaux.o
    0x080090f0   0x080090f0   0x0000001e   Code   RO         7263    i.KalmanBMatSet     kalman3.o
    0x0800910e   0x0800910e   0x00000002   PAD
    0x08009110   0x08009110   0x0000001e   Code   RO         7264    i.KalmanCovarianceMatSet  kalman3.o
    0x0800912e   0x0800912e   0x00000002   PAD
    0x08009130   0x08009130   0x00000026   Code   RO         7265    i.KalmanObserveMapMatSet  kalman3.o
    0x08009156   0x08009156   0x00000002   PAD
    0x08009158   0x08009158   0x0000009c   Code   RO         7937    i.KalmanPosInit     navigation.o
    0x080091f4   0x080091f4   0x0000001e   Code   RO         7266    i.KalmanQMatSet     kalman3.o
    0x08009212   0x08009212   0x00000002   PAD
    0x08009214   0x08009214   0x0000001e   Code   RO         7267    i.KalmanRMatSet     kalman3.o
    0x08009232   0x08009232   0x00000002   PAD
    0x08009234   0x08009234   0x00000098   Code   RO         7737    i.KalmanRollPitchInit  ahrs.o
    0x080092cc   0x080092cc   0x00000026   Code   RO         7268    i.KalmanStateTransMatSet  kalman3.o
    0x080092f2   0x080092f2   0x00000002   PAD
    0x080092f4   0x080092f4   0x00000208   Code   RO         7269    i.KalmanUpdate      kalman3.o
    0x080094fc   0x080094fc   0x0000009c   Code   RO         7938    i.KalmanVelInit     navigation.o
    0x08009598   0x08009598   0x00000098   Code   RO         7738    i.KalmanYawInit     ahrs.o
    0x08009630   0x08009630   0x00000010   Code   RO         9748    i.LevelCalibrateEnable  accelerometer.o
    0x08009640   0x08009640   0x00000240   Code   RO         7321    i.LevenbergMarquardt  levenbergmarquardt.o
    0x08009880   0x08009880   0x0000003a   Code   RO         7348    i.LowPassFilter1st  lowpassfilter.o
    0x080098ba   0x080098ba   0x0000005e   Code   RO         7349    i.LowPassFilter2nd  lowpassfilter.o
    0x08009918   0x08009918   0x00000058   Code   RO         7350    i.LowPassFilter2ndFactorCal  lowpassfilter.o
    0x08009970   0x08009970   0x00000078   Code   RO         8893    i.LowPowerProtect   safecontrol.o
    0x080099e8   0x080099e8   0x000000a0   Code   RO          276    i.MX_ADC1_Init      adc.o
    0x08009a88   0x08009a88   0x00000028   Code   RO          316    i.MX_FREERTOS_Init  freertos.o
    0x08009ab0   0x08009ab0   0x00000110   Code   RO          250    i.MX_GPIO_Init      gpio.o
    0x08009bc0   0x08009bc0   0x00000054   Code   RO          431    i.MX_I2C2_Init      i2c.o
    0x08009c14   0x08009c14   0x0000005c   Code   RO          473    i.MX_SPI1_Init      spi.o
    0x08009c70   0x08009c70   0x0000005c   Code   RO          474    i.MX_SPI2_Init      spi.o
    0x08009ccc   0x08009ccc   0x000000f0   Code   RO          524    i.MX_TIM1_Init      tim.o
    0x08009dbc   0x08009dbc   0x000000b8   Code   RO          525    i.MX_TIM3_Init      tim.o
    0x08009e74   0x08009e74   0x000000b8   Code   RO          526    i.MX_TIM4_Init      tim.o
    0x08009f2c   0x08009f2c   0x0000009c   Code   RO          527    i.MX_TIM5_Init      tim.o
    0x08009fc8   0x08009fc8   0x000000d0   Code   RO          528    i.MX_TIM8_Init      tim.o
    0x0800a098   0x0800a098   0x0000004c   Code   RO          611    i.MX_USART1_UART_Init  usart.o
    0x0800a0e4   0x0800a0e4   0x00000038   Code   RO          651    i.MX_USB_DEVICE_Init  usb_device.o
    0x0800a11c   0x0800a11c   0x0000016c   Code   RO        10125    i.MagCaliDataInit   magnetometer.o
    0x0800a288   0x0800a288   0x00000010   Code   RO        10126    i.MagCalibrateEnable  magnetometer.o
    0x0800a298   0x0800a298   0x00000534   Code   RO        10127    i.MagCalibration    magnetometer.o
    0x0800a7cc   0x0800a7cc   0x000000ec   Code   RO        10128    i.MagDataPreTreat   magnetometer.o
    0x0800a8b8   0x0800a8b8   0x0000000c   Code   RO        10129    i.MagGetData        magnetometer.o
    0x0800a8c4   0x0800a8c4   0x0000001a   Code   RO        10491    i.MagSensorInit     module.o
    0x0800a8de   0x0800a8de   0x00000014   Code   RO        10492    i.MagSensorRead     module.o
    0x0800a8f2   0x0800a8f2   0x00000004   Code   RO        10493    i.MagSensorUpdate   module.o
    0x0800a8f6   0x0800a8f6   0x0000001e   Code   RO         7634    i.MagVectorToYawAngle  vector3.o
    0x0800a914   0x0800a914   0x0000005a   Code   RO         7635    i.Matrix3MulVector3  vector3.o
    0x0800a96e   0x0800a96e   0x0000003a   Code   RO         7471    i.Matrix3_Add       matrix3.o
    0x0800a9a8   0x0800a9a8   0x00000166   Code   RO         7473    i.Matrix3_Det       matrix3.o
    0x0800ab0e   0x0800ab0e   0x00000002   PAD
    0x0800ab10   0x0800ab10   0x00000054   Code   RO         7474    i.Matrix3_Mul       matrix3.o
    0x0800ab64   0x0800ab64   0x0000003a   Code   RO         7475    i.Matrix3_Sub       matrix3.o
    0x0800ab9e   0x0800ab9e   0x0000004a   Code   RO         7476    i.Matrix3_Tran      matrix3.o
    0x0800abe8   0x0800abe8   0x00000030   Code   RO         9320    i.MavParamGetIdByName  mavlinkparam.o
    0x0800ac18   0x0800ac18   0x0000000c   Code   RO         9321    i.MavParamGetString  mavlinkparam.o
    0x0800ac24   0x0800ac24   0x00000010   Code   RO         9322    i.MavParamGetValue  mavlinkparam.o
    0x0800ac34   0x0800ac34   0x00000050   Code   RO         9323    i.MavParamSendCheck  mavlinkparam.o
    0x0800ac84   0x0800ac84   0x0000000c   Code   RO         9324    i.MavParamSendEnable  mavlinkparam.o
    0x0800ac90   0x0800ac90   0x0000001c   Code   RO         9325    i.MavParamSendEnableAll  mavlinkparam.o
    0x0800acac   0x0800acac   0x0000063c   Code   RO         9326    i.MavParamSetDefault  mavlinkparam.o
    0x0800b2e8   0x0800b2e8   0x0000013c   Code   RO         9327    i.MavParamSetValue  mavlinkparam.o
    0x0800b424   0x0800b424   0x00000050   Code   RO         9394    i.MavStatusTextSendCheck  mavlinksend.o
    0x0800b474   0x0800b474   0x0000000c   Code   RO         9395    i.MavlinkCurrentParamSet  mavlinksend.o
    0x0800b480   0x0800b480   0x0000025c   Code   RO         9232    i.MavlinkDecode     mavlinkdecode.o
    0x0800b6dc   0x0800b6dc   0x00000100   Code   RO         9233    i.MavlinkDecodeCommand  mavlinkdecode.o
    0x0800b7dc   0x0800b7dc   0x000000f6   Code   RO         9396    i.MavlinkSendAttitude  mavlinksend.o
    0x0800b8d2   0x0800b8d2   0x00000002   PAD
    0x0800b8d4   0x0800b8d4   0x0000005c   Code   RO         9397    i.MavlinkSendCommandAck  mavlinksend.o
    0x0800b930   0x0800b930   0x0000000c   Code   RO         9641    i.MavlinkSendEnable  message.o
    0x0800b93c   0x0800b93c   0x000001f0   Code   RO         9398    i.MavlinkSendGpsRawInt  mavlinksend.o
    0x0800bb2c   0x0800bb2c   0x000000cc   Code   RO         9399    i.MavlinkSendHeartbeat  mavlinksend.o
    0x0800bbf8   0x0800bbf8   0x000000fc   Code   RO         9400    i.MavlinkSendHomePosition  mavlinksend.o
    0x0800bcf4   0x0800bcf4   0x000000c0   Code   RO         9401    i.MavlinkSendLocalPositionNed  mavlinksend.o
    0x0800bdb4   0x0800bdb4   0x00000056   Code   RO         9402    i.MavlinkSendMissionAck  mavlinksend.o
    0x0800be0a   0x0800be0a   0x00000056   Code   RO         9403    i.MavlinkSendMissionCount  mavlinksend.o
    0x0800be60   0x0800be60   0x00000048   Code   RO         9404    i.MavlinkSendMissionItem  mavlinksend.o
    0x0800bea8   0x0800bea8   0x00000056   Code   RO         9405    i.MavlinkSendMissionRequest  mavlinksend.o
    0x0800befe   0x0800befe   0x00000002   PAD
    0x0800bf00   0x0800bf00   0x00000048   Code   RO         9406    i.MavlinkSendNotice  mavlinksend.o
    0x0800bf48   0x0800bf48   0x0000000c   Code   RO         9407    i.MavlinkSendNoticeEnable  mavlinksend.o
    0x0800bf54   0x0800bf54   0x00000044   Code   RO         9408    i.MavlinkSendNoticeProgress  mavlinksend.o
    0x0800bf98   0x0800bf98   0x000000c8   Code   RO         9409    i.MavlinkSendParamValue  mavlinksend.o
    0x0800c060   0x0800c060   0x000001f4   Code   RO         9410    i.MavlinkSendRcChannels  mavlinksend.o
    0x0800c254   0x0800c254   0x00000170   Code   RO         9411    i.MavlinkSendScaledImu  mavlinksend.o
    0x0800c3c4   0x0800c3c4   0x0000006c   Code   RO         9412    i.MavlinkSendStatusText  mavlinksend.o
    0x0800c430   0x0800c430   0x000000bc   Code   RO         9413    i.MavlinkSendSysStatus  mavlinksend.o
    0x0800c4ec   0x0800c4ec   0x000000b4   Code   RO         9414    i.MavlinkSendVfrHud  mavlinksend.o
    0x0800c5a0   0x0800c5a0   0x0000000c   Code   RO         9415    i.MavlinkSetCommandAck  mavlinksend.o
    0x0800c5ac   0x0800c5ac   0x00000002   Code   RO         1021    i.MemManage_Handler  stm32f4xx_it.o
    0x0800c5ae   0x0800c5ae   0x00000002   PAD
    0x0800c5b0   0x0800c5b0   0x0000009c   Code   RO         9642    i.MessageInit       message.o
    0x0800c64c   0x0800c64c   0x0000007c   Code   RO         9643    i.MessageProtocolTypeDetect  message.o
    0x0800c6c8   0x0800c6c8   0x00000080   Code   RO         6979    i.MessageQueueCreate  messagequeue.o
    0x0800c748   0x0800c748   0x000001c0   Code   RO         9644    i.MessageSendLoop   message.o
    0x0800c908   0x0800c908   0x0000001c   Code   RO         9645    i.MessageSensorCaliFeedbackEnable  message.o
    0x0800c924   0x0800c924   0x00000028   Code   RO         7011    i.MessageTaskCreate  messagetask.o
    0x0800c94c   0x0800c94c   0x00000090   Code   RO         8266    i.MissionControl    missioncontrol.o
    0x0800c9dc   0x0800c9dc   0x0000003c   Code   RO         7062    i.ModuleTaskCreate  moduletask.o
    0x0800ca18   0x0800ca18   0x00000164   Code   RO         8746    i.MotorControl      motor.o
    0x0800cb7c   0x0800cb7c   0x00000020   Code   RO         8747    i.MotorInit         motor.o
    0x0800cb9c   0x0800cb9c   0x00000002   Code   RO         1022    i.NMI_Handler       stm32f4xx_it.o
    0x0800cb9e   0x0800cb9e   0x00000020   Code   RO         5869    i.NVIC_SetPriority  stm32f4xx_hal_cortex.o
    0x0800cbbe   0x0800cbbe   0x0000000e   Code   RO         7939    i.NavigationInit    navigation.o
    0x0800cbcc   0x0800cbcc   0x0000005c   Code   RO         7940    i.NavigationReset   navigation.o
    0x0800cc28   0x0800cc28   0x0000003c   Code   RO         7124    i.NavigationTaskCreate  navigationtask.o
    0x0800cc64   0x0800cc64   0x0000000c   Code   RO         1023    i.OTG_FS_IRQHandler  stm32f4xx_it.o
    0x0800cc70   0x0800cc70   0x00000088   Code   RO         2412    i.PCD_WriteEmptyTxFifo  stm32f4xx_hal_pcd.o
    0x0800ccf8   0x0800ccf8   0x0000011c   Code   RO         8047    i.PIDReadFromFlash  flightcontrol.o
    0x0800ce14   0x0800ce14   0x00000190   Code   RO         8048    i.PIDReset          flightcontrol.o
    0x0800cfa4   0x0800cfa4   0x000000dc   Code   RO         8049    i.PIDWriteToFlash   flightcontrol.o
    0x0800d080   0x0800d080   0x00000054   Code   RO         7516    i.PID_GetD          pid.o
    0x0800d0d4   0x0800d0d4   0x0000004c   Code   RO         7517    i.PID_GetI          pid.o
    0x0800d120   0x0800d120   0x0000000a   Code   RO         7518    i.PID_GetP          pid.o
    0x0800d12a   0x0800d12a   0x00000030   Code   RO         7519    i.PID_GetPI         pid.o
    0x0800d15a   0x0800d15a   0x00000042   Code   RO         7520    i.PID_GetPID        pid.o
    0x0800d19c   0x0800d19c   0x00000010   Code   RO         7521    i.PID_ResetI        pid.o
    0x0800d1ac   0x0800d1ac   0x00000038   Code   RO         7522    i.PID_SetParam      pid.o
    0x0800d1e4   0x0800d1e4   0x00000054   Code   RO          529    i.PWM_Out_Init      tim.o
    0x0800d238   0x0800d238   0x00000004   Code   RO         6872    i.ParamInit         parameter.o
    0x0800d23c   0x0800d23c   0x00000038   Code   RO         6873    i.ParamReadFromFlash  parameter.o
    0x0800d274   0x0800d274   0x0000004c   Code   RO         6874    i.ParamSaveToFlash  parameter.o
    0x0800d2c0   0x0800d2c0   0x00000014   Code   RO         6875    i.ParamUpdateData   parameter.o
    0x0800d2d4   0x0800d2d4   0x000000a4   Code   RO         6698    i.PlaceStausCheck   flightstatus.o
    0x0800d378   0x0800d378   0x00000130   Code   RO         7941    i.PosCovarianceSelfAdaptation  navigation.o
    0x0800d4a8   0x0800d4a8   0x00000108   Code   RO         7942    i.PositionEstimate  navigation.o
    0x0800d5b0   0x0800d5b0   0x0000015c   Code   RO         8050    i.PositionInnerControl  flightcontrol.o
    0x0800d70c   0x0800d70c   0x000000fc   Code   RO         8051    i.PositionOuterControl  flightcontrol.o
    0x0800d808   0x0800d808   0x0000001e   Code   RO         7380    i.Pythagorous2      mathtool.o
    0x0800d826   0x0800d826   0x0000002a   Code   RO         7381    i.Pythagorous3      mathtool.o
    0x0800d850   0x0800d850   0x00000010   Code   RO        10943    i.RGB_Blue_Off      ledcolors.o
    0x0800d860   0x0800d860   0x00000010   Code   RO        10944    i.RGB_Blue_On       ledcolors.o
    0x0800d870   0x0800d870   0x00000114   Code   RO        10945    i.RGB_Flash         ledcolors.o
    0x0800d984   0x0800d984   0x00000010   Code   RO        10946    i.RGB_Green_Off     ledcolors.o
    0x0800d994   0x0800d994   0x00000010   Code   RO        10947    i.RGB_Green_On      ledcolors.o
    0x0800d9a4   0x0800d9a4   0x00000012   Code   RO        10948    i.RGB_Init          ledcolors.o
    0x0800d9b6   0x0800d9b6   0x00000002   PAD
    0x0800d9b8   0x0800d9b8   0x00000010   Code   RO        10949    i.RGB_Red_Off       ledcolors.o
    0x0800d9c8   0x0800d9c8   0x00000010   Code   RO        10950    i.RGB_Red_On        ledcolors.o
    0x0800d9d8   0x0800d9d8   0x00000010   Code   RO         7383    i.Radians           mathtool.o
    0x0800d9e8   0x0800d9e8   0x00000012   Code   RO         8814    i.RcCheck           rc.o
    0x0800d9fa   0x0800d9fa   0x00000002   PAD
    0x0800d9fc   0x0800d9fc   0x00000164   Code   RO         8815    i.RcCheckAux        rc.o
    0x0800db60   0x0800db60   0x00000084   Code   RO         8816    i.RcCheckFailsafe   rc.o
    0x0800dbe4   0x0800dbe4   0x000000e4   Code   RO         8817    i.RcCheckSticks     rc.o
    0x0800dcc8   0x0800dcc8   0x00000044   Code   RO         8818    i.RcCommandUpdate   rc.o
    0x0800dd0c   0x0800dd0c   0x0000005c   Code   RO         8819    i.RcDataUpdate      rc.o
    0x0800dd68   0x0800dd68   0x00000060   Code   RO         8820    i.RcInit            rc.o
    0x0800ddc8   0x0800ddc8   0x000003dc   Code   RO         8267    i.ReturnToHome      missioncontrol.o
    0x0800e1a4   0x0800e1a4   0x0000001c   Code   RO         7739    i.RollOverDetect    ahrs.o
    0x0800e1c0   0x0800e1c0   0x00000178   Code   RO         7868    i.RollPitchUpdateByKF  ahrsaux.o
    0x0800e338   0x0800e338   0x0000034c   Code   RO         7616    i.RotateVector3f    rotation.o
    0x0800e684   0x0800e684   0x00000020   Code   RO         3634    i.SPI_CheckFlag_BSY  stm32f4xx_hal_spi.o
    0x0800e6a4   0x0800e6a4   0x00000096   Code   RO         3652    i.SPI_WaitFlagStateUntilTimeout  stm32f4xx_hal_spi.o
    0x0800e73a   0x0800e73a   0x00000002   PAD
    0x0800e73c   0x0800e73c   0x00000048   Code   RO         7384    i.SafeArcsin        mathtool.o
    0x0800e784   0x0800e784   0x0000004c   Code   RO         8894    i.SafeControl       safecontrol.o
    0x0800e7d0   0x0800e7d0   0x0000006c   Code   RO         9646    i.SendFreqSort      message.o
    0x0800e83c   0x0800e83c   0x00000128   Code   RO         9647    i.SendListCreate    message.o
    0x0800e964   0x0800e964   0x00000026   Code   RO        10198    i.SensorCheckStatus  sensor.o
    0x0800e98a   0x0800e98a   0x00000002   PAD
    0x0800e98c   0x0800e98c   0x00000180   Code   RO        10199    i.SensorHealthCheck  sensor.o
    0x0800eb0c   0x0800eb0c   0x0000003c   Code   RO         7183    i.SensorTaskCreate  sensortask.o
    0x0800eb48   0x0800eb48   0x0000000c   Code   RO         6699    i.SetAltControlStatus  flightstatus.o
    0x0800eb54   0x0800eb54   0x0000000c   Code   RO         8052    i.SetAltCtlStatus   flightcontrol.o
    0x0800eb60   0x0800eb60   0x0000000c   Code   RO         8053    i.SetAltInnerCtlTarget  flightcontrol.o
    0x0800eb6c   0x0800eb6c   0x0000000c   Code   RO         8054    i.SetAltOuterCtlTarget  flightcontrol.o
    0x0800eb78   0x0800eb78   0x0000004c   Code   RO         6700    i.SetArmedStatus    flightstatus.o
    0x0800ebc4   0x0800ebc4   0x0000000c   Code   RO         8055    i.SetAttInnerCtlTarget  flightcontrol.o
    0x0800ebd0   0x0800ebd0   0x00000014   Code   RO         8056    i.SetAttOuterCtlTarget  flightcontrol.o
    0x0800ebe4   0x0800ebe4   0x0000000c   Code   RO         6701    i.SetFailSafeStatus  flightstatus.o
    0x0800ebf0   0x0800ebf0   0x00000050   Code   RO         6702    i.SetFlightMode     flightstatus.o
    0x0800ec40   0x0800ec40   0x0000000c   Code   RO         6703    i.SetFlightStatus   flightstatus.o
    0x0800ec4c   0x0800ec4c   0x00000018   Code   RO         6704    i.SetInitStatus     flightstatus.o
    0x0800ec64   0x0800ec64   0x0000000c   Code   RO         8057    i.SetMaxAltOuterCtl  flightcontrol.o
    0x0800ec70   0x0800ec70   0x0000000c   Code   RO         8058    i.SetMaxBrakeAngle  flightcontrol.o
    0x0800ec7c   0x0800ec7c   0x0000000c   Code   RO         8059    i.SetMaxPosOuterCtl  flightcontrol.o
    0x0800ec88   0x0800ec88   0x0000000c   Code   RO         6705    i.SetPosControlStatus  flightstatus.o
    0x0800ec94   0x0800ec94   0x0000000c   Code   RO         8060    i.SetPosCtlStatus   flightcontrol.o
    0x0800eca0   0x0800eca0   0x00000010   Code   RO         8061    i.SetPosInnerCtlTarget  flightcontrol.o
    0x0800ecb0   0x0800ecb0   0x00000010   Code   RO         8062    i.SetPosOuterCtlTarget  flightcontrol.o
    0x0800ecc0   0x0800ecc0   0x0000004c   Code   RO         8063    i.SetRcTarget       flightcontrol.o
    0x0800ed0c   0x0800ed0c   0x0000000c   Code   RO         8974    i.SetWaypointCount  waypointcontrol.o
    0x0800ed18   0x0800ed18   0x00000030   Code   RO         8975    i.SetWaypointItem   waypointcontrol.o
    0x0800ed48   0x0800ed48   0x0000000c   Code   RO         8976    i.SetWaypointRecvCount  waypointcontrol.o
    0x0800ed54   0x0800ed54   0x0000000c   Code   RO         8977    i.SetWaypointSendCount  waypointcontrol.o
    0x0800ed60   0x0800ed60   0x0000000c   Code   RO         8064    i.SetYawCtlTarget   flightcontrol.o
    0x0800ed6c   0x0800ed6c   0x0000000c   Code   RO         8065    i.SetYawHoldStatus  flightcontrol.o
    0x0800ed78   0x0800ed78   0x00000006   Code   RO         7385    i.Sq                mathtool.o
    0x0800ed7e   0x0800ed7e   0x00000004   Code   RO         1024    i.SysTick_Handler   stm32f4xx_it.o
    0x0800ed82   0x0800ed82   0x00000002   PAD
    0x0800ed84   0x0800ed84   0x000000a0   Code   RO            5    i.SystemClock_Config  main.o
    0x0800ee24   0x0800ee24   0x00000054   Code   RO         6527    i.SystemInit        system_stm32f4xx.o
    0x0800ee78   0x0800ee78   0x00000120   Code   RO         6706    i.SystemInitCheck   flightstatus.o
    0x0800ef98   0x0800ef98   0x0000000c   Code   RO         1025    i.TIM3_IRQHandler   stm32f4xx_it.o
    0x0800efa4   0x0800efa4   0x0000000c   Code   RO         1026    i.TIM4_IRQHandler   stm32f4xx_it.o
    0x0800efb0   0x0800efb0   0x0000001c   Code   RO         1027    i.TIM8_TRG_COM_TIM14_IRQHandler  stm32f4xx_it.o
    0x0800efcc   0x0800efcc   0x000000c0   Code   RO         4002    i.TIM_Base_SetConfig  stm32f4xx_hal_tim.o
    0x0800f08c   0x0800f08c   0x00000016   Code   RO         4003    i.TIM_CCxChannelCmd  stm32f4xx_hal_tim.o
    0x0800f0a2   0x0800f0a2   0x00000002   PAD
    0x0800f0a4   0x0800f0a4   0x00000058   Code   RO         4011    i.TIM_OC1_SetConfig  stm32f4xx_hal_tim.o
    0x0800f0fc   0x0800f0fc   0x00000064   Code   RO         4012    i.TIM_OC2_SetConfig  stm32f4xx_hal_tim.o
    0x0800f160   0x0800f160   0x00000060   Code   RO         4013    i.TIM_OC3_SetConfig  stm32f4xx_hal_tim.o
    0x0800f1c0   0x0800f1c0   0x00000050   Code   RO         4014    i.TIM_OC4_SetConfig  stm32f4xx_hal_tim.o
    0x0800f210   0x0800f210   0x00000084   Code   RO         4017    i.TIM_TI1_SetConfig  stm32f4xx_hal_tim.o
    0x0800f294   0x0800f294   0x00000036   Code   RO         4019    i.TIM_TI2_SetConfig  stm32f4xx_hal_tim.o
    0x0800f2ca   0x0800f2ca   0x00000004   Code   RO        10495    i.TempSensorRead    module.o
    0x0800f2ce   0x0800f2ce   0x00000002   PAD
    0x0800f2d0   0x0800f2d0   0x000000c0   Code   RO        10269    i.TofDataPreTreat   tof.o
    0x0800f390   0x0800f390   0x00000004   Code   RO        10496    i.TofSensorInit     module.o
    0x0800f394   0x0800f394   0x0000020c   Code   RO         7740    i.TransAccToEarthFrame  ahrs.o
    0x0800f5a0   0x0800f5a0   0x00000052   Code   RO         9934    i.TransVelToBodyFrame  gps.o
    0x0800f5f2   0x0800f5f2   0x0000005a   Code   RO         9935    i.TransVelToEarthFrame  gps.o
    0x0800f64c   0x0800f64c   0x00000010   Code   RO         4824    i.UART_DMAAbortOnError  stm32f4xx_hal_uart.o
    0x0800f65c   0x0800f65c   0x0000001c   Code   RO         4834    i.UART_EndRxTransfer  stm32f4xx_hal_uart.o
    0x0800f678   0x0800f678   0x0000008c   Code   RO         4836    i.UART_Receive_IT   stm32f4xx_hal_uart.o
    0x0800f704   0x0800f704   0x000002ac   Code   RO         4837    i.UART_SetConfig    stm32f4xx_hal_uart.o
    0x0800f9b0   0x0800f9b0   0x00000062   Code   RO         4838    i.UART_Transmit_IT  stm32f4xx_hal_uart.o
    0x0800fa12   0x0800fa12   0x00000064   Code   RO         4839    i.UART_WaitOnFlagUntilTimeout  stm32f4xx_hal_uart.o
    0x0800fa76   0x0800fa76   0x00000002   PAD
    0x0800fa78   0x0800fa78   0x0000000c   Code   RO         1028    i.USART1_IRQHandler  stm32f4xx_it.o
    0x0800fa84   0x0800fa84   0x00000014   Code   RO         6420    i.USBD_CDC_DataIn   usbd_cdc.o
    0x0800fa98   0x0800fa98   0x0000002e   Code   RO         6421    i.USBD_CDC_DataOut  usbd_cdc.o
    0x0800fac6   0x0800fac6   0x0000003c   Code   RO         6422    i.USBD_CDC_DeInit   usbd_cdc.o
    0x0800fb02   0x0800fb02   0x00000024   Code   RO         6423    i.USBD_CDC_EP0_RxReady  usbd_cdc.o
    0x0800fb26   0x0800fb26   0x00000002   PAD
    0x0800fb28   0x0800fb28   0x0000000c   Code   RO         6424    i.USBD_CDC_GetDeviceQualifierDescriptor  usbd_cdc.o
    0x0800fb34   0x0800fb34   0x0000000c   Code   RO         6425    i.USBD_CDC_GetFSCfgDesc  usbd_cdc.o
    0x0800fb40   0x0800fb40   0x0000000c   Code   RO         6426    i.USBD_CDC_GetHSCfgDesc  usbd_cdc.o
    0x0800fb4c   0x0800fb4c   0x0000000c   Code   RO         6427    i.USBD_CDC_GetOtherSpeedCfgDesc  usbd_cdc.o
    0x0800fb58   0x0800fb58   0x00000088   Code   RO         6428    i.USBD_CDC_Init     usbd_cdc.o
    0x0800fbe0   0x0800fbe0   0x00000028   Code   RO         6429    i.USBD_CDC_ReceivePacket  usbd_cdc.o
    0x0800fc08   0x0800fc08   0x00000010   Code   RO         6430    i.USBD_CDC_RegisterInterface  usbd_cdc.o
    0x0800fc18   0x0800fc18   0x0000000c   Code   RO         6431    i.USBD_CDC_SetRxBuffer  usbd_cdc.o
    0x0800fc24   0x0800fc24   0x00000010   Code   RO         6432    i.USBD_CDC_SetTxBuffer  usbd_cdc.o
    0x0800fc34   0x0800fc34   0x00000070   Code   RO         6433    i.USBD_CDC_Setup    usbd_cdc.o
    0x0800fca4   0x0800fca4   0x00000030   Code   RO         6434    i.USBD_CDC_TransmitPacket  usbd_cdc.o
    0x0800fcd4   0x0800fcd4   0x0000000e   Code   RO         6157    i.USBD_ClrClassConfig  usbd_core.o
    0x0800fce2   0x0800fce2   0x00000010   Code   RO         6360    i.USBD_CtlContinueRx  usbd_ioreq.o
    0x0800fcf2   0x0800fcf2   0x00000010   Code   RO         6361    i.USBD_CtlContinueSendData  usbd_ioreq.o
    0x0800fd02   0x0800fd02   0x00000016   Code   RO         6295    i.USBD_CtlError     usbd_ctlreq.o
    0x0800fd18   0x0800fd18   0x0000001e   Code   RO         6362    i.USBD_CtlPrepareRx  usbd_ioreq.o
    0x0800fd36   0x0800fd36   0x00000016   Code   RO         6363    i.USBD_CtlReceiveStatus  usbd_ioreq.o
    0x0800fd4c   0x0800fd4c   0x0000001a   Code   RO         6364    i.USBD_CtlSendData  usbd_ioreq.o
    0x0800fd66   0x0800fd66   0x00000016   Code   RO         6365    i.USBD_CtlSendStatus  usbd_ioreq.o
    0x0800fd7c   0x0800fd7c   0x00000020   Code   RO          894    i.USBD_FS_ConfigStrDescriptor  usbd_desc.o
    0x0800fd9c   0x0800fd9c   0x0000000c   Code   RO          895    i.USBD_FS_DeviceDescriptor  usbd_desc.o
    0x0800fda8   0x0800fda8   0x00000024   Code   RO          896    i.USBD_FS_InterfaceStrDescriptor  usbd_desc.o
    0x0800fdcc   0x0800fdcc   0x0000000c   Code   RO          897    i.USBD_FS_LangIDStrDescriptor  usbd_desc.o
    0x0800fdd8   0x0800fdd8   0x00000028   Code   RO          898    i.USBD_FS_ManufacturerStrDescriptor  usbd_desc.o
    0x0800fe00   0x0800fe00   0x0000002c   Code   RO          899    i.USBD_FS_ProductStrDescriptor  usbd_desc.o
    0x0800fe2c   0x0800fe2c   0x00000024   Code   RO          900    i.USBD_FS_SerialStrDescriptor  usbd_desc.o
    0x0800fe50   0x0800fe50   0x000000e0   Code   RO         6296    i.USBD_GetDescriptor  usbd_ctlreq.o
    0x0800ff30   0x0800ff30   0x00000046   Code   RO         6297    i.USBD_GetString    usbd_ctlreq.o
    0x0800ff76   0x0800ff76   0x0000002a   Code   RO         6159    i.USBD_Init         usbd_core.o
    0x0800ffa0   0x0800ffa0   0x00000020   Code   RO          718    i.USBD_LL_ClearStallEP  usbd_conf.o
    0x0800ffc0   0x0800ffc0   0x00000020   Code   RO          719    i.USBD_LL_CloseEP   usbd_conf.o
    0x0800ffe0   0x0800ffe0   0x000000aa   Code   RO         6160    i.USBD_LL_DataInStage  usbd_core.o
    0x0801008a   0x0801008a   0x0000006a   Code   RO         6161    i.USBD_LL_DataOutStage  usbd_core.o
    0x080100f4   0x080100f4   0x00000004   Code   RO         6162    i.USBD_LL_DevConnected  usbd_core.o
    0x080100f8   0x080100f8   0x00000016   Code   RO         6163    i.USBD_LL_DevDisconnected  usbd_core.o
    0x0801010e   0x0801010e   0x00000008   Code   RO          723    i.USBD_LL_GetRxDataSize  usbd_conf.o
    0x08010116   0x08010116   0x00000002   PAD
    0x08010118   0x08010118   0x0000007c   Code   RO          724    i.USBD_LL_Init      usbd_conf.o
    0x08010194   0x08010194   0x00000020   Code   RO          725    i.USBD_LL_IsStallEP  usbd_conf.o
    0x080101b4   0x080101b4   0x00000004   Code   RO         6164    i.USBD_LL_IsoINIncomplete  usbd_core.o
    0x080101b8   0x080101b8   0x00000004   Code   RO         6165    i.USBD_LL_IsoOUTIncomplete  usbd_core.o
    0x080101bc   0x080101bc   0x00000026   Code   RO          726    i.USBD_LL_OpenEP    usbd_conf.o
    0x080101e2   0x080101e2   0x00000020   Code   RO          727    i.USBD_LL_PrepareReceive  usbd_conf.o
    0x08010202   0x08010202   0x0000003e   Code   RO         6166    i.USBD_LL_Reset     usbd_core.o
    0x08010240   0x08010240   0x0000000c   Code   RO         6167    i.USBD_LL_Resume    usbd_core.o
    0x0801024c   0x0801024c   0x00000018   Code   RO         6168    i.USBD_LL_SOF       usbd_core.o
    0x08010264   0x08010264   0x00000006   Code   RO         6169    i.USBD_LL_SetSpeed  usbd_core.o
    0x0801026a   0x0801026a   0x00000020   Code   RO          728    i.USBD_LL_SetUSBAddress  usbd_conf.o
    0x0801028a   0x0801028a   0x0000005a   Code   RO         6170    i.USBD_LL_SetupStage  usbd_core.o
    0x080102e4   0x080102e4   0x00000020   Code   RO          729    i.USBD_LL_StallEP   usbd_conf.o
    0x08010304   0x08010304   0x00000020   Code   RO          730    i.USBD_LL_Start     usbd_conf.o
    0x08010324   0x08010324   0x00000012   Code   RO         6171    i.USBD_LL_Suspend   usbd_core.o
    0x08010336   0x08010336   0x00000020   Code   RO          732    i.USBD_LL_Transmit  usbd_conf.o
    0x08010356   0x08010356   0x00000028   Code   RO         6298    i.USBD_ParseSetupRequest  usbd_ctlreq.o
    0x0801037e   0x0801037e   0x00000010   Code   RO         6172    i.USBD_RegisterClass  usbd_core.o
    0x0801038e   0x0801038e   0x00000016   Code   RO         6174    i.USBD_SetClassConfig  usbd_core.o
    0x080103a4   0x080103a4   0x00000074   Code   RO         6299    i.USBD_SetConfig    usbd_ctlreq.o
    0x08010418   0x08010418   0x0000000a   Code   RO         6175    i.USBD_Start        usbd_core.o
    0x08010422   0x08010422   0x000000f2   Code   RO         6300    i.USBD_StdDevReq    usbd_ctlreq.o
    0x08010514   0x08010514   0x000000dc   Code   RO         6301    i.USBD_StdEPReq     usbd_ctlreq.o
    0x080105f0   0x080105f0   0x00000034   Code   RO         6302    i.USBD_StdItfReq    usbd_ctlreq.o
    0x08010624   0x08010624   0x00000080   Code   RO         2626    i.USB_ActivateEndpoint  stm32f4xx_ll_usb.o
    0x080106a4   0x080106a4   0x00000034   Code   RO         2627    i.USB_ActivateSetup  stm32f4xx_ll_usb.o
    0x080106d8   0x080106d8   0x0000006c   Code   RO         2629    i.USB_CoreInit      stm32f4xx_ll_usb.o
    0x08010744   0x08010744   0x00000038   Code   RO         2630    i.USB_CoreReset     stm32f4xx_ll_usb.o
    0x0801077c   0x0801077c   0x000000c8   Code   RO         2632    i.USB_DeactivateEndpoint  stm32f4xx_ll_usb.o
    0x08010844   0x08010844   0x00000018   Code   RO         2633    i.USB_DevConnect    stm32f4xx_ll_usb.o
    0x0801085c   0x0801085c   0x00000018   Code   RO         2634    i.USB_DevDisconnect  stm32f4xx_ll_usb.o
    0x08010874   0x08010874   0x00000140   Code   RO         2635    i.USB_DevInit       stm32f4xx_ll_usb.o
    0x080109b4   0x080109b4   0x0000000c   Code   RO         2636    i.USB_DisableGlobalInt  stm32f4xx_ll_usb.o
    0x080109c0   0x080109c0   0x00000140   Code   RO         2639    i.USB_EP0StartXfer  stm32f4xx_ll_usb.o
    0x08010b00   0x08010b00   0x0000003e   Code   RO         2640    i.USB_EP0_OutStart  stm32f4xx_ll_usb.o
    0x08010b3e   0x08010b3e   0x00000064   Code   RO         2641    i.USB_EPClearStall  stm32f4xx_ll_usb.o
    0x08010ba2   0x08010ba2   0x0000005e   Code   RO         2642    i.USB_EPSetStall    stm32f4xx_ll_usb.o
    0x08010c00   0x08010c00   0x0000021c   Code   RO         2643    i.USB_EPStartXfer   stm32f4xx_ll_usb.o
    0x08010e1c   0x08010e1c   0x0000000c   Code   RO         2644    i.USB_EnableGlobalInt  stm32f4xx_ll_usb.o
    0x08010e28   0x08010e28   0x00000020   Code   RO         2645    i.USB_FlushRxFifo   stm32f4xx_ll_usb.o
    0x08010e48   0x08010e48   0x00000024   Code   RO         2646    i.USB_FlushTxFifo   stm32f4xx_ll_usb.o
    0x08010e6c   0x08010e6c   0x0000003c   Code   RO         2648    i.USB_GetDevSpeed   stm32f4xx_ll_usb.o
    0x08010ea8   0x08010ea8   0x00000008   Code   RO         2650    i.USB_GetMode       stm32f4xx_ll_usb.o
    0x08010eb0   0x08010eb0   0x0000000e   Code   RO         2657    i.USB_ReadDevAllInEpInterrupt  stm32f4xx_ll_usb.o
    0x08010ebe   0x08010ebe   0x0000000e   Code   RO         2658    i.USB_ReadDevAllOutEpInterrupt  stm32f4xx_ll_usb.o
    0x08010ecc   0x08010ecc   0x0000001e   Code   RO         2659    i.USB_ReadDevInEPInterrupt  stm32f4xx_ll_usb.o
    0x08010eea   0x08010eea   0x00000010   Code   RO         2660    i.USB_ReadDevOutEPInterrupt  stm32f4xx_ll_usb.o
    0x08010efa   0x08010efa   0x00000008   Code   RO         2661    i.USB_ReadInterrupts  stm32f4xx_ll_usb.o
    0x08010f02   0x08010f02   0x00000020   Code   RO         2662    i.USB_ReadPacket    stm32f4xx_ll_usb.o
    0x08010f22   0x08010f22   0x0000002c   Code   RO         2664    i.USB_SetCurrentMode  stm32f4xx_ll_usb.o
    0x08010f4e   0x08010f4e   0x00000022   Code   RO         2665    i.USB_SetDevAddress  stm32f4xx_ll_usb.o
    0x08010f70   0x08010f70   0x00000028   Code   RO         2669    i.USB_WritePacket   stm32f4xx_ll_usb.o
    0x08010f98   0x08010f98   0x000000b8   Code   RO         7322    i.UpdateMatrices    levenbergmarquardt.o
    0x08011050   0x08011050   0x00000002   Code   RO         1029    i.UsageFault_Handler  stm32f4xx_it.o
    0x08011052   0x08011052   0x00000002   PAD
    0x08011054   0x08011054   0x000000c4   Code   RO         8929    i.UserControl       usercontrol.o
    0x08011118   0x08011118   0x0000007c   Code   RO        11057    i.VL53L0X_CheckAndLoadInterruptSettings  vl53l0x_api.o
    0x08011194   0x08011194   0x0000004c   Code   RO        11058    i.VL53L0X_ClearInterruptMask  vl53l0x_api.o
    0x080111e0   0x080111e0   0x0000018c   Code   RO        11059    i.VL53L0X_DataInit  vl53l0x_api.o
    0x0801136c   0x0801136c   0x0000002c   Code   RO        12146    i.VL53L0X_FastRead  vl53l0x_platform.o
    0x08011398   0x08011398   0x00000004   Code   RO        11063    i.VL53L0X_GetDeviceInfo  vl53l0x_api.o
    0x0801139c   0x0801139c   0x00000080   Code   RO        11065    i.VL53L0X_GetDeviceParameters  vl53l0x_api.o
    0x0801141c   0x0801141c   0x0000001a   Code   RO        11067    i.VL53L0X_GetFractionEnable  vl53l0x_api.o
    0x08011436   0x08011436   0x00000036   Code   RO        11071    i.VL53L0X_GetInterMeasurementPeriodMilliSeconds  vl53l0x_api.o
    0x0801146c   0x0801146c   0x00000022   Code   RO        11072    i.VL53L0X_GetInterruptMaskStatus  vl53l0x_api.o
    0x0801148e   0x0801148e   0x00000034   Code   RO        11073    i.VL53L0X_GetInterruptThresholds  vl53l0x_api.o
    0x080114c2   0x080114c2   0x00000018   Code   RO        11075    i.VL53L0X_GetLimitCheckEnable  vl53l0x_api.o
    0x080114da   0x080114da   0x00000002   PAD
    0x080114dc   0x080114dc   0x0000007a   Code   RO        11078    i.VL53L0X_GetLimitCheckValue  vl53l0x_api.o
    0x08011556   0x08011556   0x0000003a   Code   RO        11081    i.VL53L0X_GetMeasurementDataReady  vl53l0x_api.o
    0x08011590   0x08011590   0x00000004   Code   RO        11083    i.VL53L0X_GetMeasurementTimingBudgetMicroSeconds  vl53l0x_api.o
    0x08011594   0x08011594   0x00000004   Code   RO        11087    i.VL53L0X_GetOffsetCalibrationDataMicroMeter  vl53l0x_api.o
    0x08011598   0x08011598   0x0000012c   Code   RO        11095    i.VL53L0X_GetRangingMeasurementData  vl53l0x_api.o
    0x080116c4   0x080116c4   0x00000072   Code   RO        11099    i.VL53L0X_GetSequenceStepEnables  vl53l0x_api.o
    0x08011736   0x08011736   0x00000036   Code   RO        11100    i.VL53L0X_GetSequenceStepTimeout  vl53l0x_api.o
    0x0801176c   0x0801176c   0x00000004   Code   RO        11108    i.VL53L0X_GetVcselPulsePeriod  vl53l0x_api.o
    0x08011770   0x08011770   0x0000002c   Code   RO        11110    i.VL53L0X_GetWrapAroundCheckEnable  vl53l0x_api.o
    0x0801179c   0x0801179c   0x0000000a   Code   RO        11111    i.VL53L0X_GetXTalkCompensationEnable  vl53l0x_api.o
    0x080117a6   0x080117a6   0x0000002c   Code   RO        11112    i.VL53L0X_GetXTalkCompensationRateMegaCps  vl53l0x_api.o
    0x080117d2   0x080117d2   0x00000002   PAD
    0x080117d4   0x080117d4   0x00000060   Code   RO        12148    i.VL53L0X_Init      vl53l0x_platform.o
    0x08011834   0x08011834   0x00000022   Code   RO        11117    i.VL53L0X_PerformSingleMeasurement  vl53l0x_api.o
    0x08011856   0x08011856   0x00000034   Code   RO        11118    i.VL53L0X_PerformSingleRangingMeasurement  vl53l0x_api.o
    0x0801188a   0x0801188a   0x00000016   Code   RO        12151    i.VL53L0X_RdByte    vl53l0x_platform.o
    0x080118a0   0x080118a0   0x00000016   Code   RO        12152    i.VL53L0X_RdDWord   vl53l0x_platform.o
    0x080118b6   0x080118b6   0x00000016   Code   RO        12153    i.VL53L0X_RdWord    vl53l0x_platform.o
    0x080118cc   0x080118cc   0x0000001c   Code   RO        12154    i.VL53L0X_ReadMulti  vl53l0x_platform.o
    0x080118e8   0x080118e8   0x00000024   Code   RO        11123    i.VL53L0X_SetDeviceMode  vl53l0x_api.o
    0x0801190c   0x0801190c   0x00000138   Code   RO        11126    i.VL53L0X_SetGpioConfig  vl53l0x_api.o
    0x08011a44   0x08011a44   0x00000082   Code   RO        11131    i.VL53L0X_SetLimitCheckEnable  vl53l0x_api.o
    0x08011ac6   0x08011ac6   0x00000050   Code   RO        11132    i.VL53L0X_SetLimitCheckValue  vl53l0x_api.o
    0x08011b16   0x08011b16   0x00000004   Code   RO        11134    i.VL53L0X_SetMeasurementTimingBudgetMicroSeconds  vl53l0x_api.o
    0x08011b1a   0x08011b1a   0x00000004   Code   RO        11139    i.VL53L0X_SetRefCalibration  vl53l0x_api.o
    0x08011b1e   0x08011b1e   0x00000004   Code   RO        11140    i.VL53L0X_SetReferenceSpads  vl53l0x_api.o
    0x08011b22   0x08011b22   0x000000ae   Code   RO        11141    i.VL53L0X_SetSequenceStepEnable  vl53l0x_api.o
    0x08011bd0   0x08011bd0   0x00000004   Code   RO        11146    i.VL53L0X_SetVcselPulsePeriod  vl53l0x_api.o
    0x08011bd4   0x08011bd4   0x000000d0   Code   RO        11150    i.VL53L0X_StartMeasurement  vl53l0x_api.o
    0x08011ca4   0x08011ca4   0x00000174   Code   RO        11151    i.VL53L0X_StaticInit  vl53l0x_api.o
    0x08011e18   0x08011e18   0x00000042   Code   RO        12156    i.VL53L0X_UpdateByte  vl53l0x_platform.o
    0x08011e5a   0x08011e5a   0x00000016   Code   RO        12157    i.VL53L0X_WrByte    vl53l0x_platform.o
    0x08011e70   0x08011e70   0x00000016   Code   RO        12159    i.VL53L0X_WrWord    vl53l0x_platform.o
    0x08011e86   0x08011e86   0x0000001c   Code   RO        12160    i.VL53L0X_WriteMulti  vl53l0x_platform.o
    0x08011ea2   0x08011ea2   0x00000002   PAD
    0x08011ea4   0x08011ea4   0x000000d8   Code   RO        11837    i.VL53L0X_calc_dmax  vl53l0x_api_core.o
    0x08011f7c   0x08011f7c   0x00000010   Code   RO        11838    i.VL53L0X_calc_macro_period_ps  vl53l0x_api_core.o
    0x08011f8c   0x08011f8c   0x000001ec   Code   RO        11839    i.VL53L0X_calc_sigma_estimate  vl53l0x_api_core.o
    0x08012178   0x08012178   0x00000022   Code   RO        11840    i.VL53L0X_calc_timeout_mclks  vl53l0x_api_core.o
    0x0801219a   0x0801219a   0x00000022   Code   RO        11841    i.VL53L0X_calc_timeout_us  vl53l0x_api_core.o
    0x080121bc   0x080121bc   0x0000003c   Code   RO        12014    i.VL53L0X_check_part_used  vl53l0x_api_strings.o
    0x080121f8   0x080121f8   0x0000000c   Code   RO        11842    i.VL53L0X_decode_timeout  vl53l0x_api_core.o
    0x08012204   0x08012204   0x00000008   Code   RO        11843    i.VL53L0X_decode_vcsel_period  vl53l0x_api_core.o
    0x0801220c   0x0801220c   0x00000046   Code   RO        11844    i.VL53L0X_device_read_strobe  vl53l0x_api_core.o
    0x08012252   0x08012252   0x0000001e   Code   RO        11845    i.VL53L0X_encode_timeout  vl53l0x_api_core.o
    0x08012270   0x08012270   0x0000000a   Code   RO        11846    i.VL53L0X_encode_vcsel_period  vl53l0x_api_core.o
    0x0801227a   0x0801227a   0x00000002   PAD
    0x0801227c   0x0801227c   0x000000b0   Code   RO        12016    i.VL53L0X_get_device_info  vl53l0x_api_strings.o
    0x0801232c   0x0801232c   0x0000051e   Code   RO        11847    i.VL53L0X_get_info_from_device  vl53l0x_api_core.o
    0x0801284a   0x0801284a   0x000000c4   Code   RO        11848    i.VL53L0X_get_measurement_timing_budget_micro_seconds  vl53l0x_api_core.o
    0x0801290e   0x0801290e   0x00000034   Code   RO        11682    i.VL53L0X_get_offset_calibration_data_micro_meter  vl53l0x_api_calibration.o
    0x08012942   0x08012942   0x00000002   PAD
    0x08012944   0x08012944   0x000001de   Code   RO        11849    i.VL53L0X_get_pal_range_status  vl53l0x_api_core.o
    0x08012b22   0x08012b22   0x0000001c   Code   RO        11850    i.VL53L0X_get_total_signal_rate  vl53l0x_api_core.o
    0x08012b3e   0x08012b3e   0x0000002e   Code   RO        11851    i.VL53L0X_get_total_xtalk_rate  vl53l0x_api_core.o
    0x08012b6c   0x08012b6c   0x00000030   Code   RO        11852    i.VL53L0X_get_vcsel_pulse_period  vl53l0x_api_core.o
    0x08012b9c   0x08012b9c   0x0000002a   Code   RO        11853    i.VL53L0X_isqrt     vl53l0x_api_core.o
    0x08012bc6   0x08012bc6   0x00000002   PAD
    0x08012bc8   0x08012bc8   0x000000a4   Code   RO        11854    i.VL53L0X_load_tuning_settings  vl53l0x_api_core.o
    0x08012c6c   0x08012c6c   0x0000002a   Code   RO        11855    i.VL53L0X_measurement_poll_for_completion  vl53l0x_api_core.o
    0x08012c96   0x08012c96   0x00000074   Code   RO        11686    i.VL53L0X_perform_phase_calibration  vl53l0x_api_calibration.o
    0x08012d0a   0x08012d0a   0x00000040   Code   RO        11687    i.VL53L0X_perform_ref_calibration  vl53l0x_api_calibration.o
    0x08012d4a   0x08012d4a   0x0000021c   Code   RO        11688    i.VL53L0X_perform_ref_spad_management  vl53l0x_api_calibration.o
    0x08012f66   0x08012f66   0x00000038   Code   RO        11689    i.VL53L0X_perform_single_ref_calibration  vl53l0x_api_calibration.o
    0x08012f9e   0x08012f9e   0x00000074   Code   RO        11690    i.VL53L0X_perform_vhv_calibration  vl53l0x_api_calibration.o
    0x08013012   0x08013012   0x00000006   Code   RO        12080    i.VL53L0X_read_byte  vl53l0x_i2c.o
    0x08013018   0x08013018   0x0000002c   Code   RO        12081    i.VL53L0X_read_dword  vl53l0x_i2c.o
    0x08013044   0x08013044   0x00000044   Code   RO        12082    i.VL53L0X_read_multi  vl53l0x_i2c.o
    0x08013088   0x08013088   0x0000001c   Code   RO        12083    i.VL53L0X_read_word  vl53l0x_i2c.o
    0x080130a4   0x080130a4   0x000000b2   Code   RO        11692    i.VL53L0X_ref_calibration_io  vl53l0x_api_calibration.o
    0x08013156   0x08013156   0x000000c2   Code   RO        11858    i.VL53L0X_set_measurement_timing_budget_micro_seconds  vl53l0x_api_core.o
    0x08013218   0x08013218   0x00000020   Code   RO        11694    i.VL53L0X_set_ref_calibration  vl53l0x_api_calibration.o
    0x08013238   0x08013238   0x000000a6   Code   RO        11695    i.VL53L0X_set_reference_spads  vl53l0x_api_calibration.o
    0x080132de   0x080132de   0x00000220   Code   RO        11859    i.VL53L0X_set_vcsel_pulse_period  vl53l0x_api_core.o
    0x080134fe   0x080134fe   0x0000000c   Code   RO        12084    i.VL53L0X_write_byte  vl53l0x_i2c.o
    0x0801350a   0x0801350a   0x00000002   PAD
    0x0801350c   0x0801350c   0x00000028   Code   RO        12086    i.VL53L0X_write_multi  vl53l0x_i2c.o
    0x08013534   0x08013534   0x00000038   Code   RO        12087    i.VL53L0X_write_word  vl53l0x_i2c.o
    0x0801356c   0x0801356c   0x0000000e   Code   RO         7637    i.Vector3f_Add      vector3.o
    0x0801357a   0x0801357a   0x00000032   Code   RO         7638    i.Vector3f_Normalize  vector3.o
    0x080135ac   0x080135ac   0x0000000e   Code   RO         7639    i.Vector3f_Sub      vector3.o
    0x080135ba   0x080135ba   0x00000022   Code   RO         7641    i.VectorCrossProduct  vector3.o
    0x080135dc   0x080135dc   0x00000040   Code   RO         7642    i.VectorRotateToBodyFrame  vector3.o
    0x0801361c   0x0801361c   0x00000040   Code   RO         7643    i.VectorRotateToEarthFrame  vector3.o
    0x0801365c   0x0801365c   0x00000354   Code   RO         7943    i.VelocityEstimate  navigation.o
    0x080139b0   0x080139b0   0x0000006c   Code   RO         8978    i.WaypointControl   waypointcontrol.o
    0x08013a1c   0x08013a1c   0x00000110   Code   RO         6707    i.WindEstimate      flightstatus.o
    0x08013b2c   0x08013b2c   0x0000002c   Code   RO         7386    i.WrapDegree360     mathtool.o
    0x08013b58   0x08013b58   0x000000a8   Code   RO         8930    i.YawControl        usercontrol.o
    0x08013c00   0x08013c00   0x00000002   Code   RO            6    i._Error_Handler    main.o
    0x08013c02   0x08013c02   0x00000030   Code   RO        12444    i.__ARM_fpclassify  m_wm.l(fpclassify.o)
    0x08013c32   0x08013c32   0x00000026   Code   RO        12446    i.__ARM_fpclassifyf  m_wm.l(fpclassifyf.o)
    0x08013c58   0x08013c58   0x0000000c   Code   RO         9749    i.__ARM_isnanf      accelerometer.o
    0x08013c64   0x08013c64   0x0000000c   Code   RO        10051    i.__ARM_isnanf      gyroscope.o
    0x08013c70   0x08013c70   0x0000000c   Code   RO        10130    i.__ARM_isnanf      magnetometer.o
    0x08013c7c   0x08013c7c   0x0000012c   Code   RO        12268    i.__hardfp_asinf    m_wm.l(asinf.o)
    0x08013da8   0x08013da8   0x00000250   Code   RO        12280    i.__hardfp_atan2f   m_wm.l(atan2f.o)
    0x08013ff8   0x08013ff8   0x00000150   Code   RO        12292    i.__hardfp_cosf     m_wm.l(cosf.o)
    0x08014148   0x08014148   0x00000070   Code   RO        12304    i.__hardfp_floorf   m_wm.l(floorf.o)
    0x080141b8   0x080141b8   0x00000c50   Code   RO        12310    i.__hardfp_pow      m_wm.l(pow.o)
    0x08014e08   0x08014e08   0x00000190   Code   RO        12324    i.__hardfp_sinf     m_wm.l(sinf.o)
    0x08014f98   0x08014f98   0x0000003a   Code   RO        12336    i.__hardfp_sqrtf    m_wm.l(sqrtf.o)
    0x08014fd2   0x08014fd2   0x000000f8   Code   RO        12462    i.__kernel_poly     m_wm.l(poly.o)
    0x080150ca   0x080150ca   0x00000006   PAD
    0x080150d0   0x080150d0   0x00000030   Code   RO        12424    i.__mathlib_dbl_divzero  m_wm.l(dunder.o)
    0x08015100   0x08015100   0x00000014   Code   RO        12426    i.__mathlib_dbl_infnan2  m_wm.l(dunder.o)
    0x08015114   0x08015114   0x00000004   PAD
    0x08015118   0x08015118   0x00000020   Code   RO        12427    i.__mathlib_dbl_invalid  m_wm.l(dunder.o)
    0x08015138   0x08015138   0x00000020   Code   RO        12428    i.__mathlib_dbl_overflow  m_wm.l(dunder.o)
    0x08015158   0x08015158   0x00000020   Code   RO        12430    i.__mathlib_dbl_underflow  m_wm.l(dunder.o)
    0x08015178   0x08015178   0x00000006   Code   RO        12449    i.__mathlib_flt_infnan  m_wm.l(funder.o)
    0x0801517e   0x0801517e   0x00000006   Code   RO        12450    i.__mathlib_flt_infnan2  m_wm.l(funder.o)
    0x08015184   0x08015184   0x00000010   Code   RO        12451    i.__mathlib_flt_invalid  m_wm.l(funder.o)
    0x08015194   0x08015194   0x00000010   Code   RO        12454    i.__mathlib_flt_underflow  m_wm.l(funder.o)
    0x080151a4   0x080151a4   0x00000154   Code   RO        12465    i.__mathlib_rredf2  m_wm.l(rredf.o)
    0x080152f8   0x080152f8   0x0000000e   Code   RO        12522    i.__scatterload_copy  mc_w.l(handlers.o)
    0x08015306   0x08015306   0x00000002   Code   RO        12523    i.__scatterload_null  mc_w.l(handlers.o)
    0x08015308   0x08015308   0x0000000e   Code   RO        12524    i.__scatterload_zeroinit  mc_w.l(handlers.o)
    0x08015316   0x08015316   0x00000002   PAD
    0x08015318   0x08015318   0x0000000c   Code   RO        12504    i.__set_errno       mc_w.l(errno.o)
    0x08015324   0x08015324   0x00000024   Code   RO        10312    i.ak8975Detect      ak8975.o
    0x08015348   0x08015348   0x00000008   Code   RO        10313    i.ak8975Init        ak8975.o
    0x08015350   0x08015350   0x00000088   Code   RO        10314    i.ak8975Read        ak8975.o
    0x080153d8   0x080153d8   0x00000030   Code   RO        10315    i.ak8975Update      ak8975.o
    0x08015408   0x08015408   0x00000012   Code   RO         6564    i.boardInit         board.o
    0x0801541a   0x0801541a   0x00000002   PAD
    0x0801541c   0x0801541c   0x0000012c   Code   RO         7241    i.compassGetDeclination  declination.o
    0x08015548   0x08015548   0x0000001c   Code   RO         9416    i.crc_accumulate    mavlinksend.o
    0x08015564   0x08015564   0x00000094   Code   RO        11697    i.enable_ref_spads  vl53l0x_api_calibration.o
    0x080155f8   0x080155f8   0x0000002a   Code   RO        11698    i.enable_spad_bit   vl53l0x_api_calibration.o
    0x08015622   0x08015622   0x00000018   Code   RO        12440    i.fabs              m_wm.l(fabs.o)
    0x0801563a   0x0801563a   0x00000002   PAD
    0x0801563c   0x0801563c   0x000000b8   Code   RO        10806    i.flashInit         w25qxx.o
    0x080156f4   0x080156f4   0x00000050   Code   RO        12372    i.free              mc_w.l(malloc.o)
    0x08015744   0x08015744   0x0000000c   Code   RO        10881    i.getDutyFromPwmIn  pwmin.o
    0x08015750   0x08015750   0x00000004   Code   RO         6565    i.getSysTimeMs      board.o
    0x08015754   0x08015754   0x00000032   Code   RO         6566    i.getSysTimeUs      board.o
    0x08015786   0x08015786   0x0000005c   Code   RO        11699    i.get_next_good_spad  vl53l0x_api_calibration.o
    0x080157e2   0x080157e2   0x0000000a   Code   RO        11700    i.get_ref_spad_map  vl53l0x_api_calibration.o
    0x080157ec   0x080157ec   0x000000f2   Code   RO        11860    i.get_sequence_step_timeout  vl53l0x_api_core.o
    0x080158de   0x080158de   0x0000000c   Code   RO         2002    i.inHandlerMode     cmsis_os.o
    0x080158ea   0x080158ea   0x0000004e   Code   RO        10413    i.invSensorDetect   icm20689.o
    0x08015938   0x08015938   0x000000c6   Code   RO        10414    i.invSensorInit     icm20689.o
    0x080159fe   0x080159fe   0x00000002   PAD
    0x08015a00   0x08015a00   0x00000018   Code   RO        10415    i.invSensorRead     icm20689.o
    0x08015a18   0x08015a18   0x00000054   Code   RO        10416    i.invSensorReadAccel  icm20689.o
    0x08015a6c   0x08015a6c   0x00000054   Code   RO        10417    i.invSensorReadGyro  icm20689.o
    0x08015ac0   0x08015ac0   0x00000038   Code   RO        10418    i.invSensorReadTemperature  icm20689.o
    0x08015af8   0x08015af8   0x00000018   Code   RO        11701    i.is_aperture       vl53l0x_api_calibration.o
    0x08015b10   0x08015b10   0x0000003e   Code   RO            7    i.main              main.o
    0x08015b4e   0x08015b4e   0x0000000c   Code   RO         2004    i.makeFreeRtosPriority  cmsis_os.o
    0x08015b5a   0x08015b5a   0x00000002   PAD
    0x08015b5c   0x08015b5c   0x0000006c   Code   RO        12373    i.malloc            mc_w.l(malloc.o)
    0x08015bc8   0x08015bc8   0x0000000c   Code   RO         9417    i.mav_array_memcpy  mavlinksend.o
    0x08015bd4   0x08015bd4   0x00000090   Code   RO         9418    i.mavlink_finalize_message_chan  mavlinksend.o
    0x08015c64   0x08015c64   0x00000158   Code   RO         9234    i.mavlink_frame_char_buffer  mavlinkdecode.o
    0x08015dbc   0x08015dbc   0x00000158   Code   RO         9648    i.mavlink_frame_char_buffer  message.o
    0x08015f14   0x08015f14   0x0000007a   Code   RO         9419    i.mavlink_msg_mission_item_encode  mavlinksend.o
    0x08015f8e   0x08015f8e   0x000000b4   Code   RO         9420    i.mavlink_msg_rc_channels_pack  mavlinksend.o
    0x08016042   0x08016042   0x00000026   Code   RO         9421    i.mavlink_msg_to_send_buffer  mavlinksend.o
    0x08016068   0x08016068   0x0000001c   Code   RO         9235    i.mavlink_update_checksum  mavlinkdecode.o
    0x08016084   0x08016084   0x0000001c   Code   RO         9649    i.mavlink_update_checksum  message.o
    0x080160a0   0x080160a0   0x0000002c   Code   RO         8749    i.motorPwnSet       motor.o
    0x080160cc   0x080160cc   0x0000000e   Code   RO         2006    i.osDelay           cmsis_os.o
    0x080160da   0x080160da   0x00000004   Code   RO         6567    i.osDelayMs         board.o
    0x080160de   0x080160de   0x0000000e   Code   RO         2007    i.osDelayUntil      cmsis_os.o
    0x080160ec   0x080160ec   0x0000000a   Code   RO         2009    i.osKernelStart     cmsis_os.o
    0x080160f6   0x080160f6   0x00000018   Code   RO         2010    i.osKernelSysTick   cmsis_os.o
    0x0801610e   0x0801610e   0x00000008   Code   RO         2018    i.osMessageCreate   cmsis_os.o
    0x08016116   0x08016116   0x00000014   Code   RO         2042    i.osSystickHandler  cmsis_os.o
    0x0801612a   0x0801612a   0x0000002e   Code   RO         2043    i.osThreadCreate    cmsis_os.o
    0x08016158   0x08016158   0x00000012   Code   RO         2048    i.osThreadResumeAll  cmsis_os.o
    0x0801616a   0x0801616a   0x0000000a   Code   RO         2051    i.osThreadSuspendAll  cmsis_os.o
    0x08016174   0x08016174   0x00000064   Code   RO        11702    i.perform_ref_signal_measurement  vl53l0x_api_calibration.o
    0x080161d8   0x080161d8   0x00000070   Code   RO         1599    i.prvAddCurrentTaskToDelayedList  tasks.o
    0x08016248   0x08016248   0x000000d0   Code   RO         1600    i.prvAddNewTaskToReadyList  tasks.o
    0x08016318   0x08016318   0x00000050   Code   RO         1897    i.prvCheckForValidListAndQueue  timers.o
    0x08016368   0x08016368   0x00000050   Code   RO         1601    i.prvCheckTasksWaitingTermination  tasks.o
    0x080163b8   0x080163b8   0x00000026   Code   RO         1453    i.prvCopyDataFromQueue  queue.o
    0x080163de   0x080163de   0x0000006c   Code   RO         1454    i.prvCopyDataToQueue  queue.o
    0x0801644a   0x0801644a   0x00000014   Code   RO         1602    i.prvDeleteTCB      tasks.o
    0x0801645e   0x0801645e   0x00000002   PAD
    0x08016460   0x08016460   0x0000004c   Code   RO         1180    i.prvHeapInit       heap_4.o
    0x080164ac   0x080164ac   0x00000028   Code   RO         1603    i.prvIdleTask       tasks.o
    0x080164d4   0x080164d4   0x0000009c   Code   RO         1604    i.prvInitialiseNewTask  tasks.o
    0x08016570   0x08016570   0x0000004c   Code   RO         1181    i.prvInsertBlockIntoFreeList  heap_4.o
    0x080165bc   0x080165bc   0x00000038   Code   RO         1898    i.prvInsertTimerInActiveList  timers.o
    0x080165f4   0x080165f4   0x0000001c   Code   RO         1455    i.prvIsQueueEmpty   queue.o
    0x08016610   0x08016610   0x000000b8   Code   RO         1899    i.prvProcessReceivedCommands  timers.o
    0x080166c8   0x080166c8   0x000000b4   Code   RO         1900    i.prvProcessTimerOrBlockTask  timers.o
    0x0801677c   0x0801677c   0x00000020   Code   RO         1605    i.prvResetNextTaskUnblockTime  tasks.o
    0x0801679c   0x0801679c   0x00000028   Code   RO         1901    i.prvSampleTimeNow  timers.o
    0x080167c4   0x080167c4   0x0000006c   Code   RO         1902    i.prvSwitchTimerLists  timers.o
    0x08016830   0x08016830   0x00000028   Code   RO         1251    i.prvTaskExitError  port.o
    0x08016858   0x08016858   0x00000024   Code   RO         1903    i.prvTimerTask      timers.o
    0x0801687c   0x0801687c   0x0000006a   Code   RO         1456    i.prvUnlockQueue    queue.o
    0x080168e6   0x080168e6   0x00000002   PAD
    0x080168e8   0x080168e8   0x000000d8   Code   RO         1182    i.pvPortMalloc      heap_4.o
    0x080169c0   0x080169c0   0x00000018   Code   RO         1607    i.pvTaskIncrementMutexHeldCount  tasks.o
    0x080169d8   0x080169d8   0x00000064   Code   RO        10882    i.pwmInInit         pwmin.o
    0x08016a3c   0x08016a3c   0x0000002c   Code   RO         1252    i.pxPortInitialiseStack  port.o
    0x08016a68   0x08016a68   0x00000038   Code   RO        11155    i.sequence_step_enabled  vl53l0x_api.o
    0x08016aa0   0x08016aa0   0x0000000a   Code   RO        11703    i.set_ref_spad_map  vl53l0x_api_calibration.o
    0x08016aaa   0x08016aaa   0x00000104   Code   RO        11861    i.set_sequence_step_timeout  vl53l0x_api_core.o
    0x08016bae   0x08016bae   0x00000002   PAD
    0x08016bb0   0x08016bb0   0x00000058   Code   RO        10419    i.spiReadInvSensor  icm20689.o
    0x08016c08   0x08016c08   0x00000058   Code   RO        10316    i.spiReadMag        ak8975.o
    0x08016c60   0x08016c60   0x00000048   Code   RO        10420    i.spiWriteInvSensor  icm20689.o
    0x08016ca8   0x08016ca8   0x00000048   Code   RO        10317    i.spiWriteMag       ak8975.o
    0x08016cf0   0x08016cf0   0x00000028   Code   RO        10588    i.spl0601Detect     spl06.o
    0x08016d18   0x08016d18   0x00000120   Code   RO        10589    i.spl0601GetCalibrationParamters  spl06.o
    0x08016e38   0x08016e38   0x000000a0   Code   RO        10590    i.spl0601GetPressure  spl06.o
    0x08016ed8   0x08016ed8   0x00000038   Code   RO        10591    i.spl0601GetRawPressure  spl06.o
    0x08016f10   0x08016f10   0x00000038   Code   RO        10592    i.spl0601GetRawTemperature  spl06.o
    0x08016f48   0x08016f48   0x00000070   Code   RO        10593    i.spl0601GetTemperature  spl06.o
    0x08016fb8   0x08016fb8   0x00000044   Code   RO        10594    i.spl0601Init       spl06.o
    0x08016ffc   0x08016ffc   0x000000fc   Code   RO        10595    i.spl0601RateSet    spl06.o
    0x080170f8   0x080170f8   0x00000014   Code   RO        10596    i.spl0601Read       spl06.o
    0x0801710c   0x0801710c   0x0000001c   Code   RO        10597    i.spl0601ReadTemperature  spl06.o
    0x08017128   0x08017128   0x0000000a   Code   RO        10598    i.spl0601StartContinuous  spl06.o
    0x08017132   0x08017132   0x00000002   PAD
    0x08017134   0x08017134   0x000000c8   Code   RO        10601    i.spl0601Update     spl06.o
    0x080171fc   0x080171fc   0x00000050   Code   RO        10602    i.spl06Read         spl06.o
    0x0801724c   0x0801724c   0x00000048   Code   RO        10603    i.spl06Write        spl06.o
    0x08017294   0x08017294   0x0000006e   Code   RO        12470    i.sqrt              m_wm.l(sqrt.o)
    0x08017302   0x08017302   0x0000003e   Code   RO        12338    i.sqrtf             m_wm.l(sqrtf.o)
    0x08017340   0x08017340   0x00000078   Code   RO         6925    i.startFlightControlTask  controltask.o
    0x080173b8   0x080173b8   0x0000002a   Code   RO         7125    i.startFlightStatusTask  navigationtask.o
    0x080173e2   0x080173e2   0x00000002   PAD
    0x080173e4   0x080173e4   0x000000c0   Code   RO         7184    i.startImuDataPreTreatTask  sensortask.o
    0x080174a4   0x080174a4   0x00000074   Code   RO         7063    i.startImuSensorReadTask  moduletask.o
    0x08017518   0x08017518   0x00000038   Code   RO          317    i.startMainTask     freertos.o
    0x08017550   0x08017550   0x0000007c   Code   RO         7012    i.startMessageTask  messagetask.o
    0x080175cc   0x080175cc   0x00000098   Code   RO         7126    i.startNavigationTask  navigationtask.o
    0x08017664   0x08017664   0x0000005c   Code   RO         7185    i.startOtherSensorTask  sensortask.o
    0x080176c0   0x080176c0   0x00000078   Code   RO         7064    i.startSensorUpdateTask  moduletask.o
    0x08017738   0x08017738   0x00000138   Code   RO        10707    i.ubloxDecode       ublox.o
    0x08017870   0x08017870   0x00000060   Code   RO        10708    i.ubloxEnableMessage  ublox.o
    0x080178d0   0x080178d0   0x0000000c   Code   RO        10709    i.ubloxGetData      ublox.o
    0x080178dc   0x080178dc   0x000000b0   Code   RO        10710    i.ubloxInit         ublox.o
    0x0801798c   0x0801798c   0x0000025c   Code   RO        10711    i.ubloxPayloadDecode  ublox.o
    0x08017be8   0x08017be8   0x00000088   Code   RO        10712    i.ubloxSaveConfig   ublox.o
    0x08017c70   0x08017c70   0x00000014   Code   RO        10713    i.ubloxSendData     ublox.o
    0x08017c84   0x08017c84   0x000000b2   Code   RO        10714    i.ubloxSetPrt       ublox.o
    0x08017d36   0x08017d36   0x0000006e   Code   RO        10715    i.ubloxSetRate      ublox.o
    0x08017da4   0x08017da4   0x00000060   Code   RO        10716    i.usartForUbloxOpen  ublox.o
    0x08017e04   0x08017e04   0x00000024   Code   RO         1416    i.uxListRemove      list.o
    0x08017e28   0x08017e28   0x00000016   Code   RO         1417    i.vListInitialise   list.o
    0x08017e3e   0x08017e3e   0x00000006   Code   RO         1418    i.vListInitialiseItem  list.o
    0x08017e44   0x08017e44   0x00000030   Code   RO         1419    i.vListInsert       list.o
    0x08017e74   0x08017e74   0x00000018   Code   RO         1420    i.vListInsertEnd    list.o
    0x08017e8c   0x08017e8c   0x00000040   Code   RO         1254    i.vPortEnterCritical  port.o
    0x08017ecc   0x08017ecc   0x00000028   Code   RO         1255    i.vPortExitCritical  port.o
    0x08017ef4   0x08017ef4   0x0000005c   Code   RO         1183    i.vPortFree         heap_4.o
    0x08017f50   0x08017f50   0x00000020   Code   RO         1256    i.vPortSetupTimerInterrupt  port.o
    0x08017f70   0x08017f70   0x00000054   Code   RO         1257    i.vPortValidateInterruptPriority  port.o
    0x08017fc4   0x08017fc4   0x00000028   Code   RO         1460    i.vQueueAddToRegistry  queue.o
    0x08017fec   0x08017fec   0x00000044   Code   RO         1463    i.vQueueWaitForMessageRestricted  queue.o
    0x08018030   0x08018030   0x0000004c   Code   RO         1614    i.vTaskDelay        tasks.o
    0x0801807c   0x0801807c   0x0000008c   Code   RO         1615    i.vTaskDelayUntil   tasks.o
    0x08018108   0x08018108   0x0000000c   Code   RO         1618    i.vTaskMissedYield  tasks.o
    0x08018114   0x08018114   0x00000030   Code   RO         1620    i.vTaskPlaceOnEventList  tasks.o
    0x08018144   0x08018144   0x00000038   Code   RO         1621    i.vTaskPlaceOnEventListRestricted  tasks.o
    0x0801817c   0x0801817c   0x00000084   Code   RO         1623    i.vTaskPriorityInherit  tasks.o
    0x08018200   0x08018200   0x00000024   Code   RO         1626    i.vTaskSetTimeOutState  tasks.o
    0x08018224   0x08018224   0x00000070   Code   RO         1627    i.vTaskStartScheduler  tasks.o
    0x08018294   0x08018294   0x00000010   Code   RO         1629    i.vTaskSuspendAll   tasks.o
    0x080182a4   0x080182a4   0x0000005c   Code   RO         1630    i.vTaskSwitchContext  tasks.o
    0x08018300   0x08018300   0x00000024   Code   RO        11005    i.vl53l0xInit       vl53l0x.o
    0x08018324   0x08018324   0x00000018   Code   RO        11006    i.vl53l0xRead       vl53l0x.o
    0x0801833c   0x0801833c   0x000000a6   Code   RO        12161    i.vl53l0x_measure_init  vl53l0x_platform.o
    0x080183e2   0x080183e2   0x00000002   PAD
    0x080183e4   0x080183e4   0x000000e0   Code   RO         1258    i.xPortStartScheduler  port.o
    0x080184c4   0x080184c4   0x0000002c   Code   RO         1259    i.xPortSysTickHandler  port.o
    0x080184f0   0x080184f0   0x00000048   Code   RO         1465    i.xQueueGenericCreate  queue.o
    0x08018538   0x08018538   0x0000016c   Code   RO         1466    i.xQueueGenericReceive  queue.o
    0x080186a4   0x080186a4   0x00000088   Code   RO         1467    i.xQueueGenericReset  queue.o
    0x0801872c   0x0801872c   0x00000160   Code   RO         1468    i.xQueueGenericSend  queue.o
    0x0801888c   0x0801888c   0x000000bc   Code   RO         1469    i.xQueueGenericSendFromISR  queue.o
    0x08018948   0x08018948   0x0000006c   Code   RO         1631    i.xTaskCheckForTimeOut  tasks.o
    0x080189b4   0x080189b4   0x00000056   Code   RO         1632    i.xTaskCreate       tasks.o
    0x08018a0a   0x08018a0a   0x00000002   PAD
    0x08018a0c   0x08018a0c   0x0000001c   Code   RO         1636    i.xTaskGetSchedulerState  tasks.o
    0x08018a28   0x08018a28   0x0000000c   Code   RO         1637    i.xTaskGetTickCount  tasks.o
    0x08018a34   0x08018a34   0x00000010   Code   RO         1638    i.xTaskGetTickCountFromISR  tasks.o
    0x08018a44   0x08018a44   0x000000c8   Code   RO         1639    i.xTaskIncrementTick  tasks.o
    0x08018b0c   0x08018b0c   0x00000098   Code   RO         1642    i.xTaskPriorityDisinherit  tasks.o
    0x08018ba4   0x08018ba4   0x00000078   Code   RO         1643    i.xTaskRemoveFromEventList  tasks.o
    0x08018c1c   0x08018c1c   0x000000c4   Code   RO         1645    i.xTaskResumeAll    tasks.o
    0x08018ce0   0x08018ce0   0x00000048   Code   RO         1907    i.xTimerCreateTimerTask  timers.o
    0x08018d28   0x08018d28   0x00000060   Code   RO         1908    i.xTimerGenericCommand  timers.o
    0x08018d88   0x08018d88   0x00000014   Data   RO          318    .constdata          freertos.o
    0x08018d9c   0x08018d9c   0x00000010   Data   RO         6528    .constdata          system_stm32f4xx.o
    0x08018dac   0x08018dac   0x00000008   Data   RO         6529    .constdata          system_stm32f4xx.o
    0x08018db4   0x08018db4   0x00000014   Data   RO         6926    .constdata          controltask.o
    0x08018dc8   0x08018dc8   0x00000030   Data   RO         6981    .constdata          messagequeue.o
    0x08018df8   0x08018df8   0x00000014   Data   RO         7013    .constdata          messagetask.o
    0x08018e0c   0x08018e0c   0x00000028   Data   RO         7065    .constdata          moduletask.o
    0x08018e34   0x08018e34   0x00000028   Data   RO         7127    .constdata          navigationtask.o
    0x08018e5c   0x08018e5c   0x00000028   Data   RO         7186    .constdata          sensortask.o
    0x08018e84   0x08018e84   0x000007d0   Data   RO         7242    .constdata          declination.o
    0x08019654   0x08019654   0x00000168   Data   RO         7742    .constdata          ahrs.o
    0x080197bc   0x080197bc   0x000000b4   Data   RO         7870    .constdata          ahrsaux.o
    0x08019870   0x08019870   0x000001b0   Data   RO         7945    .constdata          navigation.o
    0x08019a20   0x08019a20   0x00000084   Data   RO         8751    .constdata          motor.o
    0x08019aa4   0x08019aa4   0x00000100   Data   RO         9237    .constdata          mavlinkdecode.o
    0x08019ba4   0x08019ba4   0x000001a8   Data   RO         9302    .constdata          mavlinknotice.o
    0x08019d4c   0x08019d4c   0x00000100   Data   RO         9652    .constdata          message.o
    0x08019e4c   0x08019e4c   0x00000014   Data   RO        10718    .constdata          ublox.o
    0x08019e60   0x08019e60   0x00000088   Data   RO        12313    .constdata          m_wm.l(pow.o)
    0x08019ee8   0x08019ee8   0x00000008   Data   RO        12464    .constdata          m_wm.l(qnan.o)
    0x08019ef0   0x08019ef0   0x00000020   Data   RO        12466    .constdata          m_wm.l(rredf.o)
    0x08019f10   0x08019f10   0x00000009   Data   RO          319    .conststring        freertos.o
    0x08019f19   0x08019f19   0x00000003   PAD
    0x08019f1c   0x08019f1c   0x0000000e   Data   RO         6927    .conststring        controltask.o
    0x08019f2a   0x08019f2a   0x00000002   PAD
    0x08019f2c   0x08019f2c   0x00000008   Data   RO         7014    .conststring        messagetask.o
    0x08019f34   0x08019f34   0x0000001d   Data   RO         7066    .conststring        moduletask.o
    0x08019f51   0x08019f51   0x00000003   PAD
    0x08019f54   0x08019f54   0x00000019   Data   RO         7128    .conststring        navigationtask.o
    0x08019f6d   0x08019f6d   0x00000003   PAD
    0x08019f70   0x08019f70   0x0000001c   Data   RO         7187    .conststring        sensortask.o
    0x08019f8c   0x08019f8c   0x00000616   Data   RO         9303    .conststring        mavlinknotice.o
    0x0801a5a2   0x0801a5a2   0x00000002   PAD
    0x0801a5a4   0x0801a5a4   0x00000d5b   Data   RO         9329    .conststring        mavlinkparam.o
    0x0801b2ff   0x0801b2ff   0x00000001   PAD
    0x0801b300   0x0801b300   0x00000020   Data   RO        12520    Region$$Table       anon$$obj.o


    Execution Region RW_IRAM1 (Exec base: 0x20000000, Load base: 0x0801b320, Size: 0x0000e2f0, Max: 0x00020000, ABSOLUTE, COMPRESSED[0x000006bc])

    Exec Addr    Load Addr    Size         Type   Attr      Idx    E Section Name        Object

    0x20000000   COMPRESSED   0x00000004   Data   RW          320    .data               freertos.o
    0x20000004   COMPRESSED   0x0000001c   Data   RW          902    .data               usbd_desc.o
    0x20000020   COMPRESSED   0x00000016   Data   RW          903    .data               usbd_desc.o
    0x20000036   COMPRESSED   0x00000002   PAD
    0x20000038   COMPRESSED   0x00000010   Data   RW          968    .data               usbd_cdc_if.o
    0x20000048   COMPRESSED   0x00000018   Data   RW         1188    .data               heap_4.o
    0x20000060   COMPRESSED   0x0000000c   Data   RW         1260    .data               port.o
    0x2000006c   COMPRESSED   0x0000003c   Data   RW         1648    .data               tasks.o
    0x200000a8   COMPRESSED   0x00000014   Data   RW         1914    .data               timers.o
    0x200000bc   COMPRESSED   0x0000000c   Data   RW         6011    .data               stm32f4xx_hal.o
    0x200000c8   COMPRESSED   0x00000001   Data   RW         6303    .data               usbd_ctlreq.o
    0x200000c9   COMPRESSED   0x00000003   PAD
    0x200000cc   COMPRESSED   0x000000db   Data   RW         6435    .data               usbd_cdc.o
    0x200001a7   COMPRESSED   0x00000001   PAD
    0x200001a8   COMPRESSED   0x00000038   Data   RW         6436    .data               usbd_cdc.o
    0x200001e0   COMPRESSED   0x00000004   Data   RW         6530    .data               system_stm32f4xx.o
    0x200001e4   COMPRESSED   0x00000004   PAD
    0x200001e8   COMPRESSED   0x00000028   Data   RW         6709    .data               flightstatus.o
    0x20000210   COMPRESSED   0x00000004   Data   RW         6877    .data               parameter.o
    0x20000214   COMPRESSED   0x00000008   Data   RW         6928    .data               controltask.o
    0x2000021c   COMPRESSED   0x00000004   Data   RW         7015    .data               messagetask.o
    0x20000220   COMPRESSED   0x0000000c   Data   RW         7067    .data               moduletask.o
    0x2000022c   COMPRESSED   0x00000008   Data   RW         7129    .data               navigationtask.o
    0x20000234   COMPRESSED   0x0000000c   Data   RW         7188    .data               sensortask.o
    0x20000240   COMPRESSED   0x00000024   Data   RW         7270    .data               kalman3.o
    0x20000264   COMPRESSED   0x00000004   PAD
    0x20000268   COMPRESSED   0x00000008   Data   RW         7323    .data               levenbergmarquardt.o
    0x20000270   COMPRESSED   0x00000024   Data   RW         7743    .data               ahrs.o
    0x20000294   COMPRESSED   0x00000004   PAD
    0x20000298   COMPRESSED   0x00000018   Data   RW         7871    .data               ahrsaux.o
    0x200002b0   COMPRESSED   0x0000002c   Data   RW         7946    .data               navigation.o
    0x200002dc   COMPRESSED   0x00000004   PAD
    0x200002e0   COMPRESSED   0x00000018   Data   RW         8067    .data               flightcontrol.o
    0x200002f8   COMPRESSED   0x00000028   Data   RW         8269    .data               missioncontrol.o
    0x20000320   COMPRESSED   0x00000001   Data   RW         8754    .data               motor.o
    0x20000321   COMPRESSED   0x00000003   PAD
    0x20000324   COMPRESSED   0x00000020   Data   RW         8822    .data               rc.o
    0x20000344   COMPRESSED   0x00000008   Data   RW         8895    .data               safecontrol.o
    0x2000034c   COMPRESSED   0x00000038   Data   RW         8932    .data               usercontrol.o
    0x20000384   COMPRESSED   0x00000010   Data   RW         8981    .data               waypointcontrol.o
    0x20000394   COMPRESSED   0x00000001   Data   RW         9141    .data               bsklinksend.o
    0x20000395   COMPRESSED   0x00000003   PAD
    0x20000398   COMPRESSED   0x0000000c   Data   RW         9238    .data               mavlinkdecode.o
    0x200003a4   COMPRESSED   0x0000040c   Data   RW         9330    .data               mavlinkparam.o
    0x200007b0   COMPRESSED   0x0000000c   Data   RW         9423    .data               mavlinksend.o
    0x200007bc   COMPRESSED   0x00000010   Data   RW         9653    .data               message.o
    0x200007cc   COMPRESSED   0x0000001a   Data   RW         9751    .data               accelerometer.o
    0x200007e6   COMPRESSED   0x00000002   PAD
    0x200007e8   COMPRESSED   0x00000010   Data   RW         9874    .data               barometer.o
    0x200007f8   COMPRESSED   0x0000000c   Data   RW         9937    .data               gps.o
    0x20000804   COMPRESSED   0x00000008   Data   RW        10053    .data               gyroscope.o
    0x2000080c   COMPRESSED   0x00000004   PAD
    0x20000810   COMPRESSED   0x00000018   Data   RW        10132    .data               magnetometer.o
    0x20000828   COMPRESSED   0x00000020   Data   RW        10201    .data               sensor.o
    0x20000848   COMPRESSED   0x00000008   Data   RW        10273    .data               tof.o
    0x20000850   COMPRESSED   0x00000006   Data   RW        10318    .data               ak8975.o
    0x20000856   COMPRESSED   0x00000002   PAD
    0x20000858   COMPRESSED   0x00000008   Data   RW        10374    .data               battery.o
    0x20000860   COMPRESSED   0x00000002   Data   RW        10422    .data               icm20689.o
    0x20000862   COMPRESSED   0x00000002   PAD
    0x20000864   COMPRESSED   0x00000004   Data   RW        10605    .data               spl06.o
    0x20000868   COMPRESSED   0x00000009   Data   RW        10719    .data               ublox.o
    0x20000871   COMPRESSED   0x00000004   Data   RW        10808    .data               w25qxx.o
    0x20000875   COMPRESSED   0x00000001   PAD
    0x20000876   COMPRESSED   0x00000022   Data   RW        10884    .data               pwmin.o
    0x20000898   COMPRESSED   0x00000008   Data   RW        10951    .data               ledcolors.o
    0x200008a0   COMPRESSED   0x00000001   Data   RW        11007    .data               vl53l0x.o
    0x200008a1   COMPRESSED   0x000002a9   Data   RW        11156    .data               vl53l0x_api.o
    0x20000b4a   COMPRESSED   0x00000002   PAD
    0x20000b4c   COMPRESSED   0x00000010   Data   RW        11704    .data               vl53l0x_api_calibration.o
    0x20000b5c   COMPRESSED   0x00000001   Data   RW        12164    .data               vl53l0x_platform.o
    0x20000b5d   COMPRESSED   0x00000003   PAD
    0x20000b60   COMPRESSED   0x00000004   Data   RW        12354    .data               mc_w.l(rand.o)
    0x20000b64   COMPRESSED   0x00000004   Data   RW        12500    .data               mc_w.l(mvars.o)
    0x20000b68   COMPRESSED   0x00000004   Data   RW        12501    .data               mc_w.l(mvars.o)
    0x20000b6c   COMPRESSED   0x00000004   Data   RW        12505    .data               mc_w.l(errno.o)
    0x20000b70        -       0x00000048   Zero   RW          277    .bss                adc.o
    0x20000bb8        -       0x00000054   Zero   RW          432    .bss                i2c.o
    0x20000c0c        -       0x000000b0   Zero   RW          475    .bss                spi.o
    0x20000cbc        -       0x0000012c   Zero   RW          530    .bss                tim.o
    0x20000de8        -       0x00000040   Zero   RW          612    .bss                usart.o
    0x20000e28        -       0x00000224   Zero   RW          652    .bss                usb_device.o
    0x2000104c        -       0x000003f0   Zero   RW          733    .bss                usbd_conf.o
    0x2000143c        -       0x00000200   Zero   RW          901    .bss                usbd_desc.o
    0x2000163c        -       0x00001000   Zero   RW          967    .bss                usbd_cdc_if.o
    0x2000263c        -       0x0000003c   Zero   RW         1139    .bss                stm32f4xx_hal_timebase_tim.o
    0x20002678        -       0x00003c00   Zero   RW         1187    .bss                heap_4.o
    0x20006278        -       0x00000040   Zero   RW         1475    .bss                queue.o
    0x200062b8        -       0x00000190   Zero   RW         1647    .bss                tasks.o
    0x20006448        -       0x00000028   Zero   RW         1913    .bss                timers.o
    0x20006470        -       0x00000025   Zero   RW         6630    .bss                faultdetect.o
    0x20006495   COMPRESSED   0x00000003   PAD
    0x20006498        -       0x00000018   Zero   RW         6708    .bss                flightstatus.o
    0x200064b0        -       0x00001000   Zero   RW         6876    .bss                parameter.o
    0x200074b0        -       0x00000018   Zero   RW         6980    .bss                messagequeue.o
    0x200074c8        -       0x0000038c   Zero   RW         7741    .bss                ahrs.o
    0x20007854        -       0x0000020c   Zero   RW         7869    .bss                ahrsaux.o
    0x20007a60        -       0x0000032c   Zero   RW         7944    .bss                navigation.o
    0x20007d8c        -       0x00000248   Zero   RW         8066    .bss                flightcontrol.o
    0x20007fd4        -       0x0000002c   Zero   RW         8268    .bss                missioncontrol.o
    0x20008000        -       0x00000020   Zero   RW         8750    .bss                motor.o
    0x20008020        -       0x00000078   Zero   RW         8821    .bss                rc.o
    0x20008098        -       0x00000024   Zero   RW         8931    .bss                usercontrol.o
    0x200080bc        -       0x000027d8   Zero   RW         8979    .bss                waypointcontrol.o
    0x2000a894        -       0x0000006d   Zero   RW         9089    .bss                bsklinkdecode.o
    0x2000a901   COMPRESSED   0x00000003   PAD
    0x2000a904        -       0x00000604   Zero   RW         9236    .bss                mavlinkdecode.o
    0x2000af08        -       0x0000050a   Zero   RW         9328    .bss                mavlinkparam.o
    0x2000b412        -       0x00000098   Zero   RW         9422    .bss                mavlinksend.o
    0x2000b4aa        -       0x00000cbc   Zero   RW         9650    .bss                message.o
    0x2000c166        -       0x00000032   Zero   RW         9651    .bss                message.o
    0x2000c198        -       0x000000e8   Zero   RW         9750    .bss                accelerometer.o
    0x2000c280        -       0x00000014   Zero   RW         9873    .bss                barometer.o
    0x2000c294   COMPRESSED   0x00000004   PAD
    0x2000c298        -       0x00000058   Zero   RW         9936    .bss                gps.o
    0x2000c2f0        -       0x00000074   Zero   RW        10052    .bss                gyroscope.o
    0x2000c364        -       0x0000009c   Zero   RW        10131    .bss                magnetometer.o
    0x2000c400        -       0x00000030   Zero   RW        10200    .bss                sensor.o
    0x2000c430        -       0x00000014   Zero   RW        10272    .bss                tof.o
    0x2000c444        -       0x0000000e   Zero   RW        10421    .bss                icm20689.o
    0x2000c452   COMPRESSED   0x00000002   PAD
    0x2000c454        -       0x00000048   Zero   RW        10604    .bss                spl06.o
    0x2000c49c   COMPRESSED   0x00000004   PAD
    0x2000c4a0        -       0x00000158   Zero   RW        10717    .bss                ublox.o
    0x2000c5f8        -       0x0000000c   Zero   RW        10807    .bss                w25qxx.o
    0x2000c604        -       0x00000024   Zero   RW        10883    .bss                pwmin.o
    0x2000c628        -       0x000001c3   Zero   RW        12162    .bss                vl53l0x_platform.o
    0x2000c7eb   COMPRESSED   0x00000005   PAD
    0x2000c7f0        -       0x00000600   Zero   RW         1174    HEAP                startup_stm32f407xx.o
    0x2000cdf0        -       0x00001500   Zero   RW         1173    STACK               startup_stm32f407xx.o


==============================================================================

Image component sizes


      Code (inc. data)   RO Data    RW Data    ZI Data      Debug   Object Name

      2538        154          0         26        232      14370   accelerometer.o
       228         48          0          0         72       1653   adc.o
      3258        200        360         36        908      15475   ahrs.o
      1128         72        180         24        524       6544   ahrsaux.o
       388         46          0          6          0       4353   ak8975.o
       412         44          0         16         20       3583   barometer.o
        56         12          0          8          0       2501   battery.o
        76          0          0          0          0       2374   board.o
       354          8          0          0          0       6988   bsklink.o
       808         18          0          0        109       6308   bsklinkdecode.o
      4292         32          0          1          0      11121   bsklinksend.o
       188          0          0          0          0      18400   cmsis_os.o
       160         20         34          8          0       3185   controltask.o
       516         26       2000          0          0       3071   declination.o
         0          0          0          0          0       8016   event_groups.o
        76         20          0          0         37       2552   faultdetect.o
      3352        374          0         24        584      24537   flightcontrol.o
      1108        174          0         40         24      17335   flightstatus.o
        96         10         29          4          0       6840   freertos.o
       272         24          0          0          0       1051   gpio.o
      1030         82          0         12         88      11393   gps.o
      1028         86          0          8        116       6666   gyroscope.o
       460         24          0         24      15360      14183   heap_4.o
       160         42          0          0         84       1565   i2c.o
       684         58          0          2         14       8591   icm20689.o
       716          4          0         36          0       5638   kalman3.o
       390         42          0          8          0       4704   ledcolors.o
      1092         54          0          8          0       4413   levenbergmarquardt.o
       136          0          0          0          0       3470   list.o
       240          6          0          0          0       2190   lowpassfilter.o
      1996        116          0         24        156       6106   magnetometer.o
       244         16          0          0          0     747165   main.o
       430         40          0          0          0       7779   mathtool.o
       632          0          0          0          0       3231   matrix3.o
      1232         32        256         12       1540      27128   mavlinkdecode.o
        20          4       1982          0          0       1084   mavlinknotice.o
      2108        178       3419       1036       1290       6782   mavlinkparam.o
      4136        112          0         12        152      78563   mavlinksend.o
      1576         96        256         16       3310      12569   message.o
       128          8         48          0         24       1324   messagequeue.o
       164         18         28          4          0       1925   messagetask.o
      1292        116          0         40         44      10993   missioncontrol.o
       172          0          0          0          0       7088   module.o
       296         18         69         12          0       5809   moduletask.o
       480         44        132          1         32       4455   motor.o
      2374        244        432         44        812       8824   navigation.o
       254         12         65          8          0       3247   navigationtask.o
       156         20          0          4       4096       3516   parameter.o
       356         24          0          0          0       4670   pid.o
       758         84          0         12          0      11761   port.o
       856         50          0         34         36       4575   pwmin.o
       198          0          0          0          0        833   quaternion.o
      1500         20          0          0         64      13969   queue.o
      1818         94          0         32        120       7199   rc.o
       844         74          0          0          0       2433   rotation.o
       336         24          0          8          0       2206   safecontrol.o
       842         74          0         32         48       4953   sensor.o
       344         16         68         12          0       2615   sensortask.o
       312         72          0          0        176       2190   spi.o
      1442        140          0          4         72       9277   spl06.o
        36          8        392          0       6912        792   startup_stm32f407xx.o
       116         18          0         12          0       3826   stm32f4xx_hal.o
       708         28          0          0          0       2827   stm32f4xx_hal_adc.o
       444         16          0          0          0       1494   stm32f4xx_hal_adc_ex.o
       218         14          0          0          0      30953   stm32f4xx_hal_cortex.o
        36          0          0          0          0       1195   stm32f4xx_hal_dma.o
       442         44          0          0          0       2388   stm32f4xx_hal_gpio.o
      2436         52          0          0          0      14754   stm32f4xx_hal_i2c.o
       132          6          0          0          0        886   stm32f4xx_hal_msp.o
      2156         72          0          0          0      11201   stm32f4xx_hal_pcd.o
        76          0          0          0          0       1816   stm32f4xx_hal_pcd_ex.o
      1336         92          0          0          0       6197   stm32f4xx_hal_rcc.o
      1478          0          0          0          0       6842   stm32f4xx_hal_spi.o
      2010        116          0          0          0      17091   stm32f4xx_hal_tim.o
       174          0          0          0          0       3178   stm32f4xx_hal_tim_ex.o
       116         16          0          0         60       1417   stm32f4xx_hal_timebase_tim.o
      1698         14          0          0          0       9623   stm32f4xx_hal_uart.o
        92         34          0          0          0       5407   stm32f4xx_it.o
      2420         56          0          0          0      20072   stm32f4xx_ll_usb.o
        84         18         24          4          0       1123   system_stm32f4xx.o
      2310        204          0         60        400      25456   tasks.o
      1468        198          0          0        300       6295   tim.o
       852         78          0         20         40       9519   timers.o
       192         28          0          8         20       1240   tof.o
      1788        116         20          9        344       8860   ublox.o
       168         36          0          0         64       1602   usart.o
        56         18          0          0        548       2359   usb_device.o
       590         22          0        275          0      12918   usbd_cdc.o
       116         26          0         16       4096       3224   usbd_cdc_if.o
       706         38          0          0       1008      14194   usbd_conf.o
       626          0          0          0          0      11810   usbd_core.o
       986         30          0          1          0       7896   usbd_ctlreq.o
       212        116          0         50        512       5043   usbd_desc.o
       132          0          0          0          0       4432   usbd_ioreq.o
      1568         90          0         56         36       4958   usercontrol.o
       822          0          0          0          0       8049   vector3.o
        60         10          0          1          0      17040   vl53l0x.o
      3146         64          0        681          0      31650   vl53l0x_api.o
      1746          4          0         16          0      17267   vl53l0x_api_calibration.o
      4516         16          0          0          0      27169   vl53l0x_api_core.o
       236         68          0          0          0       2476   vl53l0x_api_strings.o
       254         12          0          0          0       5294   vl53l0x_i2c.o
       538         16          0          1        451      18452   vl53l0x_platform.o
       708         54          0          4         12       7235   w25qxx.o
       284         60          0         16      10200       6224   waypointcontrol.o

    ----------------------------------------------------------------------
     92948       5334       9840       2912      55168    1631083   Object Totals
         0          0         32          0          0          0   (incl. Generated)
       122          0         14         44         21          0   (incl. Padding)

    ----------------------------------------------------------------------

      Code (inc. data)   RO Data    RW Data    ZI Data      Debug   Library Member Name

       300         42          0          0          0        176   asinf.o
       592         90          0          0          0        184   atan2f.o
       336         56          0          0          0        136   cosf.o
       164         44          0          0          0        620   dunder.o
        24          0          0          0          0        124   fabs.o
       112         14          0          0          0        116   floorf.o
        48          0          0          0          0        124   fpclassify.o
        38          0          0          0          0        116   fpclassifyf.o
        44         12          0          0          0        464   funder.o
       248          0          0          0          0        152   poly.o
      3152        296        136          0          0        352   pow.o
         0          0          8          0          0          0   qnan.o
       340         24         32          0          0        160   rredf.o
       400         56          0          0          0        212   sinf.o
       110          0          0          0          0        148   sqrt.o
       120          0          0          0          0        272   sqrtf.o
        86          0          0          0          0          0   __dczerorl2.o
         0          0          0          0          0          0   entry.o
         0          0          0          0          0          0   entry10a.o
         0          0          0          0          0          0   entry11a.o
         8          4          0          0          0          0   entry2.o
         4          0          0          0          0          0   entry5.o
         0          0          0          0          0          0   entry7b.o
         0          0          0          0          0          0   entry8b.o
         8          4          0          0          0          0   entry9a.o
        12          6          0          4          0         68   errno.o
        30          0          0          0          0          0   handlers.o
        36          8          0          0          0         68   init.o
         0          0          0          0          0          0   iusefp.o
        30          0          0          0          0         68   llshl.o
        36          0          0          0          0         68   llsshr.o
        32          0          0          0          0         68   llushr.o
       188         20          0          0          0        160   malloc.o
        40          0          0          0          0         76   memcpy.o
        36          0          0          0          0        108   memseta.o
         0          0          0          8          0          0   mvars.o
        36         10          0          4          0        136   rand.o
        18          0          0          0          0         68   strcpy.o
        14          0          0          0          0         68   strlen.o
        30          0          0          0          0         80   strncmp.o
        98          0          0          0          0         92   uldiv.o
        48          0          0          0          0         68   cdcmple.o
        48          0          0          0          0         68   cdrcmple.o
        56          0          0          0          0         88   d2f.o
       334          0          0          0          0        148   dadd.o
       222          0          0          0          0        100   ddiv.o
       186          0          0          0          0        176   depilogue.o
        62          0          0          0          0         80   dfixi.o
        34          0          0          0          0         76   dflti.o
        24          0          0          0          0         76   dfltul.o
       228          0          0          0          0         96   dmul.o
        46          0          0          0          0         80   dscalb.o
       162          0          0          0          0        100   dsqrt.o
        38          0          0          0          0         68   f2d.o
       110          0          0          0          0        168   fepilogue.o
        44          0          0          0          0         68   ffixul.o

    ----------------------------------------------------------------------
      8428        686        176         16          0       5944   Library Totals
        16          0          0          0          0          0   (incl. Padding)

    ----------------------------------------------------------------------

      Code (inc. data)   RO Data    RW Data    ZI Data      Debug   Library Name

      6028        634        176          0          0       3356   m_wm.l
       742         52          0         16          0       1128   mc_w.l
      1642          0          0          0          0       1460   mf_w.l

    ----------------------------------------------------------------------
      8428        686        176         16          0       5944   Library Totals

    ----------------------------------------------------------------------

==============================================================================


      Code (inc. data)   RO Data    RW Data    ZI Data      Debug   

    101376       6020      10016       2928      55168    1552207   Grand Totals
    101376       6020      10016       1724      55168    1552207   ELF Image Totals (compressed)
    101376       6020      10016       1724          0          0   ROM Totals

==============================================================================

    Total RO  Size (Code + RO Data)               111392 ( 108.78kB)
    Total RW  Size (RW Data + ZI Data)             58096 (  56.73kB)
    Total ROM Size (Code + RO Data + RW Data)     113116 ( 110.46kB)

==============================================================================

