<!doctype html public "-//w3c//dtd html 4.0 transitional//en">
<html><head>
<title>Static Call Graph - [UNIVERSKY\UNIVERSKY.axf]</title></head>
<body><HR>
<H1>Static Call Graph for image UNIVERSKY\UNIVERSKY.axf</H1><HR>
<BR><P>#&#060CALLGRAPH&#062# ARM Linker, 5060528: Last Updated: Sun Dec 16 00:09:14 2018
<BR><P>
<H3>Maximum Stack Usage =        896 bytes + Unknown(Cycles, Untraceable Function Pointers)</H3><H3>
Call chain for Maximum Stack Depth:</H3>
startMessageTask &rArr; MessageSendLoop &rArr; MavlinkSendHomePosition &rArr; GetHomePosition &rArr; GpsTransToLocalPosition &rArr; GpsCalcPositionChanged &rArr; __aeabi_dmul &rArr; _double_epilogue &rArr; _double_round
<P>
<H3>
Mutually Recursive functions
</H3> <LI><a href="#[32]">ADC_IRQHandler</a>&nbsp;&nbsp;&nbsp;&rArr;&nbsp;&nbsp;&nbsp;<a href="#[32]">ADC_IRQHandler</a><BR>
 <LI><a href="#[1a]">BusFault_Handler</a>&nbsp;&nbsp;&nbsp;&rArr;&nbsp;&nbsp;&nbsp;<a href="#[1a]">BusFault_Handler</a><BR>
 <LI><a href="#[18]">HardFault_Handler</a>&nbsp;&nbsp;&nbsp;&rArr;&nbsp;&nbsp;&nbsp;<a href="#[18]">HardFault_Handler</a><BR>
 <LI><a href="#[19]">MemManage_Handler</a>&nbsp;&nbsp;&nbsp;&rArr;&nbsp;&nbsp;&nbsp;<a href="#[19]">MemManage_Handler</a><BR>
 <LI><a href="#[1b]">UsageFault_Handler</a>&nbsp;&nbsp;&nbsp;&rArr;&nbsp;&nbsp;&nbsp;<a href="#[1b]">UsageFault_Handler</a><BR>
 <LI><a href="#[23d]">_Error_Handler</a>&nbsp;&nbsp;&nbsp;&rArr;&nbsp;&nbsp;&nbsp;<a href="#[23d]">_Error_Handler</a><BR>
</UL>
<P>
<H3>
Function Pointers
</H3><UL>
 <LI><a href="#[32]">ADC_IRQHandler</a> from startup_stm32f407xx.o(.text) referenced from startup_stm32f407xx.o(RESET)
 <LI><a href="#[1a]">BusFault_Handler</a> from stm32f4xx_it.o(i.BusFault_Handler) referenced from startup_stm32f407xx.o(RESET)
 <LI><a href="#[34]">CAN1_RX0_IRQHandler</a> from startup_stm32f407xx.o(.text) referenced from startup_stm32f407xx.o(RESET)
 <LI><a href="#[35]">CAN1_RX1_IRQHandler</a> from startup_stm32f407xx.o(.text) referenced from startup_stm32f407xx.o(RESET)
 <LI><a href="#[36]">CAN1_SCE_IRQHandler</a> from startup_stm32f407xx.o(.text) referenced from startup_stm32f407xx.o(RESET)
 <LI><a href="#[33]">CAN1_TX_IRQHandler</a> from startup_stm32f407xx.o(.text) referenced from startup_stm32f407xx.o(RESET)
 <LI><a href="#[60]">CAN2_RX0_IRQHandler</a> from startup_stm32f407xx.o(.text) referenced from startup_stm32f407xx.o(RESET)
 <LI><a href="#[61]">CAN2_RX1_IRQHandler</a> from startup_stm32f407xx.o(.text) referenced from startup_stm32f407xx.o(RESET)
 <LI><a href="#[62]">CAN2_SCE_IRQHandler</a> from startup_stm32f407xx.o(.text) referenced from startup_stm32f407xx.o(RESET)
 <LI><a href="#[5f]">CAN2_TX_IRQHandler</a> from startup_stm32f407xx.o(.text) referenced from startup_stm32f407xx.o(RESET)
 <LI><a href="#[a]">CDC_Control_FS</a> from usbd_cdc_if.o(i.CDC_Control_FS) referenced 2 times from usbd_cdc_if.o(.data)
 <LI><a href="#[9]">CDC_DeInit_FS</a> from usbd_cdc_if.o(i.CDC_DeInit_FS) referenced 2 times from usbd_cdc_if.o(.data)
 <LI><a href="#[8]">CDC_Init_FS</a> from usbd_cdc_if.o(i.CDC_Init_FS) referenced 2 times from usbd_cdc_if.o(.data)
 <LI><a href="#[b]">CDC_Receive_FS</a> from usbd_cdc_if.o(i.CDC_Receive_FS) referenced 2 times from usbd_cdc_if.o(.data)
 <LI><a href="#[6e]">DCMI_IRQHandler</a> from startup_stm32f407xx.o(.text) referenced from startup_stm32f407xx.o(RESET)
 <LI><a href="#[2b]">DMA1_Stream0_IRQHandler</a> from startup_stm32f407xx.o(.text) referenced from startup_stm32f407xx.o(RESET)
 <LI><a href="#[2c]">DMA1_Stream1_IRQHandler</a> from startup_stm32f407xx.o(.text) referenced from startup_stm32f407xx.o(RESET)
 <LI><a href="#[2d]">DMA1_Stream2_IRQHandler</a> from startup_stm32f407xx.o(.text) referenced from startup_stm32f407xx.o(RESET)
 <LI><a href="#[2e]">DMA1_Stream3_IRQHandler</a> from startup_stm32f407xx.o(.text) referenced from startup_stm32f407xx.o(RESET)
 <LI><a href="#[2f]">DMA1_Stream4_IRQHandler</a> from startup_stm32f407xx.o(.text) referenced from startup_stm32f407xx.o(RESET)
 <LI><a href="#[30]">DMA1_Stream5_IRQHandler</a> from startup_stm32f407xx.o(.text) referenced from startup_stm32f407xx.o(RESET)
 <LI><a href="#[31]">DMA1_Stream6_IRQHandler</a> from startup_stm32f407xx.o(.text) referenced from startup_stm32f407xx.o(RESET)
 <LI><a href="#[4f]">DMA1_Stream7_IRQHandler</a> from startup_stm32f407xx.o(.text) referenced from startup_stm32f407xx.o(RESET)
 <LI><a href="#[58]">DMA2_Stream0_IRQHandler</a> from startup_stm32f407xx.o(.text) referenced from startup_stm32f407xx.o(RESET)
 <LI><a href="#[59]">DMA2_Stream1_IRQHandler</a> from startup_stm32f407xx.o(.text) referenced from startup_stm32f407xx.o(RESET)
 <LI><a href="#[5a]">DMA2_Stream2_IRQHandler</a> from startup_stm32f407xx.o(.text) referenced from startup_stm32f407xx.o(RESET)
 <LI><a href="#[5b]">DMA2_Stream3_IRQHandler</a> from startup_stm32f407xx.o(.text) referenced from startup_stm32f407xx.o(RESET)
 <LI><a href="#[5c]">DMA2_Stream4_IRQHandler</a> from startup_stm32f407xx.o(.text) referenced from startup_stm32f407xx.o(RESET)
 <LI><a href="#[64]">DMA2_Stream5_IRQHandler</a> from startup_stm32f407xx.o(.text) referenced from startup_stm32f407xx.o(RESET)
 <LI><a href="#[65]">DMA2_Stream6_IRQHandler</a> from startup_stm32f407xx.o(.text) referenced from startup_stm32f407xx.o(RESET)
 <LI><a href="#[66]">DMA2_Stream7_IRQHandler</a> from startup_stm32f407xx.o(.text) referenced from startup_stm32f407xx.o(RESET)
 <LI><a href="#[1d]">DebugMon_Handler</a> from stm32f4xx_it.o(i.DebugMon_Handler) referenced from startup_stm32f407xx.o(RESET)
 <LI><a href="#[5d]">ETH_IRQHandler</a> from startup_stm32f407xx.o(.text) referenced from startup_stm32f407xx.o(RESET)
 <LI><a href="#[5e]">ETH_WKUP_IRQHandler</a> from startup_stm32f407xx.o(.text) referenced from startup_stm32f407xx.o(RESET)
 <LI><a href="#[26]">EXTI0_IRQHandler</a> from startup_stm32f407xx.o(.text) referenced from startup_stm32f407xx.o(RESET)
 <LI><a href="#[48]">EXTI15_10_IRQHandler</a> from startup_stm32f407xx.o(.text) referenced from startup_stm32f407xx.o(RESET)
 <LI><a href="#[27]">EXTI1_IRQHandler</a> from startup_stm32f407xx.o(.text) referenced from startup_stm32f407xx.o(RESET)
 <LI><a href="#[28]">EXTI2_IRQHandler</a> from startup_stm32f407xx.o(.text) referenced from startup_stm32f407xx.o(RESET)
 <LI><a href="#[29]">EXTI3_IRQHandler</a> from startup_stm32f407xx.o(.text) referenced from startup_stm32f407xx.o(RESET)
 <LI><a href="#[2a]">EXTI4_IRQHandler</a> from startup_stm32f407xx.o(.text) referenced from startup_stm32f407xx.o(RESET)
 <LI><a href="#[37]">EXTI9_5_IRQHandler</a> from startup_stm32f407xx.o(.text) referenced from startup_stm32f407xx.o(RESET)
 <LI><a href="#[24]">FLASH_IRQHandler</a> from startup_stm32f407xx.o(.text) referenced from startup_stm32f407xx.o(RESET)
 <LI><a href="#[50]">FMC_IRQHandler</a> from startup_stm32f407xx.o(.text) referenced from startup_stm32f407xx.o(RESET)
 <LI><a href="#[70]">FPU_IRQHandler</a> from startup_stm32f407xx.o(.text) referenced from startup_stm32f407xx.o(RESET)
 <LI><a href="#[6f]">HASH_RNG_IRQHandler</a> from startup_stm32f407xx.o(.text) referenced from startup_stm32f407xx.o(RESET)
 <LI><a href="#[18]">HardFault_Handler</a> from stm32f4xx_it.o(i.HardFault_Handler) referenced from startup_stm32f407xx.o(RESET)
 <LI><a href="#[40]">I2C1_ER_IRQHandler</a> from startup_stm32f407xx.o(.text) referenced from startup_stm32f407xx.o(RESET)
 <LI><a href="#[3f]">I2C1_EV_IRQHandler</a> from startup_stm32f407xx.o(.text) referenced from startup_stm32f407xx.o(RESET)
 <LI><a href="#[42]">I2C2_ER_IRQHandler</a> from startup_stm32f407xx.o(.text) referenced from startup_stm32f407xx.o(RESET)
 <LI><a href="#[41]">I2C2_EV_IRQHandler</a> from startup_stm32f407xx.o(.text) referenced from startup_stm32f407xx.o(RESET)
 <LI><a href="#[69]">I2C3_ER_IRQHandler</a> from startup_stm32f407xx.o(.text) referenced from startup_stm32f407xx.o(RESET)
 <LI><a href="#[68]">I2C3_EV_IRQHandler</a> from startup_stm32f407xx.o(.text) referenced from startup_stm32f407xx.o(RESET)
 <LI><a href="#[19]">MemManage_Handler</a> from stm32f4xx_it.o(i.MemManage_Handler) referenced from startup_stm32f407xx.o(RESET)
 <LI><a href="#[17]">NMI_Handler</a> from stm32f4xx_it.o(i.NMI_Handler) referenced from startup_stm32f407xx.o(RESET)
 <LI><a href="#[63]">OTG_FS_IRQHandler</a> from stm32f4xx_it.o(i.OTG_FS_IRQHandler) referenced from startup_stm32f407xx.o(RESET)
 <LI><a href="#[4a]">OTG_FS_WKUP_IRQHandler</a> from startup_stm32f407xx.o(.text) referenced from startup_stm32f407xx.o(RESET)
 <LI><a href="#[6b]">OTG_HS_EP1_IN_IRQHandler</a> from startup_stm32f407xx.o(.text) referenced from startup_stm32f407xx.o(RESET)
 <LI><a href="#[6a]">OTG_HS_EP1_OUT_IRQHandler</a> from startup_stm32f407xx.o(.text) referenced from startup_stm32f407xx.o(RESET)
 <LI><a href="#[6d]">OTG_HS_IRQHandler</a> from startup_stm32f407xx.o(.text) referenced from startup_stm32f407xx.o(RESET)
 <LI><a href="#[6c]">OTG_HS_WKUP_IRQHandler</a> from startup_stm32f407xx.o(.text) referenced from startup_stm32f407xx.o(RESET)
 <LI><a href="#[21]">PVD_IRQHandler</a> from startup_stm32f407xx.o(.text) referenced from startup_stm32f407xx.o(RESET)
 <LI><a href="#[1e]">PendSV_Handler</a> from port.o(.emb_text) referenced from startup_stm32f407xx.o(RESET)
 <LI><a href="#[25]">RCC_IRQHandler</a> from startup_stm32f407xx.o(.text) referenced from startup_stm32f407xx.o(RESET)
 <LI><a href="#[49]">RTC_Alarm_IRQHandler</a> from startup_stm32f407xx.o(.text) referenced from startup_stm32f407xx.o(RESET)
 <LI><a href="#[23]">RTC_WKUP_IRQHandler</a> from startup_stm32f407xx.o(.text) referenced from startup_stm32f407xx.o(RESET)
 <LI><a href="#[16]">Reset_Handler</a> from startup_stm32f407xx.o(.text) referenced from startup_stm32f407xx.o(RESET)
 <LI><a href="#[51]">SDIO_IRQHandler</a> from startup_stm32f407xx.o(.text) referenced from startup_stm32f407xx.o(RESET)
 <LI><a href="#[43]">SPI1_IRQHandler</a> from startup_stm32f407xx.o(.text) referenced from startup_stm32f407xx.o(RESET)
 <LI><a href="#[44]">SPI2_IRQHandler</a> from startup_stm32f407xx.o(.text) referenced from startup_stm32f407xx.o(RESET)
 <LI><a href="#[53]">SPI3_IRQHandler</a> from startup_stm32f407xx.o(.text) referenced from startup_stm32f407xx.o(RESET)
 <LI><a href="#[1c]">SVC_Handler</a> from port.o(.emb_text) referenced from startup_stm32f407xx.o(RESET)
 <LI><a href="#[1f]">SysTick_Handler</a> from stm32f4xx_it.o(i.SysTick_Handler) referenced from startup_stm32f407xx.o(RESET)
 <LI><a href="#[72]">SystemInit</a> from system_stm32f4xx.o(i.SystemInit) referenced from startup_stm32f407xx.o(.text)
 <LI><a href="#[22]">TAMP_STAMP_IRQHandler</a> from startup_stm32f407xx.o(.text) referenced from startup_stm32f407xx.o(RESET)
 <LI><a href="#[38]">TIM1_BRK_TIM9_IRQHandler</a> from startup_stm32f407xx.o(.text) referenced from startup_stm32f407xx.o(RESET)
 <LI><a href="#[3b]">TIM1_CC_IRQHandler</a> from startup_stm32f407xx.o(.text) referenced from startup_stm32f407xx.o(RESET)
 <LI><a href="#[3a]">TIM1_TRG_COM_TIM11_IRQHandler</a> from startup_stm32f407xx.o(.text) referenced from startup_stm32f407xx.o(RESET)
 <LI><a href="#[39]">TIM1_UP_TIM10_IRQHandler</a> from startup_stm32f407xx.o(.text) referenced from startup_stm32f407xx.o(RESET)
 <LI><a href="#[3c]">TIM2_IRQHandler</a> from startup_stm32f407xx.o(.text) referenced from startup_stm32f407xx.o(RESET)
 <LI><a href="#[3d]">TIM3_IRQHandler</a> from stm32f4xx_it.o(i.TIM3_IRQHandler) referenced from startup_stm32f407xx.o(RESET)
 <LI><a href="#[3e]">TIM4_IRQHandler</a> from stm32f4xx_it.o(i.TIM4_IRQHandler) referenced from startup_stm32f407xx.o(RESET)
 <LI><a href="#[52]">TIM5_IRQHandler</a> from startup_stm32f407xx.o(.text) referenced from startup_stm32f407xx.o(RESET)
 <LI><a href="#[56]">TIM6_DAC_IRQHandler</a> from startup_stm32f407xx.o(.text) referenced from startup_stm32f407xx.o(RESET)
 <LI><a href="#[57]">TIM7_IRQHandler</a> from startup_stm32f407xx.o(.text) referenced from startup_stm32f407xx.o(RESET)
 <LI><a href="#[4b]">TIM8_BRK_TIM12_IRQHandler</a> from startup_stm32f407xx.o(.text) referenced from startup_stm32f407xx.o(RESET)
 <LI><a href="#[4e]">TIM8_CC_IRQHandler</a> from startup_stm32f407xx.o(.text) referenced from startup_stm32f407xx.o(RESET)
 <LI><a href="#[4d]">TIM8_TRG_COM_TIM14_IRQHandler</a> from stm32f4xx_it.o(i.TIM8_TRG_COM_TIM14_IRQHandler) referenced from startup_stm32f407xx.o(RESET)
 <LI><a href="#[4c]">TIM8_UP_TIM13_IRQHandler</a> from startup_stm32f407xx.o(.text) referenced from startup_stm32f407xx.o(RESET)
 <LI><a href="#[54]">UART4_IRQHandler</a> from startup_stm32f407xx.o(.text) referenced from startup_stm32f407xx.o(RESET)
 <LI><a href="#[55]">UART5_IRQHandler</a> from startup_stm32f407xx.o(.text) referenced from startup_stm32f407xx.o(RESET)
 <LI><a href="#[74]">UART_DMAAbortOnError</a> from stm32f4xx_hal_uart.o(i.UART_DMAAbortOnError) referenced from stm32f4xx_hal_uart.o(i.HAL_UART_IRQHandler)
 <LI><a href="#[45]">USART1_IRQHandler</a> from stm32f4xx_it.o(i.USART1_IRQHandler) referenced from startup_stm32f407xx.o(RESET)
 <LI><a href="#[46]">USART2_IRQHandler</a> from startup_stm32f407xx.o(.text) referenced from startup_stm32f407xx.o(RESET)
 <LI><a href="#[47]">USART3_IRQHandler</a> from startup_stm32f407xx.o(.text) referenced from startup_stm32f407xx.o(RESET)
 <LI><a href="#[67]">USART6_IRQHandler</a> from startup_stm32f407xx.o(.text) referenced from startup_stm32f407xx.o(RESET)
 <LI><a href="#[10]">USBD_CDC_DataIn</a> from usbd_cdc.o(i.USBD_CDC_DataIn) referenced 2 times from usbd_cdc.o(.data)
 <LI><a href="#[11]">USBD_CDC_DataOut</a> from usbd_cdc.o(i.USBD_CDC_DataOut) referenced 2 times from usbd_cdc.o(.data)
 <LI><a href="#[d]">USBD_CDC_DeInit</a> from usbd_cdc.o(i.USBD_CDC_DeInit) referenced 2 times from usbd_cdc.o(.data)
 <LI><a href="#[f]">USBD_CDC_EP0_RxReady</a> from usbd_cdc.o(i.USBD_CDC_EP0_RxReady) referenced 2 times from usbd_cdc.o(.data)
 <LI><a href="#[15]">USBD_CDC_GetDeviceQualifierDescriptor</a> from usbd_cdc.o(i.USBD_CDC_GetDeviceQualifierDescriptor) referenced 2 times from usbd_cdc.o(.data)
 <LI><a href="#[13]">USBD_CDC_GetFSCfgDesc</a> from usbd_cdc.o(i.USBD_CDC_GetFSCfgDesc) referenced 2 times from usbd_cdc.o(.data)
 <LI><a href="#[12]">USBD_CDC_GetHSCfgDesc</a> from usbd_cdc.o(i.USBD_CDC_GetHSCfgDesc) referenced 2 times from usbd_cdc.o(.data)
 <LI><a href="#[14]">USBD_CDC_GetOtherSpeedCfgDesc</a> from usbd_cdc.o(i.USBD_CDC_GetOtherSpeedCfgDesc) referenced 2 times from usbd_cdc.o(.data)
 <LI><a href="#[c]">USBD_CDC_Init</a> from usbd_cdc.o(i.USBD_CDC_Init) referenced 2 times from usbd_cdc.o(.data)
 <LI><a href="#[e]">USBD_CDC_Setup</a> from usbd_cdc.o(i.USBD_CDC_Setup) referenced 2 times from usbd_cdc.o(.data)
 <LI><a href="#[6]">USBD_FS_ConfigStrDescriptor</a> from usbd_desc.o(i.USBD_FS_ConfigStrDescriptor) referenced 2 times from usbd_desc.o(.data)
 <LI><a href="#[1]">USBD_FS_DeviceDescriptor</a> from usbd_desc.o(i.USBD_FS_DeviceDescriptor) referenced 2 times from usbd_desc.o(.data)
 <LI><a href="#[7]">USBD_FS_InterfaceStrDescriptor</a> from usbd_desc.o(i.USBD_FS_InterfaceStrDescriptor) referenced 2 times from usbd_desc.o(.data)
 <LI><a href="#[2]">USBD_FS_LangIDStrDescriptor</a> from usbd_desc.o(i.USBD_FS_LangIDStrDescriptor) referenced 2 times from usbd_desc.o(.data)
 <LI><a href="#[3]">USBD_FS_ManufacturerStrDescriptor</a> from usbd_desc.o(i.USBD_FS_ManufacturerStrDescriptor) referenced 2 times from usbd_desc.o(.data)
 <LI><a href="#[4]">USBD_FS_ProductStrDescriptor</a> from usbd_desc.o(i.USBD_FS_ProductStrDescriptor) referenced 2 times from usbd_desc.o(.data)
 <LI><a href="#[5]">USBD_FS_SerialStrDescriptor</a> from usbd_desc.o(i.USBD_FS_SerialStrDescriptor) referenced 2 times from usbd_desc.o(.data)
 <LI><a href="#[1b]">UsageFault_Handler</a> from stm32f4xx_it.o(i.UsageFault_Handler) referenced from startup_stm32f407xx.o(RESET)
 <LI><a href="#[20]">WWDG_IRQHandler</a> from startup_stm32f407xx.o(.text) referenced from startup_stm32f407xx.o(RESET)
 <LI><a href="#[73]">__main</a> from entry.o(.ARM.Collect$$$$00000000) referenced from startup_stm32f407xx.o(.text)
 <LI><a href="#[71]">main</a> from main.o(i.main) referenced from entry9a.o(.ARM.Collect$$$$0000000B)
 <LI><a href="#[76]">prvIdleTask</a> from tasks.o(i.prvIdleTask) referenced from tasks.o(i.vTaskStartScheduler)
 <LI><a href="#[75]">prvTaskExitError</a> from port.o(i.prvTaskExitError) referenced from port.o(i.pxPortInitialiseStack)
 <LI><a href="#[77]">prvTimerTask</a> from timers.o(i.prvTimerTask) referenced from timers.o(i.xTimerCreateTimerTask)
 <LI><a href="#[79]">startFlightControlTask</a> from controltask.o(i.startFlightControlTask) referenced from controltask.o(.constdata)
 <LI><a href="#[7e]">startFlightStatusTask</a> from navigationtask.o(i.startFlightStatusTask) referenced from navigationtask.o(.constdata)
 <LI><a href="#[7f]">startImuDataPreTreatTask</a> from sensortask.o(i.startImuDataPreTreatTask) referenced from sensortask.o(.constdata)
 <LI><a href="#[7b]">startImuSensorReadTask</a> from moduletask.o(i.startImuSensorReadTask) referenced from moduletask.o(.constdata)
 <LI><a href="#[78]">startMainTask</a> from freertos.o(i.startMainTask) referenced from freertos.o(.constdata)
 <LI><a href="#[7a]">startMessageTask</a> from messagetask.o(i.startMessageTask) referenced from messagetask.o(.constdata)
 <LI><a href="#[7d]">startNavigationTask</a> from navigationtask.o(i.startNavigationTask) referenced from navigationtask.o(.constdata)
 <LI><a href="#[80]">startOtherSensorTask</a> from sensortask.o(i.startOtherSensorTask) referenced from sensortask.o(.constdata)
 <LI><a href="#[7c]">startSensorUpdateTask</a> from moduletask.o(i.startSensorUpdateTask) referenced from moduletask.o(.constdata)
</UL>
<P>
<H3>
Global Symbols
</H3>
<P><STRONG><a name="[73]"></a>__main</STRONG> (Thumb, 0 bytes, Stack size unknown bytes, entry.o(.ARM.Collect$$$$00000000))
<BR>[Address Reference Count : 1]<UL><LI> startup_stm32f407xx.o(.text)
</UL>
<P><STRONG><a name="[3d8]"></a>_main_stk</STRONG> (Thumb, 0 bytes, Stack size unknown bytes, entry2.o(.ARM.Collect$$$$00000001))

<P><STRONG><a name="[81]"></a>_main_scatterload</STRONG> (Thumb, 0 bytes, Stack size unknown bytes, entry5.o(.ARM.Collect$$$$00000004))
<BR><BR>[Calls]<UL><LI><a href="#[82]">&gt;&gt;</a>&nbsp;&nbsp;&nbsp;__scatterload
</UL>

<P><STRONG><a name="[98]"></a>__main_after_scatterload</STRONG> (Thumb, 0 bytes, Stack size unknown bytes, entry5.o(.ARM.Collect$$$$00000004))
<BR><BR>[Called By]<UL><LI><a href="#[82]">&gt;&gt;</a>&nbsp;&nbsp;&nbsp;__scatterload
</UL>

<P><STRONG><a name="[3d9]"></a>_main_clock</STRONG> (Thumb, 0 bytes, Stack size unknown bytes, entry7b.o(.ARM.Collect$$$$00000008))

<P><STRONG><a name="[3da]"></a>_main_cpp_init</STRONG> (Thumb, 0 bytes, Stack size unknown bytes, entry8b.o(.ARM.Collect$$$$0000000A))

<P><STRONG><a name="[3db]"></a>_main_init</STRONG> (Thumb, 0 bytes, Stack size unknown bytes, entry9a.o(.ARM.Collect$$$$0000000B))

<P><STRONG><a name="[3dc]"></a>__rt_final_cpp</STRONG> (Thumb, 0 bytes, Stack size unknown bytes, entry10a.o(.ARM.Collect$$$$0000000D))

<P><STRONG><a name="[3dd]"></a>__rt_final_exit</STRONG> (Thumb, 0 bytes, Stack size unknown bytes, entry11a.o(.ARM.Collect$$$$0000000F))

<P><STRONG><a name="[1c]"></a>SVC_Handler</STRONG> (Thumb, 28 bytes, Stack size 0 bytes, port.o(.emb_text))
<BR>[Address Reference Count : 1]<UL><LI> startup_stm32f407xx.o(RESET)
</UL>
<P><STRONG><a name="[3d0]"></a>__asm___6_port_c_39a90d8d__prvStartFirstTask</STRONG> (Thumb, 28 bytes, Stack size 0 bytes, port.o(.emb_text))
<BR><BR>[Called By]<UL><LI><a href="#[3cd]">&gt;&gt;</a>&nbsp;&nbsp;&nbsp;xPortStartScheduler
</UL>

<P><STRONG><a name="[3cf]"></a>__asm___6_port_c_39a90d8d__prvEnableVFP</STRONG> (Thumb, 16 bytes, Stack size 0 bytes, port.o(.emb_text))
<BR><BR>[Called By]<UL><LI><a href="#[3cd]">&gt;&gt;</a>&nbsp;&nbsp;&nbsp;xPortStartScheduler
</UL>

<P><STRONG><a name="[1e]"></a>PendSV_Handler</STRONG> (Thumb, 92 bytes, Stack size 0 bytes, port.o(.emb_text))
<BR><BR>[Calls]<UL><LI><a href="#[83]">&gt;&gt;</a>&nbsp;&nbsp;&nbsp;vTaskSwitchContext
</UL>
<BR>[Address Reference Count : 1]<UL><LI> startup_stm32f407xx.o(RESET)
</UL>
<P><STRONG><a name="[3c8]"></a>vPortGetIPSR</STRONG> (Thumb, 6 bytes, Stack size 0 bytes, port.o(.emb_text))
<BR><BR>[Called By]<UL><LI><a href="#[3c7]">&gt;&gt;</a>&nbsp;&nbsp;&nbsp;vPortValidateInterruptPriority
</UL>

<P><STRONG><a name="[16]"></a>Reset_Handler</STRONG> (Thumb, 8 bytes, Stack size 0 bytes, startup_stm32f407xx.o(.text))
<BR>[Address Reference Count : 1]<UL><LI> startup_stm32f407xx.o(RESET)
</UL>
<P><STRONG><a name="[32]"></a>ADC_IRQHandler</STRONG> (Thumb, 0 bytes, Stack size 0 bytes, startup_stm32f407xx.o(.text))
<BR><BR>[Calls]<UL><LI><a href="#[32]">&gt;&gt;</a>&nbsp;&nbsp;&nbsp;ADC_IRQHandler
</UL>
<BR>[Called By]<UL><LI><a href="#[32]">&gt;&gt;</a>&nbsp;&nbsp;&nbsp;ADC_IRQHandler
</UL>
<BR>[Address Reference Count : 1]<UL><LI> startup_stm32f407xx.o(RESET)
</UL>
<P><STRONG><a name="[34]"></a>CAN1_RX0_IRQHandler</STRONG> (Thumb, 0 bytes, Stack size 0 bytes, startup_stm32f407xx.o(.text))
<BR>[Address Reference Count : 1]<UL><LI> startup_stm32f407xx.o(RESET)
</UL>
<P><STRONG><a name="[35]"></a>CAN1_RX1_IRQHandler</STRONG> (Thumb, 0 bytes, Stack size 0 bytes, startup_stm32f407xx.o(.text))
<BR>[Address Reference Count : 1]<UL><LI> startup_stm32f407xx.o(RESET)
</UL>
<P><STRONG><a name="[36]"></a>CAN1_SCE_IRQHandler</STRONG> (Thumb, 0 bytes, Stack size 0 bytes, startup_stm32f407xx.o(.text))
<BR>[Address Reference Count : 1]<UL><LI> startup_stm32f407xx.o(RESET)
</UL>
<P><STRONG><a name="[33]"></a>CAN1_TX_IRQHandler</STRONG> (Thumb, 0 bytes, Stack size 0 bytes, startup_stm32f407xx.o(.text))
<BR>[Address Reference Count : 1]<UL><LI> startup_stm32f407xx.o(RESET)
</UL>
<P><STRONG><a name="[60]"></a>CAN2_RX0_IRQHandler</STRONG> (Thumb, 0 bytes, Stack size 0 bytes, startup_stm32f407xx.o(.text))
<BR>[Address Reference Count : 1]<UL><LI> startup_stm32f407xx.o(RESET)
</UL>
<P><STRONG><a name="[61]"></a>CAN2_RX1_IRQHandler</STRONG> (Thumb, 0 bytes, Stack size 0 bytes, startup_stm32f407xx.o(.text))
<BR>[Address Reference Count : 1]<UL><LI> startup_stm32f407xx.o(RESET)
</UL>
<P><STRONG><a name="[62]"></a>CAN2_SCE_IRQHandler</STRONG> (Thumb, 0 bytes, Stack size 0 bytes, startup_stm32f407xx.o(.text))
<BR>[Address Reference Count : 1]<UL><LI> startup_stm32f407xx.o(RESET)
</UL>
<P><STRONG><a name="[5f]"></a>CAN2_TX_IRQHandler</STRONG> (Thumb, 0 bytes, Stack size 0 bytes, startup_stm32f407xx.o(.text))
<BR>[Address Reference Count : 1]<UL><LI> startup_stm32f407xx.o(RESET)
</UL>
<P><STRONG><a name="[6e]"></a>DCMI_IRQHandler</STRONG> (Thumb, 0 bytes, Stack size 0 bytes, startup_stm32f407xx.o(.text))
<BR>[Address Reference Count : 1]<UL><LI> startup_stm32f407xx.o(RESET)
</UL>
<P><STRONG><a name="[2b]"></a>DMA1_Stream0_IRQHandler</STRONG> (Thumb, 0 bytes, Stack size 0 bytes, startup_stm32f407xx.o(.text))
<BR>[Address Reference Count : 1]<UL><LI> startup_stm32f407xx.o(RESET)
</UL>
<P><STRONG><a name="[2c]"></a>DMA1_Stream1_IRQHandler</STRONG> (Thumb, 0 bytes, Stack size 0 bytes, startup_stm32f407xx.o(.text))
<BR>[Address Reference Count : 1]<UL><LI> startup_stm32f407xx.o(RESET)
</UL>
<P><STRONG><a name="[2d]"></a>DMA1_Stream2_IRQHandler</STRONG> (Thumb, 0 bytes, Stack size 0 bytes, startup_stm32f407xx.o(.text))
<BR>[Address Reference Count : 1]<UL><LI> startup_stm32f407xx.o(RESET)
</UL>
<P><STRONG><a name="[2e]"></a>DMA1_Stream3_IRQHandler</STRONG> (Thumb, 0 bytes, Stack size 0 bytes, startup_stm32f407xx.o(.text))
<BR>[Address Reference Count : 1]<UL><LI> startup_stm32f407xx.o(RESET)
</UL>
<P><STRONG><a name="[2f]"></a>DMA1_Stream4_IRQHandler</STRONG> (Thumb, 0 bytes, Stack size 0 bytes, startup_stm32f407xx.o(.text))
<BR>[Address Reference Count : 1]<UL><LI> startup_stm32f407xx.o(RESET)
</UL>
<P><STRONG><a name="[30]"></a>DMA1_Stream5_IRQHandler</STRONG> (Thumb, 0 bytes, Stack size 0 bytes, startup_stm32f407xx.o(.text))
<BR>[Address Reference Count : 1]<UL><LI> startup_stm32f407xx.o(RESET)
</UL>
<P><STRONG><a name="[31]"></a>DMA1_Stream6_IRQHandler</STRONG> (Thumb, 0 bytes, Stack size 0 bytes, startup_stm32f407xx.o(.text))
<BR>[Address Reference Count : 1]<UL><LI> startup_stm32f407xx.o(RESET)
</UL>
<P><STRONG><a name="[4f]"></a>DMA1_Stream7_IRQHandler</STRONG> (Thumb, 0 bytes, Stack size 0 bytes, startup_stm32f407xx.o(.text))
<BR>[Address Reference Count : 1]<UL><LI> startup_stm32f407xx.o(RESET)
</UL>
<P><STRONG><a name="[58]"></a>DMA2_Stream0_IRQHandler</STRONG> (Thumb, 0 bytes, Stack size 0 bytes, startup_stm32f407xx.o(.text))
<BR>[Address Reference Count : 1]<UL><LI> startup_stm32f407xx.o(RESET)
</UL>
<P><STRONG><a name="[59]"></a>DMA2_Stream1_IRQHandler</STRONG> (Thumb, 0 bytes, Stack size 0 bytes, startup_stm32f407xx.o(.text))
<BR>[Address Reference Count : 1]<UL><LI> startup_stm32f407xx.o(RESET)
</UL>
<P><STRONG><a name="[5a]"></a>DMA2_Stream2_IRQHandler</STRONG> (Thumb, 0 bytes, Stack size 0 bytes, startup_stm32f407xx.o(.text))
<BR>[Address Reference Count : 1]<UL><LI> startup_stm32f407xx.o(RESET)
</UL>
<P><STRONG><a name="[5b]"></a>DMA2_Stream3_IRQHandler</STRONG> (Thumb, 0 bytes, Stack size 0 bytes, startup_stm32f407xx.o(.text))
<BR>[Address Reference Count : 1]<UL><LI> startup_stm32f407xx.o(RESET)
</UL>
<P><STRONG><a name="[5c]"></a>DMA2_Stream4_IRQHandler</STRONG> (Thumb, 0 bytes, Stack size 0 bytes, startup_stm32f407xx.o(.text))
<BR>[Address Reference Count : 1]<UL><LI> startup_stm32f407xx.o(RESET)
</UL>
<P><STRONG><a name="[64]"></a>DMA2_Stream5_IRQHandler</STRONG> (Thumb, 0 bytes, Stack size 0 bytes, startup_stm32f407xx.o(.text))
<BR>[Address Reference Count : 1]<UL><LI> startup_stm32f407xx.o(RESET)
</UL>
<P><STRONG><a name="[65]"></a>DMA2_Stream6_IRQHandler</STRONG> (Thumb, 0 bytes, Stack size 0 bytes, startup_stm32f407xx.o(.text))
<BR>[Address Reference Count : 1]<UL><LI> startup_stm32f407xx.o(RESET)
</UL>
<P><STRONG><a name="[66]"></a>DMA2_Stream7_IRQHandler</STRONG> (Thumb, 0 bytes, Stack size 0 bytes, startup_stm32f407xx.o(.text))
<BR>[Address Reference Count : 1]<UL><LI> startup_stm32f407xx.o(RESET)
</UL>
<P><STRONG><a name="[5d]"></a>ETH_IRQHandler</STRONG> (Thumb, 0 bytes, Stack size 0 bytes, startup_stm32f407xx.o(.text))
<BR>[Address Reference Count : 1]<UL><LI> startup_stm32f407xx.o(RESET)
</UL>
<P><STRONG><a name="[5e]"></a>ETH_WKUP_IRQHandler</STRONG> (Thumb, 0 bytes, Stack size 0 bytes, startup_stm32f407xx.o(.text))
<BR>[Address Reference Count : 1]<UL><LI> startup_stm32f407xx.o(RESET)
</UL>
<P><STRONG><a name="[26]"></a>EXTI0_IRQHandler</STRONG> (Thumb, 0 bytes, Stack size 0 bytes, startup_stm32f407xx.o(.text))
<BR>[Address Reference Count : 1]<UL><LI> startup_stm32f407xx.o(RESET)
</UL>
<P><STRONG><a name="[48]"></a>EXTI15_10_IRQHandler</STRONG> (Thumb, 0 bytes, Stack size 0 bytes, startup_stm32f407xx.o(.text))
<BR>[Address Reference Count : 1]<UL><LI> startup_stm32f407xx.o(RESET)
</UL>
<P><STRONG><a name="[27]"></a>EXTI1_IRQHandler</STRONG> (Thumb, 0 bytes, Stack size 0 bytes, startup_stm32f407xx.o(.text))
<BR>[Address Reference Count : 1]<UL><LI> startup_stm32f407xx.o(RESET)
</UL>
<P><STRONG><a name="[28]"></a>EXTI2_IRQHandler</STRONG> (Thumb, 0 bytes, Stack size 0 bytes, startup_stm32f407xx.o(.text))
<BR>[Address Reference Count : 1]<UL><LI> startup_stm32f407xx.o(RESET)
</UL>
<P><STRONG><a name="[29]"></a>EXTI3_IRQHandler</STRONG> (Thumb, 0 bytes, Stack size 0 bytes, startup_stm32f407xx.o(.text))
<BR>[Address Reference Count : 1]<UL><LI> startup_stm32f407xx.o(RESET)
</UL>
<P><STRONG><a name="[2a]"></a>EXTI4_IRQHandler</STRONG> (Thumb, 0 bytes, Stack size 0 bytes, startup_stm32f407xx.o(.text))
<BR>[Address Reference Count : 1]<UL><LI> startup_stm32f407xx.o(RESET)
</UL>
<P><STRONG><a name="[37]"></a>EXTI9_5_IRQHandler</STRONG> (Thumb, 0 bytes, Stack size 0 bytes, startup_stm32f407xx.o(.text))
<BR>[Address Reference Count : 1]<UL><LI> startup_stm32f407xx.o(RESET)
</UL>
<P><STRONG><a name="[24]"></a>FLASH_IRQHandler</STRONG> (Thumb, 0 bytes, Stack size 0 bytes, startup_stm32f407xx.o(.text))
<BR>[Address Reference Count : 1]<UL><LI> startup_stm32f407xx.o(RESET)
</UL>
<P><STRONG><a name="[50]"></a>FMC_IRQHandler</STRONG> (Thumb, 0 bytes, Stack size 0 bytes, startup_stm32f407xx.o(.text))
<BR>[Address Reference Count : 1]<UL><LI> startup_stm32f407xx.o(RESET)
</UL>
<P><STRONG><a name="[70]"></a>FPU_IRQHandler</STRONG> (Thumb, 0 bytes, Stack size 0 bytes, startup_stm32f407xx.o(.text))
<BR>[Address Reference Count : 1]<UL><LI> startup_stm32f407xx.o(RESET)
</UL>
<P><STRONG><a name="[6f]"></a>HASH_RNG_IRQHandler</STRONG> (Thumb, 0 bytes, Stack size 0 bytes, startup_stm32f407xx.o(.text))
<BR>[Address Reference Count : 1]<UL><LI> startup_stm32f407xx.o(RESET)
</UL>
<P><STRONG><a name="[40]"></a>I2C1_ER_IRQHandler</STRONG> (Thumb, 0 bytes, Stack size 0 bytes, startup_stm32f407xx.o(.text))
<BR>[Address Reference Count : 1]<UL><LI> startup_stm32f407xx.o(RESET)
</UL>
<P><STRONG><a name="[3f]"></a>I2C1_EV_IRQHandler</STRONG> (Thumb, 0 bytes, Stack size 0 bytes, startup_stm32f407xx.o(.text))
<BR>[Address Reference Count : 1]<UL><LI> startup_stm32f407xx.o(RESET)
</UL>
<P><STRONG><a name="[42]"></a>I2C2_ER_IRQHandler</STRONG> (Thumb, 0 bytes, Stack size 0 bytes, startup_stm32f407xx.o(.text))
<BR>[Address Reference Count : 1]<UL><LI> startup_stm32f407xx.o(RESET)
</UL>
<P><STRONG><a name="[41]"></a>I2C2_EV_IRQHandler</STRONG> (Thumb, 0 bytes, Stack size 0 bytes, startup_stm32f407xx.o(.text))
<BR>[Address Reference Count : 1]<UL><LI> startup_stm32f407xx.o(RESET)
</UL>
<P><STRONG><a name="[69]"></a>I2C3_ER_IRQHandler</STRONG> (Thumb, 0 bytes, Stack size 0 bytes, startup_stm32f407xx.o(.text))
<BR>[Address Reference Count : 1]<UL><LI> startup_stm32f407xx.o(RESET)
</UL>
<P><STRONG><a name="[68]"></a>I2C3_EV_IRQHandler</STRONG> (Thumb, 0 bytes, Stack size 0 bytes, startup_stm32f407xx.o(.text))
<BR>[Address Reference Count : 1]<UL><LI> startup_stm32f407xx.o(RESET)
</UL>
<P><STRONG><a name="[4a]"></a>OTG_FS_WKUP_IRQHandler</STRONG> (Thumb, 0 bytes, Stack size 0 bytes, startup_stm32f407xx.o(.text))
<BR>[Address Reference Count : 1]<UL><LI> startup_stm32f407xx.o(RESET)
</UL>
<P><STRONG><a name="[6b]"></a>OTG_HS_EP1_IN_IRQHandler</STRONG> (Thumb, 0 bytes, Stack size 0 bytes, startup_stm32f407xx.o(.text))
<BR>[Address Reference Count : 1]<UL><LI> startup_stm32f407xx.o(RESET)
</UL>
<P><STRONG><a name="[6a]"></a>OTG_HS_EP1_OUT_IRQHandler</STRONG> (Thumb, 0 bytes, Stack size 0 bytes, startup_stm32f407xx.o(.text))
<BR>[Address Reference Count : 1]<UL><LI> startup_stm32f407xx.o(RESET)
</UL>
<P><STRONG><a name="[6d]"></a>OTG_HS_IRQHandler</STRONG> (Thumb, 0 bytes, Stack size 0 bytes, startup_stm32f407xx.o(.text))
<BR>[Address Reference Count : 1]<UL><LI> startup_stm32f407xx.o(RESET)
</UL>
<P><STRONG><a name="[6c]"></a>OTG_HS_WKUP_IRQHandler</STRONG> (Thumb, 0 bytes, Stack size 0 bytes, startup_stm32f407xx.o(.text))
<BR>[Address Reference Count : 1]<UL><LI> startup_stm32f407xx.o(RESET)
</UL>
<P><STRONG><a name="[21]"></a>PVD_IRQHandler</STRONG> (Thumb, 0 bytes, Stack size 0 bytes, startup_stm32f407xx.o(.text))
<BR>[Address Reference Count : 1]<UL><LI> startup_stm32f407xx.o(RESET)
</UL>
<P><STRONG><a name="[25]"></a>RCC_IRQHandler</STRONG> (Thumb, 0 bytes, Stack size 0 bytes, startup_stm32f407xx.o(.text))
<BR>[Address Reference Count : 1]<UL><LI> startup_stm32f407xx.o(RESET)
</UL>
<P><STRONG><a name="[49]"></a>RTC_Alarm_IRQHandler</STRONG> (Thumb, 0 bytes, Stack size 0 bytes, startup_stm32f407xx.o(.text))
<BR>[Address Reference Count : 1]<UL><LI> startup_stm32f407xx.o(RESET)
</UL>
<P><STRONG><a name="[23]"></a>RTC_WKUP_IRQHandler</STRONG> (Thumb, 0 bytes, Stack size 0 bytes, startup_stm32f407xx.o(.text))
<BR>[Address Reference Count : 1]<UL><LI> startup_stm32f407xx.o(RESET)
</UL>
<P><STRONG><a name="[51]"></a>SDIO_IRQHandler</STRONG> (Thumb, 0 bytes, Stack size 0 bytes, startup_stm32f407xx.o(.text))
<BR>[Address Reference Count : 1]<UL><LI> startup_stm32f407xx.o(RESET)
</UL>
<P><STRONG><a name="[43]"></a>SPI1_IRQHandler</STRONG> (Thumb, 0 bytes, Stack size 0 bytes, startup_stm32f407xx.o(.text))
<BR>[Address Reference Count : 1]<UL><LI> startup_stm32f407xx.o(RESET)
</UL>
<P><STRONG><a name="[44]"></a>SPI2_IRQHandler</STRONG> (Thumb, 0 bytes, Stack size 0 bytes, startup_stm32f407xx.o(.text))
<BR>[Address Reference Count : 1]<UL><LI> startup_stm32f407xx.o(RESET)
</UL>
<P><STRONG><a name="[53]"></a>SPI3_IRQHandler</STRONG> (Thumb, 0 bytes, Stack size 0 bytes, startup_stm32f407xx.o(.text))
<BR>[Address Reference Count : 1]<UL><LI> startup_stm32f407xx.o(RESET)
</UL>
<P><STRONG><a name="[22]"></a>TAMP_STAMP_IRQHandler</STRONG> (Thumb, 0 bytes, Stack size 0 bytes, startup_stm32f407xx.o(.text))
<BR>[Address Reference Count : 1]<UL><LI> startup_stm32f407xx.o(RESET)
</UL>
<P><STRONG><a name="[38]"></a>TIM1_BRK_TIM9_IRQHandler</STRONG> (Thumb, 0 bytes, Stack size 0 bytes, startup_stm32f407xx.o(.text))
<BR>[Address Reference Count : 1]<UL><LI> startup_stm32f407xx.o(RESET)
</UL>
<P><STRONG><a name="[3b]"></a>TIM1_CC_IRQHandler</STRONG> (Thumb, 0 bytes, Stack size 0 bytes, startup_stm32f407xx.o(.text))
<BR>[Address Reference Count : 1]<UL><LI> startup_stm32f407xx.o(RESET)
</UL>
<P><STRONG><a name="[3a]"></a>TIM1_TRG_COM_TIM11_IRQHandler</STRONG> (Thumb, 0 bytes, Stack size 0 bytes, startup_stm32f407xx.o(.text))
<BR>[Address Reference Count : 1]<UL><LI> startup_stm32f407xx.o(RESET)
</UL>
<P><STRONG><a name="[39]"></a>TIM1_UP_TIM10_IRQHandler</STRONG> (Thumb, 0 bytes, Stack size 0 bytes, startup_stm32f407xx.o(.text))
<BR>[Address Reference Count : 1]<UL><LI> startup_stm32f407xx.o(RESET)
</UL>
<P><STRONG><a name="[3c]"></a>TIM2_IRQHandler</STRONG> (Thumb, 0 bytes, Stack size 0 bytes, startup_stm32f407xx.o(.text))
<BR>[Address Reference Count : 1]<UL><LI> startup_stm32f407xx.o(RESET)
</UL>
<P><STRONG><a name="[52]"></a>TIM5_IRQHandler</STRONG> (Thumb, 0 bytes, Stack size 0 bytes, startup_stm32f407xx.o(.text))
<BR>[Address Reference Count : 1]<UL><LI> startup_stm32f407xx.o(RESET)
</UL>
<P><STRONG><a name="[56]"></a>TIM6_DAC_IRQHandler</STRONG> (Thumb, 0 bytes, Stack size 0 bytes, startup_stm32f407xx.o(.text))
<BR>[Address Reference Count : 1]<UL><LI> startup_stm32f407xx.o(RESET)
</UL>
<P><STRONG><a name="[57]"></a>TIM7_IRQHandler</STRONG> (Thumb, 0 bytes, Stack size 0 bytes, startup_stm32f407xx.o(.text))
<BR>[Address Reference Count : 1]<UL><LI> startup_stm32f407xx.o(RESET)
</UL>
<P><STRONG><a name="[4b]"></a>TIM8_BRK_TIM12_IRQHandler</STRONG> (Thumb, 0 bytes, Stack size 0 bytes, startup_stm32f407xx.o(.text))
<BR>[Address Reference Count : 1]<UL><LI> startup_stm32f407xx.o(RESET)
</UL>
<P><STRONG><a name="[4e]"></a>TIM8_CC_IRQHandler</STRONG> (Thumb, 0 bytes, Stack size 0 bytes, startup_stm32f407xx.o(.text))
<BR>[Address Reference Count : 1]<UL><LI> startup_stm32f407xx.o(RESET)
</UL>
<P><STRONG><a name="[4c]"></a>TIM8_UP_TIM13_IRQHandler</STRONG> (Thumb, 0 bytes, Stack size 0 bytes, startup_stm32f407xx.o(.text))
<BR>[Address Reference Count : 1]<UL><LI> startup_stm32f407xx.o(RESET)
</UL>
<P><STRONG><a name="[54]"></a>UART4_IRQHandler</STRONG> (Thumb, 0 bytes, Stack size 0 bytes, startup_stm32f407xx.o(.text))
<BR>[Address Reference Count : 1]<UL><LI> startup_stm32f407xx.o(RESET)
</UL>
<P><STRONG><a name="[55]"></a>UART5_IRQHandler</STRONG> (Thumb, 0 bytes, Stack size 0 bytes, startup_stm32f407xx.o(.text))
<BR>[Address Reference Count : 1]<UL><LI> startup_stm32f407xx.o(RESET)
</UL>
<P><STRONG><a name="[46]"></a>USART2_IRQHandler</STRONG> (Thumb, 0 bytes, Stack size 0 bytes, startup_stm32f407xx.o(.text))
<BR>[Address Reference Count : 1]<UL><LI> startup_stm32f407xx.o(RESET)
</UL>
<P><STRONG><a name="[47]"></a>USART3_IRQHandler</STRONG> (Thumb, 0 bytes, Stack size 0 bytes, startup_stm32f407xx.o(.text))
<BR>[Address Reference Count : 1]<UL><LI> startup_stm32f407xx.o(RESET)
</UL>
<P><STRONG><a name="[67]"></a>USART6_IRQHandler</STRONG> (Thumb, 0 bytes, Stack size 0 bytes, startup_stm32f407xx.o(.text))
<BR>[Address Reference Count : 1]<UL><LI> startup_stm32f407xx.o(RESET)
</UL>
<P><STRONG><a name="[20]"></a>WWDG_IRQHandler</STRONG> (Thumb, 0 bytes, Stack size 0 bytes, startup_stm32f407xx.o(.text))
<BR>[Address Reference Count : 1]<UL><LI> startup_stm32f407xx.o(RESET)
</UL>
<P><STRONG><a name="[84]"></a>__aeabi_uldivmod</STRONG> (Thumb, 98 bytes, Stack size 40 bytes, uldiv.o(.text))
<BR><BR>[Stack]<UL><LI>Max Depth = 40<LI>Call Chain = __aeabi_uldivmod
</UL>
<BR>[Calls]<UL><LI><a href="#[85]">&gt;&gt;</a>&nbsp;&nbsp;&nbsp;__aeabi_llsr
<LI><a href="#[86]">&gt;&gt;</a>&nbsp;&nbsp;&nbsp;__aeabi_llsl
</UL>
<BR>[Called By]<UL><LI><a href="#[1e9]">&gt;&gt;</a>&nbsp;&nbsp;&nbsp;HAL_RCC_GetSysClockFreq
</UL>

<P><STRONG><a name="[17c]"></a>rand</STRONG> (Thumb, 20 bytes, Stack size 0 bytes, rand.o(.text))
<BR><BR>[Called By]<UL><LI><a href="#[17b]">&gt;&gt;</a>&nbsp;&nbsp;&nbsp;GetRandom
</UL>

<P><STRONG><a name="[3de]"></a>srand</STRONG> (Thumb, 6 bytes, Stack size 0 bytes, rand.o(.text), UNUSED)

<P><STRONG><a name="[3df]"></a>___aeabi_memcpy8$ret</STRONG> (Thumb, 0 bytes, Stack size 8 bytes, memcpy.o(.text), UNUSED)

<P><STRONG><a name="[111]"></a>__aeabi_memcpy</STRONG> (Thumb, 40 bytes, Stack size 8 bytes, memcpy.o(.text))
<BR><BR>[Stack]<UL><LI>Max Depth = 8<LI>Call Chain = __aeabi_memcpy
</UL>
<BR>[Called By]<UL><LI><a href="#[39c]">&gt;&gt;</a>&nbsp;&nbsp;&nbsp;prvCopyDataToQueue
<LI><a href="#[39b]">&gt;&gt;</a>&nbsp;&nbsp;&nbsp;prvCopyDataFromQueue
<LI><a href="#[265]">&gt;&gt;</a>&nbsp;&nbsp;&nbsp;MavlinkDecode
<LI><a href="#[10f]">&gt;&gt;</a>&nbsp;&nbsp;&nbsp;BsklinkDecode
<LI><a href="#[294]">&gt;&gt;</a>&nbsp;&nbsp;&nbsp;mavlink_frame_char_buffer
<LI><a href="#[285]">&gt;&gt;</a>&nbsp;&nbsp;&nbsp;MavlinkSendParamValue
<LI><a href="#[264]">&gt;&gt;</a>&nbsp;&nbsp;&nbsp;MavlinkSendNotice
<LI><a href="#[273]">&gt;&gt;</a>&nbsp;&nbsp;&nbsp;mavlink_msg_to_send_buffer
<LI><a href="#[279]">&gt;&gt;</a>&nbsp;&nbsp;&nbsp;mav_array_memcpy
<LI><a href="#[266]">&gt;&gt;</a>&nbsp;&nbsp;&nbsp;mavlink_frame_char_buffer
<LI><a href="#[144]">&gt;&gt;</a>&nbsp;&nbsp;&nbsp;BsklinkSendSensorCaliData
<LI><a href="#[143]">&gt;&gt;</a>&nbsp;&nbsp;&nbsp;BsklinkSendSensorCaliCmd
<LI><a href="#[13c]">&gt;&gt;</a>&nbsp;&nbsp;&nbsp;BsklinkSendSensor
<LI><a href="#[13a]">&gt;&gt;</a>&nbsp;&nbsp;&nbsp;BsklinkSendRcData
<LI><a href="#[139]">&gt;&gt;</a>&nbsp;&nbsp;&nbsp;BsklinkSendPidPos
<LI><a href="#[137]">&gt;&gt;</a>&nbsp;&nbsp;&nbsp;BsklinkSendPidAtt
<LI><a href="#[136]">&gt;&gt;</a>&nbsp;&nbsp;&nbsp;BsklinkSendPidAck
<LI><a href="#[133]">&gt;&gt;</a>&nbsp;&nbsp;&nbsp;BsklinkSendMotor
<LI><a href="#[132]">&gt;&gt;</a>&nbsp;&nbsp;&nbsp;BsklinkSendHeartBeat
<LI><a href="#[130]">&gt;&gt;</a>&nbsp;&nbsp;&nbsp;BsklinkSendGps
<LI><a href="#[12f]">&gt;&gt;</a>&nbsp;&nbsp;&nbsp;BsklinkSendFlightStatus
<LI><a href="#[12a]">&gt;&gt;</a>&nbsp;&nbsp;&nbsp;BsklinkSendFlightData
<LI><a href="#[121]">&gt;&gt;</a>&nbsp;&nbsp;&nbsp;BsklinkSendAttAnalyse
<LI><a href="#[120]">&gt;&gt;</a>&nbsp;&nbsp;&nbsp;BsklinkMsgFormat
<LI><a href="#[11f]">&gt;&gt;</a>&nbsp;&nbsp;&nbsp;BsklinkMsgCheckSum
<LI><a href="#[11e]">&gt;&gt;</a>&nbsp;&nbsp;&nbsp;BsklinkMsgCalculateSum
<LI><a href="#[13b]">&gt;&gt;</a>&nbsp;&nbsp;&nbsp;GetRcData
</UL>

<P><STRONG><a name="[112]"></a>__aeabi_memcpy4</STRONG> (Thumb, 0 bytes, Stack size 8 bytes, memcpy.o(.text))
<BR><BR>[Stack]<UL><LI>Max Depth = 8<LI>Call Chain = __aeabi_memcpy4
</UL>
<BR>[Called By]<UL><LI><a href="#[2c7]">&gt;&gt;</a>&nbsp;&nbsp;&nbsp;SensorTaskCreate
<LI><a href="#[2a3]">&gt;&gt;</a>&nbsp;&nbsp;&nbsp;NavigationTaskCreate
<LI><a href="#[29e]">&gt;&gt;</a>&nbsp;&nbsp;&nbsp;ModuleTaskCreate
<LI><a href="#[298]">&gt;&gt;</a>&nbsp;&nbsp;&nbsp;MessageTaskCreate
<LI><a href="#[154]">&gt;&gt;</a>&nbsp;&nbsp;&nbsp;ControlTaskCreate
<LI><a href="#[240]">&gt;&gt;</a>&nbsp;&nbsp;&nbsp;MX_FREERTOS_Init
<LI><a href="#[1d6]">&gt;&gt;</a>&nbsp;&nbsp;&nbsp;HAL_PCD_Init
<LI><a href="#[265]">&gt;&gt;</a>&nbsp;&nbsp;&nbsp;MavlinkDecode
<LI><a href="#[10f]">&gt;&gt;</a>&nbsp;&nbsp;&nbsp;BsklinkDecode
<LI><a href="#[9b]">&gt;&gt;</a>&nbsp;&nbsp;&nbsp;KalmanAuxInit
<LI><a href="#[9e]">&gt;&gt;</a>&nbsp;&nbsp;&nbsp;KalmanYawInit
<LI><a href="#[9d]">&gt;&gt;</a>&nbsp;&nbsp;&nbsp;KalmanRollPitchInit
<LI><a href="#[138]">&gt;&gt;</a>&nbsp;&nbsp;&nbsp;FcGetPID
<LI><a href="#[236]">&gt;&gt;</a>&nbsp;&nbsp;&nbsp;KalmanVelInit
<LI><a href="#[230]">&gt;&gt;</a>&nbsp;&nbsp;&nbsp;KalmanPosInit
<LI><a href="#[339]">&gt;&gt;</a>&nbsp;&nbsp;&nbsp;VL53L0X_perform_ref_spad_management
<LI><a href="#[337]">&gt;&gt;</a>&nbsp;&nbsp;&nbsp;VL53L0X_StaticInit
<LI><a href="#[318]">&gt;&gt;</a>&nbsp;&nbsp;&nbsp;VL53L0X_GetRangingMeasurementData
<LI><a href="#[302]">&gt;&gt;</a>&nbsp;&nbsp;&nbsp;VL53L0X_DataInit
<LI><a href="#[28f]">&gt;&gt;</a>&nbsp;&nbsp;&nbsp;MavlinkSendVfrHud
<LI><a href="#[28c]">&gt;&gt;</a>&nbsp;&nbsp;&nbsp;MavlinkSendSysStatus
<LI><a href="#[28b]">&gt;&gt;</a>&nbsp;&nbsp;&nbsp;MavlinkSendStatusText
<LI><a href="#[28a]">&gt;&gt;</a>&nbsp;&nbsp;&nbsp;MavlinkSendScaledImu
<LI><a href="#[288]">&gt;&gt;</a>&nbsp;&nbsp;&nbsp;MavlinkSendRcChannels
<LI><a href="#[285]">&gt;&gt;</a>&nbsp;&nbsp;&nbsp;MavlinkSendParamValue
<LI><a href="#[27e]">&gt;&gt;</a>&nbsp;&nbsp;&nbsp;MavlinkSendMissionItem
<LI><a href="#[27a]">&gt;&gt;</a>&nbsp;&nbsp;&nbsp;MavlinkSendLocalPositionNed
<LI><a href="#[277]">&gt;&gt;</a>&nbsp;&nbsp;&nbsp;MavlinkSendHomePosition
<LI><a href="#[276]">&gt;&gt;</a>&nbsp;&nbsp;&nbsp;MavlinkSendHeartbeat
<LI><a href="#[275]">&gt;&gt;</a>&nbsp;&nbsp;&nbsp;MavlinkSendGpsRawInt
<LI><a href="#[271]">&gt;&gt;</a>&nbsp;&nbsp;&nbsp;MavlinkSendAttitude
<LI><a href="#[289]">&gt;&gt;</a>&nbsp;&nbsp;&nbsp;mavlink_msg_rc_channels_pack
<LI><a href="#[280]">&gt;&gt;</a>&nbsp;&nbsp;&nbsp;mavlink_msg_mission_item_encode
<LI><a href="#[131]">&gt;&gt;</a>&nbsp;&nbsp;&nbsp;ubloxGetData
<LI><a href="#[144]">&gt;&gt;</a>&nbsp;&nbsp;&nbsp;BsklinkSendSensorCaliData
<LI><a href="#[143]">&gt;&gt;</a>&nbsp;&nbsp;&nbsp;BsklinkSendSensorCaliCmd
<LI><a href="#[13c]">&gt;&gt;</a>&nbsp;&nbsp;&nbsp;BsklinkSendSensor
<LI><a href="#[13a]">&gt;&gt;</a>&nbsp;&nbsp;&nbsp;BsklinkSendRcData
<LI><a href="#[139]">&gt;&gt;</a>&nbsp;&nbsp;&nbsp;BsklinkSendPidPos
<LI><a href="#[137]">&gt;&gt;</a>&nbsp;&nbsp;&nbsp;BsklinkSendPidAtt
<LI><a href="#[136]">&gt;&gt;</a>&nbsp;&nbsp;&nbsp;BsklinkSendPidAck
<LI><a href="#[133]">&gt;&gt;</a>&nbsp;&nbsp;&nbsp;BsklinkSendMotor
<LI><a href="#[132]">&gt;&gt;</a>&nbsp;&nbsp;&nbsp;BsklinkSendHeartBeat
<LI><a href="#[130]">&gt;&gt;</a>&nbsp;&nbsp;&nbsp;BsklinkSendGps
<LI><a href="#[12f]">&gt;&gt;</a>&nbsp;&nbsp;&nbsp;BsklinkSendFlightStatus
<LI><a href="#[12a]">&gt;&gt;</a>&nbsp;&nbsp;&nbsp;BsklinkSendFlightData
<LI><a href="#[121]">&gt;&gt;</a>&nbsp;&nbsp;&nbsp;BsklinkSendAttAnalyse
<LI><a href="#[113]">&gt;&gt;</a>&nbsp;&nbsp;&nbsp;BsklinkDecodeSetPosPid
<LI><a href="#[119]">&gt;&gt;</a>&nbsp;&nbsp;&nbsp;BsklinkDecodeSetAttPid
<LI><a href="#[267]">&gt;&gt;</a>&nbsp;&nbsp;&nbsp;SetWaypointItem
<LI><a href="#[17d]">&gt;&gt;</a>&nbsp;&nbsp;&nbsp;GetWaypointItem
<LI><a href="#[21c]">&gt;&gt;</a>&nbsp;&nbsp;&nbsp;ubloxDecode
<LI><a href="#[174]">&gt;&gt;</a>&nbsp;&nbsp;&nbsp;ubloxInit
</UL>

<P><STRONG><a name="[153]"></a>memcpy</STRONG> (Thumb, 0 bytes, Stack size 8 bytes, memcpy.o(.text))
<BR><BR>[Stack]<UL><LI>Max Depth = 8<LI>Call Chain = memcpy
</UL>
<BR>[Called By]<UL><LI><a href="#[152]">&gt;&gt;</a>&nbsp;&nbsp;&nbsp;Compass_Get_Lookup_Value
</UL>

<P><STRONG><a name="[88]"></a>__aeabi_memset</STRONG> (Thumb, 14 bytes, Stack size 0 bytes, memseta.o(.text))
<BR><BR>[Called By]<UL><LI><a href="#[39f]">&gt;&gt;</a>&nbsp;&nbsp;&nbsp;prvInitialiseNewTask
<LI><a href="#[89]">&gt;&gt;</a>&nbsp;&nbsp;&nbsp;_memset$wrapper
<LI><a href="#[87]">&gt;&gt;</a>&nbsp;&nbsp;&nbsp;__aeabi_memclr
</UL>

<P><STRONG><a name="[3e0]"></a>__aeabi_memset4</STRONG> (Thumb, 0 bytes, Stack size 0 bytes, memseta.o(.text), UNUSED)

<P><STRONG><a name="[3e1]"></a>__aeabi_memset8</STRONG> (Thumb, 0 bytes, Stack size 0 bytes, memseta.o(.text), UNUSED)

<P><STRONG><a name="[87]"></a>__aeabi_memclr</STRONG> (Thumb, 4 bytes, Stack size 0 bytes, memseta.o(.text))
<BR><BR>[Calls]<UL><LI><a href="#[88]">&gt;&gt;</a>&nbsp;&nbsp;&nbsp;__aeabi_memset
</UL>
<BR>[Called By]<UL><LI><a href="#[265]">&gt;&gt;</a>&nbsp;&nbsp;&nbsp;MavlinkDecode
<LI><a href="#[7a]">&gt;&gt;</a>&nbsp;&nbsp;&nbsp;startMessageTask
<LI><a href="#[264]">&gt;&gt;</a>&nbsp;&nbsp;&nbsp;MavlinkSendNotice
<LI><a href="#[279]">&gt;&gt;</a>&nbsp;&nbsp;&nbsp;mav_array_memcpy
</UL>

<P><STRONG><a name="[151]"></a>__aeabi_memclr4</STRONG> (Thumb, 0 bytes, Stack size 0 bytes, memseta.o(.text))
<BR><BR>[Called By]<UL><LI><a href="#[265]">&gt;&gt;</a>&nbsp;&nbsp;&nbsp;MavlinkDecode
<LI><a href="#[9b]">&gt;&gt;</a>&nbsp;&nbsp;&nbsp;KalmanAuxInit
<LI><a href="#[9e]">&gt;&gt;</a>&nbsp;&nbsp;&nbsp;KalmanYawInit
<LI><a href="#[9d]">&gt;&gt;</a>&nbsp;&nbsp;&nbsp;KalmanRollPitchInit
<LI><a href="#[337]">&gt;&gt;</a>&nbsp;&nbsp;&nbsp;VL53L0X_StaticInit
<LI><a href="#[150]">&gt;&gt;</a>&nbsp;&nbsp;&nbsp;ClearAllWaypointItem
</UL>

<P><STRONG><a name="[3e2]"></a>__aeabi_memclr8</STRONG> (Thumb, 0 bytes, Stack size 0 bytes, memseta.o(.text), UNUSED)

<P><STRONG><a name="[89]"></a>_memset$wrapper</STRONG> (Thumb, 18 bytes, Stack size 8 bytes, memseta.o(.text), UNUSED)
<BR><BR>[Calls]<UL><LI><a href="#[88]">&gt;&gt;</a>&nbsp;&nbsp;&nbsp;__aeabi_memset
</UL>

<P><STRONG><a name="[284]"></a>strlen</STRONG> (Thumb, 14 bytes, Stack size 0 bytes, strlen.o(.text))
<BR><BR>[Called By]<UL><LI><a href="#[285]">&gt;&gt;</a>&nbsp;&nbsp;&nbsp;MavlinkSendParamValue
<LI><a href="#[264]">&gt;&gt;</a>&nbsp;&nbsp;&nbsp;MavlinkSendNotice
</UL>

<P><STRONG><a name="[347]"></a>strcpy</STRONG> (Thumb, 18 bytes, Stack size 0 bytes, strcpy.o(.text))
<BR><BR>[Called By]<UL><LI><a href="#[338]">&gt;&gt;</a>&nbsp;&nbsp;&nbsp;VL53L0X_get_info_from_device
<LI><a href="#[309]">&gt;&gt;</a>&nbsp;&nbsp;&nbsp;VL53L0X_get_device_info
<LI><a href="#[346]">&gt;&gt;</a>&nbsp;&nbsp;&nbsp;VL53L0X_check_part_used
</UL>

<P><STRONG><a name="[25f]"></a>strncmp</STRONG> (Thumb, 30 bytes, Stack size 12 bytes, strncmp.o(.text))
<BR><BR>[Stack]<UL><LI>Max Depth = 12<LI>Call Chain = strncmp
</UL>
<BR>[Called By]<UL><LI><a href="#[25e]">&gt;&gt;</a>&nbsp;&nbsp;&nbsp;MavParamGetIdByName
</UL>

<P><STRONG><a name="[8a]"></a>__aeabi_dadd</STRONG> (Thumb, 322 bytes, Stack size 48 bytes, dadd.o(.text))
<BR><BR>[Stack]<UL><LI>Max Depth = 88<LI>Call Chain = __aeabi_dadd &rArr; _double_epilogue &rArr; _double_round
</UL>
<BR>[Calls]<UL><LI><a href="#[8d]">&gt;&gt;</a>&nbsp;&nbsp;&nbsp;_double_round
<LI><a href="#[8c]">&gt;&gt;</a>&nbsp;&nbsp;&nbsp;_double_epilogue
<LI><a href="#[8b]">&gt;&gt;</a>&nbsp;&nbsp;&nbsp;__aeabi_lasr
<LI><a href="#[86]">&gt;&gt;</a>&nbsp;&nbsp;&nbsp;__aeabi_llsl
</UL>
<BR>[Called By]<UL><LI><a href="#[175]">&gt;&gt;</a>&nbsp;&nbsp;&nbsp;GaussEliminateSolveDelta
<LI><a href="#[36d]">&gt;&gt;</a>&nbsp;&nbsp;&nbsp;__kernel_poly
<LI><a href="#[366]">&gt;&gt;</a>&nbsp;&nbsp;&nbsp;__mathlib_dbl_infnan2
<LI><a href="#[365]">&gt;&gt;</a>&nbsp;&nbsp;&nbsp;__hardfp_pow
<LI><a href="#[8e]">&gt;&gt;</a>&nbsp;&nbsp;&nbsp;__aeabi_dsub
<LI><a href="#[8f]">&gt;&gt;</a>&nbsp;&nbsp;&nbsp;__aeabi_drsub
<LI><a href="#[3b5]">&gt;&gt;</a>&nbsp;&nbsp;&nbsp;spl0601GetTemperature
</UL>

<P><STRONG><a name="[8e]"></a>__aeabi_dsub</STRONG> (Thumb, 6 bytes, Stack size 0 bytes, dadd.o(.text))
<BR><BR>[Stack]<UL><LI>Max Depth = 88<LI>Call Chain = __aeabi_dsub &rArr; __aeabi_dadd &rArr; _double_epilogue &rArr; _double_round
</UL>
<BR>[Calls]<UL><LI><a href="#[8a]">&gt;&gt;</a>&nbsp;&nbsp;&nbsp;__aeabi_dadd
</UL>
<BR>[Called By]<UL><LI><a href="#[365]">&gt;&gt;</a>&nbsp;&nbsp;&nbsp;__hardfp_pow
<LI><a href="#[17e]">&gt;&gt;</a>&nbsp;&nbsp;&nbsp;GpsCalcPositionChanged
</UL>

<P><STRONG><a name="[8f]"></a>__aeabi_drsub</STRONG> (Thumb, 6 bytes, Stack size 0 bytes, dadd.o(.text))
<BR><BR>[Stack]<UL><LI>Max Depth = 88<LI>Call Chain = __aeabi_drsub &rArr; __aeabi_dadd &rArr; _double_epilogue &rArr; _double_round
</UL>
<BR>[Calls]<UL><LI><a href="#[8a]">&gt;&gt;</a>&nbsp;&nbsp;&nbsp;__aeabi_dadd
</UL>
<BR>[Called By]<UL><LI><a href="#[365]">&gt;&gt;</a>&nbsp;&nbsp;&nbsp;__hardfp_pow
<LI><a href="#[10d]">&gt;&gt;</a>&nbsp;&nbsp;&nbsp;spl0601Update
</UL>

<P><STRONG><a name="[90]"></a>__aeabi_dmul</STRONG> (Thumb, 228 bytes, Stack size 48 bytes, dmul.o(.text))
<BR><BR>[Stack]<UL><LI>Max Depth = 88<LI>Call Chain = __aeabi_dmul &rArr; _double_epilogue &rArr; _double_round
</UL>
<BR>[Calls]<UL><LI><a href="#[8c]">&gt;&gt;</a>&nbsp;&nbsp;&nbsp;_double_epilogue
</UL>
<BR>[Called By]<UL><LI><a href="#[2ad]">&gt;&gt;</a>&nbsp;&nbsp;&nbsp;PositionInnerControl
<LI><a href="#[16b]">&gt;&gt;</a>&nbsp;&nbsp;&nbsp;FlightControlInnerLoop
<LI><a href="#[35c]">&gt;&gt;</a>&nbsp;&nbsp;&nbsp;WindEstimate
<LI><a href="#[a5]">&gt;&gt;</a>&nbsp;&nbsp;&nbsp;LevenbergMarquardt
<LI><a href="#[2d4]">&gt;&gt;</a>&nbsp;&nbsp;&nbsp;TofDataPreTreat
<LI><a href="#[254]">&gt;&gt;</a>&nbsp;&nbsp;&nbsp;MagCalibration
<LI><a href="#[103]">&gt;&gt;</a>&nbsp;&nbsp;&nbsp;BaroDataPreTreat
<LI><a href="#[358]">&gt;&gt;</a>&nbsp;&nbsp;&nbsp;VelocityEstimate
<LI><a href="#[2ac]">&gt;&gt;</a>&nbsp;&nbsp;&nbsp;PositionEstimate
<LI><a href="#[de]">&gt;&gt;</a>&nbsp;&nbsp;&nbsp;AttitudeEstimate
<LI><a href="#[d4]">&gt;&gt;</a>&nbsp;&nbsp;&nbsp;AttitudeAuxEstimate
<LI><a href="#[36d]">&gt;&gt;</a>&nbsp;&nbsp;&nbsp;__kernel_poly
<LI><a href="#[36c]">&gt;&gt;</a>&nbsp;&nbsp;&nbsp;__mathlib_dbl_underflow
<LI><a href="#[368]">&gt;&gt;</a>&nbsp;&nbsp;&nbsp;__mathlib_dbl_overflow
<LI><a href="#[365]">&gt;&gt;</a>&nbsp;&nbsp;&nbsp;__hardfp_pow
<LI><a href="#[17e]">&gt;&gt;</a>&nbsp;&nbsp;&nbsp;GpsCalcPositionChanged
<LI><a href="#[277]">&gt;&gt;</a>&nbsp;&nbsp;&nbsp;MavlinkSendHomePosition
<LI><a href="#[275]">&gt;&gt;</a>&nbsp;&nbsp;&nbsp;MavlinkSendGpsRawInt
<LI><a href="#[3c0]">&gt;&gt;</a>&nbsp;&nbsp;&nbsp;ubloxPayloadDecode
<LI><a href="#[3b5]">&gt;&gt;</a>&nbsp;&nbsp;&nbsp;spl0601GetTemperature
<LI><a href="#[10d]">&gt;&gt;</a>&nbsp;&nbsp;&nbsp;spl0601Update
<LI><a href="#[25b]">&gt;&gt;</a>&nbsp;&nbsp;&nbsp;ak8975Read
</UL>

<P><STRONG><a name="[91]"></a>__aeabi_ddiv</STRONG> (Thumb, 222 bytes, Stack size 32 bytes, ddiv.o(.text))
<BR><BR>[Stack]<UL><LI>Max Depth = 40<LI>Call Chain = __aeabi_ddiv &rArr; _double_round
</UL>
<BR>[Calls]<UL><LI><a href="#[8d]">&gt;&gt;</a>&nbsp;&nbsp;&nbsp;_double_round
</UL>
<BR>[Called By]<UL><LI><a href="#[a5]">&gt;&gt;</a>&nbsp;&nbsp;&nbsp;LevenbergMarquardt
<LI><a href="#[36b]">&gt;&gt;</a>&nbsp;&nbsp;&nbsp;__mathlib_dbl_invalid
<LI><a href="#[367]">&gt;&gt;</a>&nbsp;&nbsp;&nbsp;__mathlib_dbl_divzero
<LI><a href="#[365]">&gt;&gt;</a>&nbsp;&nbsp;&nbsp;__hardfp_pow
</UL>

<P><STRONG><a name="[92]"></a>__aeabi_i2d</STRONG> (Thumb, 34 bytes, Stack size 16 bytes, dflti.o(.text))
<BR><BR>[Stack]<UL><LI>Max Depth = 56<LI>Call Chain = __aeabi_i2d &rArr; _double_epilogue &rArr; _double_round
</UL>
<BR>[Calls]<UL><LI><a href="#[8c]">&gt;&gt;</a>&nbsp;&nbsp;&nbsp;_double_epilogue
</UL>
<BR>[Called By]<UL><LI><a href="#[365]">&gt;&gt;</a>&nbsp;&nbsp;&nbsp;__hardfp_pow
<LI><a href="#[3c0]">&gt;&gt;</a>&nbsp;&nbsp;&nbsp;ubloxPayloadDecode
<LI><a href="#[3b5]">&gt;&gt;</a>&nbsp;&nbsp;&nbsp;spl0601GetTemperature
<LI><a href="#[25b]">&gt;&gt;</a>&nbsp;&nbsp;&nbsp;ak8975Read
</UL>

<P><STRONG><a name="[93]"></a>__aeabi_ul2d</STRONG> (Thumb, 24 bytes, Stack size 16 bytes, dfltul.o(.text))
<BR><BR>[Stack]<UL><LI>Max Depth = 56<LI>Call Chain = __aeabi_ul2d &rArr; _double_epilogue &rArr; _double_round
</UL>
<BR>[Calls]<UL><LI><a href="#[8c]">&gt;&gt;</a>&nbsp;&nbsp;&nbsp;_double_epilogue
</UL>
<BR>[Called By]<UL><LI><a href="#[2ad]">&gt;&gt;</a>&nbsp;&nbsp;&nbsp;PositionInnerControl
<LI><a href="#[16b]">&gt;&gt;</a>&nbsp;&nbsp;&nbsp;FlightControlInnerLoop
<LI><a href="#[35c]">&gt;&gt;</a>&nbsp;&nbsp;&nbsp;WindEstimate
<LI><a href="#[2d4]">&gt;&gt;</a>&nbsp;&nbsp;&nbsp;TofDataPreTreat
<LI><a href="#[254]">&gt;&gt;</a>&nbsp;&nbsp;&nbsp;MagCalibration
<LI><a href="#[103]">&gt;&gt;</a>&nbsp;&nbsp;&nbsp;BaroDataPreTreat
<LI><a href="#[358]">&gt;&gt;</a>&nbsp;&nbsp;&nbsp;VelocityEstimate
<LI><a href="#[2ac]">&gt;&gt;</a>&nbsp;&nbsp;&nbsp;PositionEstimate
<LI><a href="#[de]">&gt;&gt;</a>&nbsp;&nbsp;&nbsp;AttitudeEstimate
<LI><a href="#[d4]">&gt;&gt;</a>&nbsp;&nbsp;&nbsp;AttitudeAuxEstimate
</UL>

<P><STRONG><a name="[94]"></a>__aeabi_f2ulz</STRONG> (Thumb, 44 bytes, Stack size 0 bytes, ffixul.o(.text))
<BR><BR>[Calls]<UL><LI><a href="#[86]">&gt;&gt;</a>&nbsp;&nbsp;&nbsp;__aeabi_llsl
</UL>
<BR>[Called By]<UL><LI><a href="#[275]">&gt;&gt;</a>&nbsp;&nbsp;&nbsp;MavlinkSendGpsRawInt
</UL>

<P><STRONG><a name="[95]"></a>__aeabi_d2iz</STRONG> (Thumb, 62 bytes, Stack size 16 bytes, dfixi.o(.text))
<BR><BR>[Stack]<UL><LI>Max Depth = 16<LI>Call Chain = __aeabi_d2iz
</UL>
<BR>[Calls]<UL><LI><a href="#[85]">&gt;&gt;</a>&nbsp;&nbsp;&nbsp;__aeabi_llsr
</UL>
<BR>[Called By]<UL><LI><a href="#[17e]">&gt;&gt;</a>&nbsp;&nbsp;&nbsp;GpsCalcPositionChanged
<LI><a href="#[277]">&gt;&gt;</a>&nbsp;&nbsp;&nbsp;MavlinkSendHomePosition
<LI><a href="#[275]">&gt;&gt;</a>&nbsp;&nbsp;&nbsp;MavlinkSendGpsRawInt
</UL>

<P><STRONG><a name="[12d]"></a>__aeabi_f2d</STRONG> (Thumb, 38 bytes, Stack size 0 bytes, f2d.o(.text))
<BR><BR>[Called By]<UL><LI><a href="#[a5]">&gt;&gt;</a>&nbsp;&nbsp;&nbsp;LevenbergMarquardt
<LI><a href="#[175]">&gt;&gt;</a>&nbsp;&nbsp;&nbsp;GaussEliminateSolveDelta
<LI><a href="#[17e]">&gt;&gt;</a>&nbsp;&nbsp;&nbsp;GpsCalcPositionChanged
<LI><a href="#[12a]">&gt;&gt;</a>&nbsp;&nbsp;&nbsp;BsklinkSendFlightData
<LI><a href="#[3b5]">&gt;&gt;</a>&nbsp;&nbsp;&nbsp;spl0601GetTemperature
<LI><a href="#[10d]">&gt;&gt;</a>&nbsp;&nbsp;&nbsp;spl0601Update
</UL>

<P><STRONG><a name="[3e3]"></a>__aeabi_cdcmpeq</STRONG> (Thumb, 0 bytes, Stack size 0 bytes, cdcmple.o(.text), UNUSED)

<P><STRONG><a name="[238]"></a>__aeabi_cdcmple</STRONG> (Thumb, 48 bytes, Stack size 0 bytes, cdcmple.o(.text))
<BR><BR>[Called By]<UL><LI><a href="#[a5]">&gt;&gt;</a>&nbsp;&nbsp;&nbsp;LevenbergMarquardt
</UL>

<P><STRONG><a name="[17f]"></a>__aeabi_cdrcmple</STRONG> (Thumb, 48 bytes, Stack size 0 bytes, cdrcmple.o(.text))
<BR><BR>[Called By]<UL><LI><a href="#[a5]">&gt;&gt;</a>&nbsp;&nbsp;&nbsp;LevenbergMarquardt
<LI><a href="#[365]">&gt;&gt;</a>&nbsp;&nbsp;&nbsp;__hardfp_pow
<LI><a href="#[17e]">&gt;&gt;</a>&nbsp;&nbsp;&nbsp;GpsCalcPositionChanged
</UL>

<P><STRONG><a name="[96]"></a>__aeabi_d2f</STRONG> (Thumb, 56 bytes, Stack size 8 bytes, d2f.o(.text))
<BR><BR>[Stack]<UL><LI>Max Depth = 8<LI>Call Chain = __aeabi_d2f
</UL>
<BR>[Calls]<UL><LI><a href="#[97]">&gt;&gt;</a>&nbsp;&nbsp;&nbsp;_float_round
</UL>
<BR>[Called By]<UL><LI><a href="#[2ad]">&gt;&gt;</a>&nbsp;&nbsp;&nbsp;PositionInnerControl
<LI><a href="#[16b]">&gt;&gt;</a>&nbsp;&nbsp;&nbsp;FlightControlInnerLoop
<LI><a href="#[35c]">&gt;&gt;</a>&nbsp;&nbsp;&nbsp;WindEstimate
<LI><a href="#[a5]">&gt;&gt;</a>&nbsp;&nbsp;&nbsp;LevenbergMarquardt
<LI><a href="#[175]">&gt;&gt;</a>&nbsp;&nbsp;&nbsp;GaussEliminateSolveDelta
<LI><a href="#[2d4]">&gt;&gt;</a>&nbsp;&nbsp;&nbsp;TofDataPreTreat
<LI><a href="#[254]">&gt;&gt;</a>&nbsp;&nbsp;&nbsp;MagCalibration
<LI><a href="#[103]">&gt;&gt;</a>&nbsp;&nbsp;&nbsp;BaroDataPreTreat
<LI><a href="#[358]">&gt;&gt;</a>&nbsp;&nbsp;&nbsp;VelocityEstimate
<LI><a href="#[2ac]">&gt;&gt;</a>&nbsp;&nbsp;&nbsp;PositionEstimate
<LI><a href="#[de]">&gt;&gt;</a>&nbsp;&nbsp;&nbsp;AttitudeEstimate
<LI><a href="#[d4]">&gt;&gt;</a>&nbsp;&nbsp;&nbsp;AttitudeAuxEstimate
<LI><a href="#[180]">&gt;&gt;</a>&nbsp;&nbsp;&nbsp;GpsCheckStatus
<LI><a href="#[17e]">&gt;&gt;</a>&nbsp;&nbsp;&nbsp;GpsCalcPositionChanged
<LI><a href="#[130]">&gt;&gt;</a>&nbsp;&nbsp;&nbsp;BsklinkSendGps
<LI><a href="#[3b5]">&gt;&gt;</a>&nbsp;&nbsp;&nbsp;spl0601GetTemperature
<LI><a href="#[10d]">&gt;&gt;</a>&nbsp;&nbsp;&nbsp;spl0601Update
<LI><a href="#[25b]">&gt;&gt;</a>&nbsp;&nbsp;&nbsp;ak8975Read
</UL>

<P><STRONG><a name="[86]"></a>__aeabi_llsl</STRONG> (Thumb, 30 bytes, Stack size 0 bytes, llshl.o(.text))
<BR><BR>[Called By]<UL><LI><a href="#[8a]">&gt;&gt;</a>&nbsp;&nbsp;&nbsp;__aeabi_dadd
<LI><a href="#[8c]">&gt;&gt;</a>&nbsp;&nbsp;&nbsp;_double_epilogue
<LI><a href="#[84]">&gt;&gt;</a>&nbsp;&nbsp;&nbsp;__aeabi_uldivmod
<LI><a href="#[94]">&gt;&gt;</a>&nbsp;&nbsp;&nbsp;__aeabi_f2ulz
</UL>

<P><STRONG><a name="[3e4]"></a>_ll_shift_l</STRONG> (Thumb, 0 bytes, Stack size 0 bytes, llshl.o(.text), UNUSED)

<P><STRONG><a name="[85]"></a>__aeabi_llsr</STRONG> (Thumb, 32 bytes, Stack size 0 bytes, llushr.o(.text))
<BR><BR>[Called By]<UL><LI><a href="#[99]">&gt;&gt;</a>&nbsp;&nbsp;&nbsp;_dsqrt
<LI><a href="#[8c]">&gt;&gt;</a>&nbsp;&nbsp;&nbsp;_double_epilogue
<LI><a href="#[84]">&gt;&gt;</a>&nbsp;&nbsp;&nbsp;__aeabi_uldivmod
<LI><a href="#[95]">&gt;&gt;</a>&nbsp;&nbsp;&nbsp;__aeabi_d2iz
</UL>

<P><STRONG><a name="[3e5]"></a>_ll_ushift_r</STRONG> (Thumb, 0 bytes, Stack size 0 bytes, llushr.o(.text), UNUSED)

<P><STRONG><a name="[8b]"></a>__aeabi_lasr</STRONG> (Thumb, 36 bytes, Stack size 0 bytes, llsshr.o(.text))
<BR><BR>[Called By]<UL><LI><a href="#[8a]">&gt;&gt;</a>&nbsp;&nbsp;&nbsp;__aeabi_dadd
</UL>

<P><STRONG><a name="[3e6]"></a>_ll_sshift_r</STRONG> (Thumb, 0 bytes, Stack size 0 bytes, llsshr.o(.text), UNUSED)

<P><STRONG><a name="[3e7]"></a>__I$use$fp</STRONG> (Thumb, 0 bytes, Stack size 0 bytes, iusefp.o(.text), UNUSED)

<P><STRONG><a name="[97]"></a>_float_round</STRONG> (Thumb, 18 bytes, Stack size 0 bytes, fepilogue.o(.text))
<BR><BR>[Called By]<UL><LI><a href="#[96]">&gt;&gt;</a>&nbsp;&nbsp;&nbsp;__aeabi_d2f
</UL>

<P><STRONG><a name="[3e8]"></a>_float_epilogue</STRONG> (Thumb, 92 bytes, Stack size 4 bytes, fepilogue.o(.text), UNUSED)

<P><STRONG><a name="[8d]"></a>_double_round</STRONG> (Thumb, 30 bytes, Stack size 8 bytes, depilogue.o(.text))
<BR><BR>[Stack]<UL><LI>Max Depth = 8<LI>Call Chain = _double_round
</UL>
<BR>[Called By]<UL><LI><a href="#[91]">&gt;&gt;</a>&nbsp;&nbsp;&nbsp;__aeabi_ddiv
<LI><a href="#[8a]">&gt;&gt;</a>&nbsp;&nbsp;&nbsp;__aeabi_dadd
<LI><a href="#[99]">&gt;&gt;</a>&nbsp;&nbsp;&nbsp;_dsqrt
<LI><a href="#[8c]">&gt;&gt;</a>&nbsp;&nbsp;&nbsp;_double_epilogue
</UL>

<P><STRONG><a name="[8c]"></a>_double_epilogue</STRONG> (Thumb, 156 bytes, Stack size 32 bytes, depilogue.o(.text))
<BR><BR>[Stack]<UL><LI>Max Depth = 40<LI>Call Chain = _double_epilogue &rArr; _double_round
</UL>
<BR>[Calls]<UL><LI><a href="#[8d]">&gt;&gt;</a>&nbsp;&nbsp;&nbsp;_double_round
<LI><a href="#[85]">&gt;&gt;</a>&nbsp;&nbsp;&nbsp;__aeabi_llsr
<LI><a href="#[86]">&gt;&gt;</a>&nbsp;&nbsp;&nbsp;__aeabi_llsl
</UL>
<BR>[Called By]<UL><LI><a href="#[93]">&gt;&gt;</a>&nbsp;&nbsp;&nbsp;__aeabi_ul2d
<LI><a href="#[90]">&gt;&gt;</a>&nbsp;&nbsp;&nbsp;__aeabi_dmul
<LI><a href="#[8a]">&gt;&gt;</a>&nbsp;&nbsp;&nbsp;__aeabi_dadd
<LI><a href="#[92]">&gt;&gt;</a>&nbsp;&nbsp;&nbsp;__aeabi_i2d
</UL>

<P><STRONG><a name="[36e]"></a>__ARM_scalbn</STRONG> (Thumb, 46 bytes, Stack size 16 bytes, dscalb.o(.text))
<BR><BR>[Stack]<UL><LI>Max Depth = 16<LI>Call Chain = __ARM_scalbn
</UL>
<BR>[Called By]<UL><LI><a href="#[365]">&gt;&gt;</a>&nbsp;&nbsp;&nbsp;__hardfp_pow
</UL>

<P><STRONG><a name="[3e9]"></a>scalbn</STRONG> (Thumb, 0 bytes, Stack size 16 bytes, dscalb.o(.text), UNUSED)

<P><STRONG><a name="[82]"></a>__scatterload</STRONG> (Thumb, 28 bytes, Stack size 0 bytes, init.o(.text))
<BR><BR>[Calls]<UL><LI><a href="#[98]">&gt;&gt;</a>&nbsp;&nbsp;&nbsp;__main_after_scatterload
</UL>
<BR>[Called By]<UL><LI><a href="#[81]">&gt;&gt;</a>&nbsp;&nbsp;&nbsp;_main_scatterload
</UL>

<P><STRONG><a name="[3ea]"></a>__scatterload_rt2</STRONG> (Thumb, 0 bytes, Stack size 0 bytes, init.o(.text), UNUSED)

<P><STRONG><a name="[99]"></a>_dsqrt</STRONG> (Thumb, 162 bytes, Stack size 32 bytes, dsqrt.o(.text))
<BR><BR>[Stack]<UL><LI>Max Depth = 40<LI>Call Chain = _dsqrt &rArr; _double_round
</UL>
<BR>[Calls]<UL><LI><a href="#[8d]">&gt;&gt;</a>&nbsp;&nbsp;&nbsp;_double_round
<LI><a href="#[85]">&gt;&gt;</a>&nbsp;&nbsp;&nbsp;__aeabi_llsr
</UL>
<BR>[Called By]<UL><LI><a href="#[369]">&gt;&gt;</a>&nbsp;&nbsp;&nbsp;sqrt
</UL>

<P><STRONG><a name="[3eb]"></a>__decompress</STRONG> (Thumb, 0 bytes, Stack size unknown bytes, __dczerorl2.o(.text), UNUSED)

<P><STRONG><a name="[3ec]"></a>__decompress1</STRONG> (Thumb, 86 bytes, Stack size unknown bytes, __dczerorl2.o(.text), UNUSED)

<P><STRONG><a name="[9a]"></a>AHRSAuxInit</STRONG> (Thumb, 4 bytes, Stack size 0 bytes, ahrsaux.o(i.AHRSAuxInit))
<BR><BR>[Stack]<UL><LI>Max Depth = 312<LI>Call Chain = AHRSAuxInit &rArr; KalmanAuxInit &rArr; pvPortMalloc &rArr; xTaskResumeAll &rArr; xTaskIncrementTick
</UL>
<BR>[Calls]<UL><LI><a href="#[9b]">&gt;&gt;</a>&nbsp;&nbsp;&nbsp;KalmanAuxInit
</UL>
<BR>[Called By]<UL><LI><a href="#[7d]">&gt;&gt;</a>&nbsp;&nbsp;&nbsp;startNavigationTask
</UL>

<P><STRONG><a name="[9c]"></a>AHRSInit</STRONG> (Thumb, 14 bytes, Stack size 8 bytes, ahrs.o(i.AHRSInit))
<BR><BR>[Stack]<UL><LI>Max Depth = 320<LI>Call Chain = AHRSInit &rArr; KalmanYawInit &rArr; pvPortMalloc &rArr; xTaskResumeAll &rArr; xTaskIncrementTick
</UL>
<BR>[Calls]<UL><LI><a href="#[9e]">&gt;&gt;</a>&nbsp;&nbsp;&nbsp;KalmanYawInit
<LI><a href="#[9d]">&gt;&gt;</a>&nbsp;&nbsp;&nbsp;KalmanRollPitchInit
</UL>
<BR>[Called By]<UL><LI><a href="#[7d]">&gt;&gt;</a>&nbsp;&nbsp;&nbsp;startNavigationTask
</UL>

<P><STRONG><a name="[115]"></a>AccCalibrateEnable</STRONG> (Thumb, 10 bytes, Stack size 0 bytes, accelerometer.o(i.AccCalibrateEnable))
<BR><BR>[Called By]<UL><LI><a href="#[10f]">&gt;&gt;</a>&nbsp;&nbsp;&nbsp;BsklinkDecode
<LI><a href="#[26b]">&gt;&gt;</a>&nbsp;&nbsp;&nbsp;MavlinkDecodeCommand
</UL>

<P><STRONG><a name="[9f]"></a>AccCalibration</STRONG> (Thumb, 1098 bytes, Stack size 72 bytes, accelerometer.o(i.AccCalibration))
<BR><BR>[Stack]<UL><LI>Max Depth = 536<LI>Call Chain = AccCalibration &rArr; LevenbergMarquardt &rArr; GaussEliminateSolveDelta &rArr; __aeabi_dadd &rArr; _double_epilogue &rArr; _double_round
</UL>
<BR>[Calls]<UL><LI><a href="#[a6]">&gt;&gt;</a>&nbsp;&nbsp;&nbsp;ParamUpdateData
<LI><a href="#[a2]">&gt;&gt;</a>&nbsp;&nbsp;&nbsp;MavlinkSendNoticeEnable
<LI><a href="#[a1]">&gt;&gt;</a>&nbsp;&nbsp;&nbsp;GetPlaceStatus
<LI><a href="#[a5]">&gt;&gt;</a>&nbsp;&nbsp;&nbsp;LevenbergMarquardt
<LI><a href="#[a0]">&gt;&gt;</a>&nbsp;&nbsp;&nbsp;GetImuOrientation
<LI><a href="#[a4]">&gt;&gt;</a>&nbsp;&nbsp;&nbsp;MavlinkSendNoticeProgress
<LI><a href="#[a7]">&gt;&gt;</a>&nbsp;&nbsp;&nbsp;MavParamSetValue
<LI><a href="#[a3]">&gt;&gt;</a>&nbsp;&nbsp;&nbsp;MessageSensorCaliFeedbackEnable
</UL>
<BR>[Called By]<UL><LI><a href="#[7f]">&gt;&gt;</a>&nbsp;&nbsp;&nbsp;startImuDataPreTreatTask
</UL>

<P><STRONG><a name="[a8]"></a>AccDataPreTreat</STRONG> (Thumb, 214 bytes, Stack size 24 bytes, accelerometer.o(i.AccDataPreTreat))
<BR><BR>[Stack]<UL><LI>Max Depth = 148<LI>Call Chain = AccDataPreTreat &rArr; VectorRotateToBodyFrame &rArr; EulerAngleToDCM &rArr; __hardfp_sinf &rArr; __mathlib_rredf2
</UL>
<BR>[Calls]<UL><LI><a href="#[a9]">&gt;&gt;</a>&nbsp;&nbsp;&nbsp;VectorRotateToBodyFrame
<LI><a href="#[ab]">&gt;&gt;</a>&nbsp;&nbsp;&nbsp;Pythagorous3
<LI><a href="#[aa]">&gt;&gt;</a>&nbsp;&nbsp;&nbsp;LowPassFilter2nd
</UL>
<BR>[Called By]<UL><LI><a href="#[7f]">&gt;&gt;</a>&nbsp;&nbsp;&nbsp;startImuDataPreTreatTask
</UL>

<P><STRONG><a name="[13e]"></a>AccGetData</STRONG> (Thumb, 8 bytes, Stack size 0 bytes, accelerometer.o(i.AccGetData))
<BR><BR>[Called By]<UL><LI><a href="#[223]">&gt;&gt;</a>&nbsp;&nbsp;&nbsp;ImuOrientationDetect
<LI><a href="#[28a]">&gt;&gt;</a>&nbsp;&nbsp;&nbsp;MavlinkSendScaledImu
<LI><a href="#[13c]">&gt;&gt;</a>&nbsp;&nbsp;&nbsp;BsklinkSendSensor
</UL>

<P><STRONG><a name="[13f]"></a>AccLpfGetData</STRONG> (Thumb, 8 bytes, Stack size 0 bytes, accelerometer.o(i.AccLpfGetData))
<BR><BR>[Called By]<UL><LI><a href="#[13c]">&gt;&gt;</a>&nbsp;&nbsp;&nbsp;BsklinkSendSensor
</UL>

<P><STRONG><a name="[ac]"></a>AccPreTreatInit</STRONG> (Thumb, 582 bytes, Stack size 16 bytes, accelerometer.o(i.AccPreTreatInit))
<BR><BR>[Stack]<UL><LI>Max Depth = 16<LI>Call Chain = AccPreTreatInit
</UL>
<BR>[Calls]<UL><LI><a href="#[ae]">&gt;&gt;</a>&nbsp;&nbsp;&nbsp;LowPassFilter2ndFactorCal
<LI><a href="#[ad]">&gt;&gt;</a>&nbsp;&nbsp;&nbsp;__ARM_isnanf
</UL>
<BR>[Called By]<UL><LI><a href="#[7f]">&gt;&gt;</a>&nbsp;&nbsp;&nbsp;startImuDataPreTreatTask
</UL>

<P><STRONG><a name="[af]"></a>AccSensorRead</STRONG> (Thumb, 26 bytes, Stack size 8 bytes, module.o(i.AccSensorRead))
<BR><BR>[Stack]<UL><LI>Max Depth = 168<LI>Call Chain = AccSensorRead &rArr; invSensorRead &rArr; spiReadInvSensor &rArr; HAL_SPI_Receive &rArr; HAL_SPI_TransmitReceive &rArr; SPI_CheckFlag_BSY &rArr; SPI_WaitFlagStateUntilTimeout
</UL>
<BR>[Calls]<UL><LI><a href="#[b2]">&gt;&gt;</a>&nbsp;&nbsp;&nbsp;RotateVector3f
<LI><a href="#[b1]">&gt;&gt;</a>&nbsp;&nbsp;&nbsp;invSensorReadAccel
<LI><a href="#[b0]">&gt;&gt;</a>&nbsp;&nbsp;&nbsp;invSensorRead
</UL>
<BR>[Called By]<UL><LI><a href="#[7b]">&gt;&gt;</a>&nbsp;&nbsp;&nbsp;startImuSensorReadTask
</UL>

<P><STRONG><a name="[b7]"></a>AccVectorToRollPitchAngle</STRONG> (Thumb, 50 bytes, Stack size 32 bytes, vector3.o(i.AccVectorToRollPitchAngle))
<BR><BR>[Stack]<UL><LI>Max Depth = 64<LI>Call Chain = AccVectorToRollPitchAngle &rArr; Vector3f_Normalize &rArr; Pythagorous3 &rArr; __hardfp_sqrtf
</UL>
<BR>[Calls]<UL><LI><a href="#[b8]">&gt;&gt;</a>&nbsp;&nbsp;&nbsp;Vector3f_Normalize
<LI><a href="#[b9]">&gt;&gt;</a>&nbsp;&nbsp;&nbsp;SafeArcsin
<LI><a href="#[ba]">&gt;&gt;</a>&nbsp;&nbsp;&nbsp;__hardfp_atan2f
</UL>
<BR>[Called By]<UL><LI><a href="#[e2]">&gt;&gt;</a>&nbsp;&nbsp;&nbsp;TransAccToEarthFrame
<LI><a href="#[e1]">&gt;&gt;</a>&nbsp;&nbsp;&nbsp;AttitudeEstimateUpdate
<LI><a href="#[222]">&gt;&gt;</a>&nbsp;&nbsp;&nbsp;ImuLevelCalibration
<LI><a href="#[d8]">&gt;&gt;</a>&nbsp;&nbsp;&nbsp;RollPitchUpdateByKF
<LI><a href="#[d6]">&gt;&gt;</a>&nbsp;&nbsp;&nbsp;AttitudeAuxInitAlignment
</UL>

<P><STRONG><a name="[c6]"></a>AltCovarianceSelfAdaptation</STRONG> (Thumb, 420 bytes, Stack size 48 bytes, navigation.o(i.AltCovarianceSelfAdaptation))
<BR><BR>[Stack]<UL><LI>Max Depth = 72<LI>Call Chain = AltCovarianceSelfAdaptation &rArr; Pythagorous2 &rArr; __hardfp_sqrtf
</UL>
<BR>[Calls]<UL><LI><a href="#[c7]">&gt;&gt;</a>&nbsp;&nbsp;&nbsp;Pythagorous2
<LI><a href="#[c9]">&gt;&gt;</a>&nbsp;&nbsp;&nbsp;GetWindSpeedAcc
<LI><a href="#[c8]">&gt;&gt;</a>&nbsp;&nbsp;&nbsp;GetWindSpeed
<LI><a href="#[ca]">&gt;&gt;</a>&nbsp;&nbsp;&nbsp;GetPosControlStatus
<LI><a href="#[c2]">&gt;&gt;</a>&nbsp;&nbsp;&nbsp;GetAltControlStatus
<LI><a href="#[cc]">&gt;&gt;</a>&nbsp;&nbsp;&nbsp;Sq
<LI><a href="#[cb]">&gt;&gt;</a>&nbsp;&nbsp;&nbsp;ConstrainFloat
</UL>
<BR>[Called By]<UL><LI><a href="#[7d]">&gt;&gt;</a>&nbsp;&nbsp;&nbsp;startNavigationTask
</UL>

<P><STRONG><a name="[d0]"></a>AltitudeOuterControl</STRONG> (Thumb, 98 bytes, Stack size 8 bytes, flightcontrol.o(i.AltitudeOuterControl))
<BR><BR>[Stack]<UL><LI>Max Depth = 8<LI>Call Chain = AltitudeOuterControl
</UL>
<BR>[Calls]<UL><LI><a href="#[d1]">&gt;&gt;</a>&nbsp;&nbsp;&nbsp;PID_GetP
<LI><a href="#[cb]">&gt;&gt;</a>&nbsp;&nbsp;&nbsp;ConstrainFloat
<LI><a href="#[be]">&gt;&gt;</a>&nbsp;&nbsp;&nbsp;SetAltInnerCtlTarget
<LI><a href="#[bf]">&gt;&gt;</a>&nbsp;&nbsp;&nbsp;GetCopterPosition
</UL>
<BR>[Called By]<UL><LI><a href="#[79]">&gt;&gt;</a>&nbsp;&nbsp;&nbsp;startFlightControlTask
</UL>

<P><STRONG><a name="[b6]"></a>ApplyDeadbandFloat</STRONG> (Thumb, 68 bytes, Stack size 0 bytes, mathtool.o(i.ApplyDeadbandFloat))
<BR><BR>[Called By]<UL><LI><a href="#[35c]">&gt;&gt;</a>&nbsp;&nbsp;&nbsp;WindEstimate
<LI><a href="#[b3]">&gt;&gt;</a>&nbsp;&nbsp;&nbsp;AccSportCompensate
<LI><a href="#[2c6]">&gt;&gt;</a>&nbsp;&nbsp;&nbsp;SensorHealthCheck
</UL>

<P><STRONG><a name="[bc]"></a>ApplyDeadbandInt</STRONG> (Thumb, 34 bytes, Stack size 0 bytes, mathtool.o(i.ApplyDeadbandInt))
<BR><BR>[Called By]<UL><LI><a href="#[102]">&gt;&gt;</a>&nbsp;&nbsp;&nbsp;BaroCompensate
<LI><a href="#[f8]">&gt;&gt;</a>&nbsp;&nbsp;&nbsp;YawControl
<LI><a href="#[f7]">&gt;&gt;</a>&nbsp;&nbsp;&nbsp;AutoControl
<LI><a href="#[bb]">&gt;&gt;</a>&nbsp;&nbsp;&nbsp;AltControl
</UL>

<P><STRONG><a name="[2c8]"></a>ArmedCheck</STRONG> (Thumb, 16 bytes, Stack size 0 bytes, flightstatus.o(i.ArmedCheck))
<BR><BR>[Called By]<UL><LI><a href="#[158]">&gt;&gt;</a>&nbsp;&nbsp;&nbsp;SetArmedStatus
</UL>

<P><STRONG><a name="[d2]"></a>AttCovarianceSelfAdaptation</STRONG> (Thumb, 150 bytes, Stack size 24 bytes, ahrs.o(i.AttCovarianceSelfAdaptation))
<BR><BR>[Stack]<UL><LI>Max Depth = 48<LI>Call Chain = AttCovarianceSelfAdaptation &rArr; Pythagorous2 &rArr; __hardfp_sqrtf
</UL>
<BR>[Calls]<UL><LI><a href="#[c7]">&gt;&gt;</a>&nbsp;&nbsp;&nbsp;Pythagorous2
<LI><a href="#[d3]">&gt;&gt;</a>&nbsp;&nbsp;&nbsp;GetCopterAccEfLpf
<LI><a href="#[cc]">&gt;&gt;</a>&nbsp;&nbsp;&nbsp;Sq
<LI><a href="#[cb]">&gt;&gt;</a>&nbsp;&nbsp;&nbsp;ConstrainFloat
</UL>
<BR>[Called By]<UL><LI><a href="#[7d]">&gt;&gt;</a>&nbsp;&nbsp;&nbsp;startNavigationTask
</UL>

<P><STRONG><a name="[d4]"></a>AttitudeAuxEstimate</STRONG> (Thumb, 290 bytes, Stack size 48 bytes, ahrsaux.o(i.AttitudeAuxEstimate))
<BR><BR>[Stack]<UL><LI>Max Depth = 428<LI>Call Chain = AttitudeAuxEstimate &rArr; RollPitchUpdateByKF &rArr; KalmanUpdate &rArr; Matrix3_Sub
</UL>
<BR>[Calls]<UL><LI><a href="#[93]">&gt;&gt;</a>&nbsp;&nbsp;&nbsp;__aeabi_ul2d
<LI><a href="#[90]">&gt;&gt;</a>&nbsp;&nbsp;&nbsp;__aeabi_dmul
<LI><a href="#[96]">&gt;&gt;</a>&nbsp;&nbsp;&nbsp;__aeabi_d2f
<LI><a href="#[d5]">&gt;&gt;</a>&nbsp;&nbsp;&nbsp;getSysTimeUs
<LI><a href="#[d7]">&gt;&gt;</a>&nbsp;&nbsp;&nbsp;GetCentripetalAccBf
<LI><a href="#[d9]">&gt;&gt;</a>&nbsp;&nbsp;&nbsp;BodyFrameToEarthFrame
<LI><a href="#[b5]">&gt;&gt;</a>&nbsp;&nbsp;&nbsp;Vector3f_Sub
<LI><a href="#[cb]">&gt;&gt;</a>&nbsp;&nbsp;&nbsp;ConstrainFloat
<LI><a href="#[d8]">&gt;&gt;</a>&nbsp;&nbsp;&nbsp;RollPitchUpdateByKF
<LI><a href="#[d6]">&gt;&gt;</a>&nbsp;&nbsp;&nbsp;AttitudeAuxInitAlignment
</UL>
<BR>[Called By]<UL><LI><a href="#[7d]">&gt;&gt;</a>&nbsp;&nbsp;&nbsp;startNavigationTask
</UL>

<P><STRONG><a name="[d6]"></a>AttitudeAuxInitAlignment</STRONG> (Thumb, 256 bytes, Stack size 48 bytes, ahrsaux.o(i.AttitudeAuxInitAlignment))
<BR><BR>[Stack]<UL><LI>Max Depth = 172<LI>Call Chain = AttitudeAuxInitAlignment &rArr; VectorRotateToEarthFrame &rArr; EulerAngleToDCM_T &rArr; __hardfp_sinf &rArr; __mathlib_rredf2
</UL>
<BR>[Calls]<UL><LI><a href="#[db]">&gt;&gt;</a>&nbsp;&nbsp;&nbsp;VectorRotateToEarthFrame
<LI><a href="#[dc]">&gt;&gt;</a>&nbsp;&nbsp;&nbsp;MagVectorToYawAngle
<LI><a href="#[b7]">&gt;&gt;</a>&nbsp;&nbsp;&nbsp;AccVectorToRollPitchAngle
<LI><a href="#[dd]">&gt;&gt;</a>&nbsp;&nbsp;&nbsp;EulerAngleToQuaternion
<LI><a href="#[da]">&gt;&gt;</a>&nbsp;&nbsp;&nbsp;Vector3f_Add
</UL>
<BR>[Called By]<UL><LI><a href="#[d4]">&gt;&gt;</a>&nbsp;&nbsp;&nbsp;AttitudeAuxEstimate
</UL>

<P><STRONG><a name="[de]"></a>AttitudeEstimate</STRONG> (Thumb, 378 bytes, Stack size 56 bytes, ahrs.o(i.AttitudeEstimate))
<BR><BR>[Stack]<UL><LI>Max Depth = 492<LI>Call Chain = AttitudeEstimate &rArr; AttitudeEstimateUpdate &rArr; KalmanUpdate &rArr; Matrix3_Sub
</UL>
<BR>[Calls]<UL><LI><a href="#[93]">&gt;&gt;</a>&nbsp;&nbsp;&nbsp;__aeabi_ul2d
<LI><a href="#[90]">&gt;&gt;</a>&nbsp;&nbsp;&nbsp;__aeabi_dmul
<LI><a href="#[96]">&gt;&gt;</a>&nbsp;&nbsp;&nbsp;__aeabi_d2f
<LI><a href="#[d5]">&gt;&gt;</a>&nbsp;&nbsp;&nbsp;getSysTimeUs
<LI><a href="#[e0]">&gt;&gt;</a>&nbsp;&nbsp;&nbsp;GetSportAccEf
<LI><a href="#[e3]">&gt;&gt;</a>&nbsp;&nbsp;&nbsp;GetCopterVelocity
<LI><a href="#[b4]">&gt;&gt;</a>&nbsp;&nbsp;&nbsp;EarthFrameToBodyFrame
<LI><a href="#[d9]">&gt;&gt;</a>&nbsp;&nbsp;&nbsp;BodyFrameToEarthFrame
<LI><a href="#[df]">&gt;&gt;</a>&nbsp;&nbsp;&nbsp;AttitudeInitAlignment
<LI><a href="#[e2]">&gt;&gt;</a>&nbsp;&nbsp;&nbsp;TransAccToEarthFrame
<LI><a href="#[e4]">&gt;&gt;</a>&nbsp;&nbsp;&nbsp;CentripetalAccUpdate
<LI><a href="#[e1]">&gt;&gt;</a>&nbsp;&nbsp;&nbsp;AttitudeEstimateUpdate
<LI><a href="#[b3]">&gt;&gt;</a>&nbsp;&nbsp;&nbsp;AccSportCompensate
<LI><a href="#[b5]">&gt;&gt;</a>&nbsp;&nbsp;&nbsp;Vector3f_Sub
<LI><a href="#[cb]">&gt;&gt;</a>&nbsp;&nbsp;&nbsp;ConstrainFloat
</UL>
<BR>[Called By]<UL><LI><a href="#[7d]">&gt;&gt;</a>&nbsp;&nbsp;&nbsp;startNavigationTask
</UL>

<P><STRONG><a name="[df]"></a>AttitudeInitAlignment</STRONG> (Thumb, 190 bytes, Stack size 32 bytes, ahrs.o(i.AttitudeInitAlignment))
<BR><BR>[Stack]<UL><LI>Max Depth = 32<LI>Call Chain = AttitudeInitAlignment
</UL>
<BR>[Calls]<UL><LI><a href="#[da]">&gt;&gt;</a>&nbsp;&nbsp;&nbsp;Vector3f_Add
</UL>
<BR>[Called By]<UL><LI><a href="#[de]">&gt;&gt;</a>&nbsp;&nbsp;&nbsp;AttitudeEstimate
</UL>

<P><STRONG><a name="[f2]"></a>AttitudeOuterControl</STRONG> (Thumb, 466 bytes, Stack size 40 bytes, flightcontrol.o(i.AttitudeOuterControl))
<BR><BR>[Stack]<UL><LI>Max Depth = 40<LI>Call Chain = AttitudeOuterControl
</UL>
<BR>[Calls]<UL><LI><a href="#[f3]">&gt;&gt;</a>&nbsp;&nbsp;&nbsp;GetCopterAngle
<LI><a href="#[ca]">&gt;&gt;</a>&nbsp;&nbsp;&nbsp;GetPosControlStatus
<LI><a href="#[f4]">&gt;&gt;</a>&nbsp;&nbsp;&nbsp;GetFlightMode
<LI><a href="#[f5]">&gt;&gt;</a>&nbsp;&nbsp;&nbsp;GpsGetFixStatus
<LI><a href="#[d1]">&gt;&gt;</a>&nbsp;&nbsp;&nbsp;PID_GetP
<LI><a href="#[cb]">&gt;&gt;</a>&nbsp;&nbsp;&nbsp;ConstrainFloat
<LI><a href="#[f6]">&gt;&gt;</a>&nbsp;&nbsp;&nbsp;SetAttInnerCtlTarget
</UL>
<BR>[Called By]<UL><LI><a href="#[79]">&gt;&gt;</a>&nbsp;&nbsp;&nbsp;startFlightControlTask
</UL>

<P><STRONG><a name="[100]"></a>AutoLand</STRONG> (Thumb, 128 bytes, Stack size 8 bytes, missioncontrol.o(i.AutoLand))
<BR><BR>[Stack]<UL><LI>Max Depth = 8<LI>Call Chain = AutoLand
</UL>
<BR>[Calls]<UL><LI><a href="#[c0]">&gt;&gt;</a>&nbsp;&nbsp;&nbsp;SetAltControlStatus
<LI><a href="#[f5]">&gt;&gt;</a>&nbsp;&nbsp;&nbsp;GpsGetFixStatus
<LI><a href="#[101]">&gt;&gt;</a>&nbsp;&nbsp;&nbsp;SetYawHoldStatus
<LI><a href="#[fe]">&gt;&gt;</a>&nbsp;&nbsp;&nbsp;SetPosOuterCtlTarget
<LI><a href="#[f9]">&gt;&gt;</a>&nbsp;&nbsp;&nbsp;SetPosCtlStatus
<LI><a href="#[be]">&gt;&gt;</a>&nbsp;&nbsp;&nbsp;SetAltInnerCtlTarget
<LI><a href="#[bd]">&gt;&gt;</a>&nbsp;&nbsp;&nbsp;SetAltCtlStatus
<LI><a href="#[bf]">&gt;&gt;</a>&nbsp;&nbsp;&nbsp;GetCopterPosition
</UL>
<BR>[Called By]<UL><LI><a href="#[299]">&gt;&gt;</a>&nbsp;&nbsp;&nbsp;MissionControl
</UL>

<P><STRONG><a name="[103]"></a>BaroDataPreTreat</STRONG> (Thumb, 244 bytes, Stack size 32 bytes, barometer.o(i.BaroDataPreTreat))
<BR><BR>[Stack]<UL><LI>Max Depth = 120<LI>Call Chain = BaroDataPreTreat &rArr; __aeabi_dmul &rArr; _double_epilogue &rArr; _double_round
</UL>
<BR>[Calls]<UL><LI><a href="#[93]">&gt;&gt;</a>&nbsp;&nbsp;&nbsp;__aeabi_ul2d
<LI><a href="#[90]">&gt;&gt;</a>&nbsp;&nbsp;&nbsp;__aeabi_dmul
<LI><a href="#[96]">&gt;&gt;</a>&nbsp;&nbsp;&nbsp;__aeabi_d2f
<LI><a href="#[ed]">&gt;&gt;</a>&nbsp;&nbsp;&nbsp;GetInitStatus
<LI><a href="#[106]">&gt;&gt;</a>&nbsp;&nbsp;&nbsp;FaultDetectSetError
<LI><a href="#[107]">&gt;&gt;</a>&nbsp;&nbsp;&nbsp;FaultDetectResetError
<LI><a href="#[d5]">&gt;&gt;</a>&nbsp;&nbsp;&nbsp;getSysTimeUs
<LI><a href="#[105]">&gt;&gt;</a>&nbsp;&nbsp;&nbsp;BaroTemperatureRead
<LI><a href="#[104]">&gt;&gt;</a>&nbsp;&nbsp;&nbsp;BaroSensorRead
<LI><a href="#[102]">&gt;&gt;</a>&nbsp;&nbsp;&nbsp;BaroCompensate
</UL>
<BR>[Called By]<UL><LI><a href="#[80]">&gt;&gt;</a>&nbsp;&nbsp;&nbsp;startOtherSensorTask
</UL>

<P><STRONG><a name="[141]"></a>BaroGetAlt</STRONG> (Thumb, 6 bytes, Stack size 0 bytes, barometer.o(i.BaroGetAlt))
<BR><BR>[Called By]<UL><LI><a href="#[2a1]">&gt;&gt;</a>&nbsp;&nbsp;&nbsp;NavigationReset
<LI><a href="#[2ac]">&gt;&gt;</a>&nbsp;&nbsp;&nbsp;PositionEstimate
<LI><a href="#[13c]">&gt;&gt;</a>&nbsp;&nbsp;&nbsp;BsklinkSendSensor
</UL>

<P><STRONG><a name="[142]"></a>BaroGetTemp</STRONG> (Thumb, 8 bytes, Stack size 0 bytes, barometer.o(i.BaroGetTemp))
<BR><BR>[Called By]<UL><LI><a href="#[13c]">&gt;&gt;</a>&nbsp;&nbsp;&nbsp;BsklinkSendSensor
</UL>

<P><STRONG><a name="[35b]"></a>BaroGetVelocity</STRONG> (Thumb, 8 bytes, Stack size 0 bytes, barometer.o(i.BaroGetVelocity))
<BR><BR>[Called By]<UL><LI><a href="#[358]">&gt;&gt;</a>&nbsp;&nbsp;&nbsp;VelocityEstimate
</UL>

<P><STRONG><a name="[108]"></a>BaroSensorInit</STRONG> (Thumb, 26 bytes, Stack size 8 bytes, module.o(i.BaroSensorInit))
<BR><BR>[Stack]<UL><LI>Max Depth = 184<LI>Call Chain = BaroSensorInit &rArr; spl0601Init &rArr; spl0601GetCalibrationParamters &rArr; spl06Read &rArr; HAL_SPI_Receive &rArr; HAL_SPI_TransmitReceive &rArr; SPI_CheckFlag_BSY &rArr; SPI_WaitFlagStateUntilTimeout
</UL>
<BR>[Calls]<UL><LI><a href="#[106]">&gt;&gt;</a>&nbsp;&nbsp;&nbsp;FaultDetectSetError
<LI><a href="#[10a]">&gt;&gt;</a>&nbsp;&nbsp;&nbsp;spl0601Init
<LI><a href="#[109]">&gt;&gt;</a>&nbsp;&nbsp;&nbsp;spl0601Detect
</UL>
<BR>[Called By]<UL><LI><a href="#[7c]">&gt;&gt;</a>&nbsp;&nbsp;&nbsp;startSensorUpdateTask
</UL>

<P><STRONG><a name="[104]"></a>BaroSensorRead</STRONG> (Thumb, 4 bytes, Stack size 0 bytes, module.o(i.BaroSensorRead))
<BR><BR>[Calls]<UL><LI><a href="#[10b]">&gt;&gt;</a>&nbsp;&nbsp;&nbsp;spl0601Read
</UL>
<BR>[Called By]<UL><LI><a href="#[103]">&gt;&gt;</a>&nbsp;&nbsp;&nbsp;BaroDataPreTreat
</UL>

<P><STRONG><a name="[10c]"></a>BaroSensorUpdate</STRONG> (Thumb, 4 bytes, Stack size 0 bytes, module.o(i.BaroSensorUpdate))
<BR><BR>[Stack]<UL><LI>Max Depth = 312<LI>Call Chain = BaroSensorUpdate &rArr; spl0601Update &rArr; __hardfp_pow &rArr; __kernel_poly &rArr; __aeabi_dmul &rArr; _double_epilogue &rArr; _double_round
</UL>
<BR>[Calls]<UL><LI><a href="#[10d]">&gt;&gt;</a>&nbsp;&nbsp;&nbsp;spl0601Update
</UL>
<BR>[Called By]<UL><LI><a href="#[7c]">&gt;&gt;</a>&nbsp;&nbsp;&nbsp;startSensorUpdateTask
</UL>

<P><STRONG><a name="[105]"></a>BaroTemperatureRead</STRONG> (Thumb, 4 bytes, Stack size 0 bytes, module.o(i.BaroTemperatureRead))
<BR><BR>[Calls]<UL><LI><a href="#[10e]">&gt;&gt;</a>&nbsp;&nbsp;&nbsp;spl0601ReadTemperature
</UL>
<BR>[Called By]<UL><LI><a href="#[103]">&gt;&gt;</a>&nbsp;&nbsp;&nbsp;BaroDataPreTreat
</UL>

<P><STRONG><a name="[3bf]"></a>BatteryCurrentUpdate</STRONG> (Thumb, 2 bytes, Stack size 0 bytes, battery.o(i.BatteryCurrentUpdate))
<BR><BR>[Called By]<UL><LI><a href="#[7c]">&gt;&gt;</a>&nbsp;&nbsp;&nbsp;startSensorUpdateTask
</UL>

<P><STRONG><a name="[3be]"></a>BatteryVoltageUpdate</STRONG> (Thumb, 2 bytes, Stack size 0 bytes, battery.o(i.BatteryVoltageUpdate))
<BR><BR>[Called By]<UL><LI><a href="#[7c]">&gt;&gt;</a>&nbsp;&nbsp;&nbsp;startSensorUpdateTask
</UL>

<P><STRONG><a name="[d9]"></a>BodyFrameToEarthFrame</STRONG> (Thumb, 78 bytes, Stack size 32 bytes, ahrs.o(i.BodyFrameToEarthFrame))
<BR><BR>[Stack]<UL><LI>Max Depth = 156<LI>Call Chain = BodyFrameToEarthFrame &rArr; VectorRotateToEarthFrame &rArr; EulerAngleToDCM_T &rArr; __hardfp_sinf &rArr; __mathlib_rredf2
</UL>
<BR>[Calls]<UL><LI><a href="#[e5]">&gt;&gt;</a>&nbsp;&nbsp;&nbsp;Radians
<LI><a href="#[db]">&gt;&gt;</a>&nbsp;&nbsp;&nbsp;VectorRotateToEarthFrame
</UL>
<BR>[Called By]<UL><LI><a href="#[e2]">&gt;&gt;</a>&nbsp;&nbsp;&nbsp;TransAccToEarthFrame
<LI><a href="#[e1]">&gt;&gt;</a>&nbsp;&nbsp;&nbsp;AttitudeEstimateUpdate
<LI><a href="#[de]">&gt;&gt;</a>&nbsp;&nbsp;&nbsp;AttitudeEstimate
<LI><a href="#[d4]">&gt;&gt;</a>&nbsp;&nbsp;&nbsp;AttitudeAuxEstimate
</UL>

<P><STRONG><a name="[10f]"></a>BsklinkDecode</STRONG> (Thumb, 228 bytes, Stack size 88 bytes, bsklinkdecode.o(i.BsklinkDecode))
<BR><BR>[Stack]<UL><LI>Max Depth = 240<LI>Call Chain = BsklinkDecode &rArr; BsklinkParseChar &rArr; BsklinkMsgCheckSum &rArr; __aeabi_memcpy
</UL>
<BR>[Calls]<UL><LI><a href="#[114]">&gt;&gt;</a>&nbsp;&nbsp;&nbsp;GyroCalibrateEnable
<LI><a href="#[112]">&gt;&gt;</a>&nbsp;&nbsp;&nbsp;__aeabi_memcpy4
<LI><a href="#[111]">&gt;&gt;</a>&nbsp;&nbsp;&nbsp;__aeabi_memcpy
<LI><a href="#[117]">&gt;&gt;</a>&nbsp;&nbsp;&nbsp;LevelCalibrateEnable
<LI><a href="#[11a]">&gt;&gt;</a>&nbsp;&nbsp;&nbsp;BsklinkSendEnable
<LI><a href="#[115]">&gt;&gt;</a>&nbsp;&nbsp;&nbsp;AccCalibrateEnable
<LI><a href="#[113]">&gt;&gt;</a>&nbsp;&nbsp;&nbsp;BsklinkDecodeSetPosPid
<LI><a href="#[119]">&gt;&gt;</a>&nbsp;&nbsp;&nbsp;BsklinkDecodeSetAttPid
<LI><a href="#[110]">&gt;&gt;</a>&nbsp;&nbsp;&nbsp;BsklinkParseChar
[...]
<LI><a href="#[f7]">&gt;&gt;</a>&nbsp;&nbsp;&nbsp;AutoControl
</UL>

<P><STRONG><a name="[f7]"></a>AutoControl</STRONG> (Thumb, 858 bytes, Stack size 40 bytes, usercontrol.o(i.AutoControl))
<BR><BR>[Stack]<UL><LI>Max Depth = 64<LI>Call Chain = AutoControl &rArr; Pythagorous2 &rArr; __hardfp_sqrtf
</UL>
<BR>[Calls]<UL><LI><a href="#[c7]">&gt;&gt;</a>&nbsp;&nbsp;&nbsp;Pythagorous2
<LI><a href="#[fb]">&gt;&gt;</a>&nbsp;&nbsp;&nbsp;SetPosControlStatus
<LI><a href="#[ca]">&gt;&gt;</a>&nbsp;&nbsp;&nbsp;GetPosControlStatus
<LI><a href="#[c3]">&gt;&gt;</a>&nbsp;&nbsp;&nbsp;GetFlightStatus
<LI><a href="#[c1]">&gt;&gt;</a>&nbsp;&nbsp;&nbsp;getSysTimeMs
<LI><a href="#[e3]">&gt;&gt;</a>&nbsp;&nbsp;&nbsp;GetCopterVelocity
<LI><a href="#[fc]">&gt;&gt;</a>&nbsp;&nbsp;&nbsp;ConstrainInt16
<LI><a href="#[bc]">&gt;&gt;</a>&nbsp;&nbsp;&nbsp;ApplyDeadbandInt
<LI><a href="#[cb]">&gt;&gt;</a>&nbsp;&nbsp;&nbsp;ConstrainFloat
<LI><a href="#[fe]">&gt;&gt;</a>&nbsp;&nbsp;&nbsp;SetPosOuterCtlTarget
<LI><a href="#[fa]">&gt;&gt;</a>&nbsp;&nbsp;&nbsp;SetPosInnerCtlTarget
<LI><a href="#[f9]">&gt;&gt;</a>&nbsp;&nbsp;&nbsp;SetPosCtlStatus
<LI><a href="#[ff]">&gt;&gt;</a>&nbsp;&nbsp;&nbsp;SetMaxPosOuterCtl
<LI><a href="#[fd]">&gt;&gt;</a>&nbsp;&nbsp;&nbsp;SetMaxBrakeAngle
<LI><a href="#[bf]">&gt;&gt;</a>&nbsp;&nbsp;&nbsp;GetCopterPosition
<LI><a href="#[f8]">&gt;&gt;</a>&nbsp;&nbsp;&nbsp;YawControl
<LI><a href="#[bb]">&gt;&gt;</a>&nbsp;&nbsp;&nbsp;AltControl
</UL>
<BR>[Called By]<UL><LI><a href="#[2fb]">&gt;&gt;</a>&nbsp;&nbsp;&nbsp;UserControl
</UL>

<P><STRONG><a name="[f8]"></a>YawControl</STRONG> (Thumb, 158 bytes, Stack size 24 bytes, usercontrol.o(i.YawControl))
<BR><BR>[Stack]<UL><LI>Max Depth = 24<LI>Call Chain = YawControl
</UL>
<BR>[Calls]<UL><LI><a href="#[f3]">&gt;&gt;</a>&nbsp;&nbsp;&nbsp;GetCopterAngle
<LI><a href="#[c3]">&gt;&gt;</a>&nbsp;&nbsp;&nbsp;GetFlightStatus
<LI><a href="#[c1]">&gt;&gt;</a>&nbsp;&nbsp;&nbsp;getSysTimeMs
<LI><a href="#[bc]">&gt;&gt;</a>&nbsp;&nbsp;&nbsp;ApplyDeadbandInt
<LI><a href="#[101]">&gt;&gt;</a>&nbsp;&nbsp;&nbsp;SetYawHoldStatus
<LI><a href="#[2c2]">&gt;&gt;</a>&nbsp;&nbsp;&nbsp;SetYawCtlTarget
</UL>
<BR>[Called By]<UL><LI><a href="#[2fb]">&gt;&gt;</a>&nbsp;&nbsp;&nbsp;UserControl
<LI><a href="#[f7]">&gt;&gt;</a>&nbsp;&nbsp;&nbsp;AutoControl
</UL>

<P><STRONG><a name="[119]"></a>BsklinkDecodeSetAttPid</STRONG> (Thumb, 284 bytes, Stack size 80 bytes, bsklinkdecode.o(i.BsklinkDecodeSetAttPid))
<BR><BR>[Stack]<UL><LI>Max Depth = 96<LI>Call Chain = BsklinkDecodeSetAttPid &rArr; FcSetPID
</UL>
<BR>[Calls]<UL><LI><a href="#[11b]">&gt;&gt;</a>&nbsp;&nbsp;&nbsp;GetArmedStatus
<LI><a href="#[11c]">&gt;&gt;</a>&nbsp;&nbsp;&nbsp;FcSetPID
<LI><a href="#[112]">&gt;&gt;</a>&nbsp;&nbsp;&nbsp;__aeabi_memcpy4
<LI><a href="#[11d]">&gt;&gt;</a>&nbsp;&nbsp;&nbsp;BsklinkSetPidAck
</UL>
<BR>[Called By]<UL><LI><a href="#[10f]">&gt;&gt;</a>&nbsp;&nbsp;&nbsp;BsklinkDecode
</UL>

<P><STRONG><a name="[113]"></a>BsklinkDecodeSetPosPid</STRONG> (Thumb, 284 bytes, Stack size 80 bytes, bsklinkdecode.o(i.BsklinkDecodeSetPosPid))
<BR><BR>[Stack]<UL><LI>Max Depth = 96<LI>Call Chain = BsklinkDecodeSetPosPid &rArr; FcSetPID
</UL>
<BR>[Calls]<UL><LI><a href="#[11b]">&gt;&gt;</a>&nbsp;&nbsp;&nbsp;GetArmedStatus
<LI><a href="#[11c]">&gt;&gt;</a>&nbsp;&nbsp;&nbsp;FcSetPID
<LI><a href="#[112]">&gt;&gt;</a>&nbsp;&nbsp;&nbsp;__aeabi_memcpy4
<LI><a href="#[11d]">&gt;&gt;</a>&nbsp;&nbsp;&nbsp;BsklinkSetPidAck
</UL>
<BR>[Called By]<UL><LI><a href="#[10f]">&gt;&gt;</a>&nbsp;&nbsp;&nbsp;BsklinkDecode
</UL>

<P><STRONG><a name="[26b]"></a>MavlinkDecodeCommand</STRONG> (Thumb, 256 bytes, Stack size 40 bytes, mavlinkdecode.o(i.MavlinkDecodeCommand))
<BR><BR>[Stack]<UL><LI>Max Depth = 112<LI>Call Chain = MavlinkDecodeCommand &rArr; SetArmedStatus &rArr; osDelayMs &rArr; vTaskDelay &rArr; xTaskResumeAll &rArr; xTaskIncrementTick
</UL>
<BR>[Calls]<UL><LI><a href="#[a2]">&gt;&gt;</a>&nbsp;&nbsp;&nbsp;MavlinkSendNoticeEnable
<LI><a href="#[114]">&gt;&gt;</a>&nbsp;&nbsp;&nbsp;GyroCalibrateEnable
<LI><a href="#[158]">&gt;&gt;</a>&nbsp;&nbsp;&nbsp;SetArmedStatus
<LI><a href="#[11b]">&gt;&gt;</a>&nbsp;&nbsp;&nbsp;GetArmedStatus
<LI><a href="#[270]">&gt;&gt;</a>&nbsp;&nbsp;&nbsp;MavlinkSetCommandAck
<LI><a href="#[26f]">&gt;&gt;</a>&nbsp;&nbsp;&nbsp;MavlinkSendEnable
<LI><a href="#[117]">&gt;&gt;</a>&nbsp;&nbsp;&nbsp;LevelCalibrateEnable
<LI><a href="#[115]">&gt;&gt;</a>&nbsp;&nbsp;&nbsp;AccCalibrateEnable
<LI><a href="#[116]">&gt;&gt;</a>&nbsp;&nbsp;&nbsp;MagCalibrateEnable
</UL>
<BR>[Called By]<UL><LI><a href="#[265]">&gt;&gt;</a>&nbsp;&nbsp;&nbsp;MavlinkDecode
</UL>

<P><STRONG><a name="[266]"></a>mavlink_frame_char_buffer</STRONG> (Thumb, 340 bytes, Stack size 40 bytes, mavlinkdecode.o(i.mavlink_frame_char_buffer))
<BR><BR>[Stack]<UL><LI>Max Depth = 48<LI>Call Chain = mavlink_frame_char_buffer &rArr; __aeabi_memcpy
</UL>
<BR>[Calls]<UL><LI><a href="#[111]">&gt;&gt;</a>&nbsp;&nbsp;&nbsp;__aeabi_memcpy
<LI><a href="#[37c]">&gt;&gt;</a>&nbsp;&nbsp;&nbsp;mavlink_update_checksum
</UL>
<BR>[Called By]<UL><LI><a href="#[265]">&gt;&gt;</a>&nbsp;&nbsp;&nbsp;MavlinkDecode
</UL>

<P><STRONG><a name="[37c]"></a>mavlink_update_checksum</STRONG> (Thumb, 28 bytes, Stack size 0 bytes, mavlinkdecode.o(i.mavlink_update_checksum))
<BR><BR>[Called By]<UL><LI><a href="#[266]">&gt;&gt;</a>&nbsp;&nbsp;&nbsp;mavlink_frame_char_buffer
</UL>

<P><STRONG><a name="[37b]"></a>crc_accumulate</STRONG> (Thumb, 28 bytes, Stack size 0 bytes, mavlinksend.o(i.crc_accumulate))
<BR><BR>[Called By]<UL><LI><a href="#[272]">&gt;&gt;</a>&nbsp;&nbsp;&nbsp;mavlink_finalize_message_chan
</UL>

<P><STRONG><a name="[279]"></a>mav_array_memcpy</STRONG> (Thumb, 12 bytes, Stack size 0 bytes, mavlinksend.o(i.mav_array_memcpy))
<BR><BR>[Stack]<UL><LI>Max Depth = 8<LI>Call Chain = mav_array_memcpy &rArr; __aeabi_memcpy
</UL>
<BR>[Calls]<UL><LI><a href="#[87]">&gt;&gt;</a>&nbsp;&nbsp;&nbsp;__aeabi_memclr
<LI><a href="#[111]">&gt;&gt;</a>&nbsp;&nbsp;&nbsp;__aeabi_memcpy
</UL>
<BR>[Called By]<UL><LI><a href="#[28b]">&gt;&gt;</a>&nbsp;&nbsp;&nbsp;MavlinkSendStatusText
<LI><a href="#[285]">&gt;&gt;</a>&nbsp;&nbsp;&nbsp;MavlinkSendParamValue
<LI><a href="#[277]">&gt;&gt;</a>&nbsp;&nbsp;&nbsp;MavlinkSendHomePosition
</UL>

<P><STRONG><a name="[272]"></a>mavlink_finalize_message_chan</STRONG> (Thumb, 140 bytes, Stack size 32 bytes, mavlinksend.o(i.mavlink_finalize_message_chan))
<BR><BR>[Stack]<UL><LI>Max Depth = 32<LI>Call Chain = mavlink_finalize_message_chan
</UL>
<BR>[Calls]<UL><LI><a href="#[37b]">&gt;&gt;</a>&nbsp;&nbsp;&nbsp;crc_accumulate
</UL>
<BR>[Called By]<UL><LI><a href="#[28f]">&gt;&gt;</a>&nbsp;&nbsp;&nbsp;MavlinkSendVfrHud
<LI><a href="#[28c]">&gt;&gt;</a>&nbsp;&nbsp;&nbsp;MavlinkSendSysStatus
<LI><a href="#[28b]">&gt;&gt;</a>&nbsp;&nbsp;&nbsp;MavlinkSendStatusText
<LI><a href="#[28a]">&gt;&gt;</a>&nbsp;&nbsp;&nbsp;MavlinkSendScaledImu
<LI><a href="#[285]">&gt;&gt;</a>&nbsp;&nbsp;&nbsp;MavlinkSendParamValue
<LI><a href="#[281]">&gt;&gt;</a>&nbsp;&nbsp;&nbsp;MavlinkSendMissionRequest
<LI><a href="#[27d]">&gt;&gt;</a>&nbsp;&nbsp;&nbsp;MavlinkSendMissionCount
<LI><a href="#[27c]">&gt;&gt;</a>&nbsp;&nbsp;&nbsp;MavlinkSendMissionAck
<LI><a href="#[27a]">&gt;&gt;</a>&nbsp;&nbsp;&nbsp;MavlinkSendLocalPositionNed
<LI><a href="#[277]">&gt;&gt;</a>&nbsp;&nbsp;&nbsp;MavlinkSendHomePosition
<LI><a href="#[276]">&gt;&gt;</a>&nbsp;&nbsp;&nbsp;MavlinkSendHeartbeat
<LI><a href="#[275]">&gt;&gt;</a>&nbsp;&nbsp;&nbsp;MavlinkSendGpsRawInt
<LI><a href="#[274]">&gt;&gt;</a>&nbsp;&nbsp;&nbsp;MavlinkSendCommandAck
<LI><a href="#[271]">&gt;&gt;</a>&nbsp;&nbsp;&nbsp;MavlinkSendAttitude
<LI><a href="#[289]">&gt;&gt;</a>&nbsp;&nbsp;&nbsp;mavlink_msg_rc_channels_pack
<LI><a href="#[280]">&gt;&gt;</a>&nbsp;&nbsp;&nbsp;mavlink_msg_mission_item_encode
</UL>

<P><STRONG><a name="[280]"></a>mavlink_msg_mission_item_encode</STRONG> (Thumb, 122 bytes, Stack size 80 bytes, mavlinksend.o(i.mavlink_msg_mission_item_encode))
<BR><BR>[Stack]<UL><LI>Max Depth = 112<LI>Call Chain = mavlink_msg_mission_item_encode &rArr; mavlink_finalize_message_chan
</UL>
<BR>[Calls]<UL><LI><a href="#[112]">&gt;&gt;</a>&nbsp;&nbsp;&nbsp;__aeabi_memcpy4
<LI><a href="#[272]">&gt;&gt;</a>&nbsp;&nbsp;&nbsp;mavlink_finalize_message_chan
</UL>
<BR>[Called By]<UL><LI><a href="#[27e]">&gt;&gt;</a>&nbsp;&nbsp;&nbsp;MavlinkSendMissionItem
</UL>

<P><STRONG><a name="[289]"></a>mavlink_msg_rc_channels_pack</STRONG> (Thumb, 180 bytes, Stack size 96 bytes, mavlinksend.o(i.mavlink_msg_rc_channels_pack))
<BR><BR>[Stack]<UL><LI>Max Depth = 128<LI>Call Chain = mavlink_msg_rc_channels_pack &rArr; mavlink_finalize_message_chan
</UL>
<BR>[Calls]<UL><LI><a href="#[112]">&gt;&gt;</a>&nbsp;&nbsp;&nbsp;__aeabi_memcpy4
<LI><a href="#[272]">&gt;&gt;</a>&nbsp;&nbsp;&nbsp;mavlink_finalize_message_chan
</UL>
<BR>[Called By]<UL><LI><a href="#[288]">&gt;&gt;</a>&nbsp;&nbsp;&nbsp;MavlinkSendRcChannels
</UL>

<P><STRONG><a name="[273]"></a>mavlink_msg_to_send_buffer</STRONG> (Thumb, 38 bytes, Stack size 16 bytes, mavlinksend.o(i.mavlink_msg_to_send_buffer))
<BR><BR>[Stack]<UL><LI>Max Depth = 24<LI>Call Chain = mavlink_msg_to_send_buffer &rArr; __aeabi_memcpy
</UL>
<BR>[Calls]<UL><LI><a href="#[111]">&gt;&gt;</a>&nbsp;&nbsp;&nbsp;__aeabi_memcpy
</UL>
<BR>[Called By]<UL><LI><a href="#[28f]">&gt;&gt;</a>&nbsp;&nbsp;&nbsp;MavlinkSendVfrHud
<LI><a href="#[28c]">&gt;&gt;</a>&nbsp;&nbsp;&nbsp;MavlinkSendSysStatus
<LI><a href="#[28b]">&gt;&gt;</a>&nbsp;&nbsp;&nbsp;MavlinkSendStatusText
<LI><a href="#[28a]">&gt;&gt;</a>&nbsp;&nbsp;&nbsp;MavlinkSendScaledImu
<LI><a href="#[288]">&gt;&gt;</a>&nbsp;&nbsp;&nbsp;MavlinkSendRcChannels
<LI><a href="#[285]">&gt;&gt;</a>&nbsp;&nbsp;&nbsp;MavlinkSendParamValue
<LI><a href="#[281]">&gt;&gt;</a>&nbsp;&nbsp;&nbsp;MavlinkSendMissionRequest
<LI><a href="#[27e]">&gt;&gt;</a>&nbsp;&nbsp;&nbsp;MavlinkSendMissionItem
<LI><a href="#[27d]">&gt;&gt;</a>&nbsp;&nbsp;&nbsp;MavlinkSendMissionCount
<LI><a href="#[27c]">&gt;&gt;</a>&nbsp;&nbsp;&nbsp;MavlinkSendMissionAck
<LI><a href="#[27a]">&gt;&gt;</a>&nbsp;&nbsp;&nbsp;MavlinkSendLocalPositionNed
<LI><a href="#[277]">&gt;&gt;</a>&nbsp;&nbsp;&nbsp;MavlinkSendHomePosition
<LI><a href="#[276]">&gt;&gt;</a>&nbsp;&nbsp;&nbsp;MavlinkSendHeartbeat
<LI><a href="#[275]">&gt;&gt;</a>&nbsp;&nbsp;&nbsp;MavlinkSendGpsRawInt
<LI><a href="#[274]">&gt;&gt;</a>&nbsp;&nbsp;&nbsp;MavlinkSendCommandAck
<LI><a href="#[271]">&gt;&gt;</a>&nbsp;&nbsp;&nbsp;MavlinkSendAttitude
</UL>

<P><STRONG><a name="[291]"></a>SendFreqSort</STRONG> (Thumb, 108 bytes, Stack size 20 bytes, message.o(i.SendFreqSort))
<BR><BR>[Stack]<UL><LI>Max Depth = 20<LI>Call Chain = SendFreqSort
</UL>
<BR>[Called By]<UL><LI><a href="#[290]">&gt;&gt;</a>&nbsp;&nbsp;&nbsp;MessageInit
</UL>

<P><STRONG><a name="[292]"></a>SendListCreate</STRONG> (Thumb, 288 bytes, Stack size 40 bytes, message.o(i.SendListCreate))
<BR><BR>[Stack]<UL><LI>Max Depth = 40<LI>Call Chain = SendListCreate
</UL>
<BR>[Calls]<UL><LI><a href="#[17b]">&gt;&gt;</a>&nbsp;&nbsp;&nbsp;GetRandom
</UL>
<BR>[Called By]<UL><LI><a href="#[290]">&gt;&gt;</a>&nbsp;&nbsp;&nbsp;MessageInit
</UL>

<P><STRONG><a name="[294]"></a>mavlink_frame_char_buffer</STRONG> (Thumb, 340 bytes, Stack size 40 bytes, message.o(i.mavlink_frame_char_buffer))
<BR><BR>[Stack]<UL><LI>Max Depth = 48<LI>Call Chain = mavlink_frame_char_buffer &rArr; __aeabi_memcpy
</UL>
<BR>[Calls]<UL><LI><a href="#[111]">&gt;&gt;</a>&nbsp;&nbsp;&nbsp;__aeabi_memcpy
<LI><a href="#[37d]">&gt;&gt;</a>&nbsp;&nbsp;&nbsp;mavlink_update_checksum
</UL>
<BR>[Called By]<UL><LI><a href="#[293]">&gt;&gt;</a>&nbsp;&nbsp;&nbsp;MessageProtocolTypeDetect
</UL>

<P><STRONG><a name="[37d]"></a>mavlink_update_checksum</STRONG> (Thumb, 28 bytes, Stack size 0 bytes, message.o(i.mavlink_update_checksum))
<BR><BR>[Called By]<UL><LI><a href="#[294]">&gt;&gt;</a>&nbsp;&nbsp;&nbsp;mavlink_frame_char_buffer
</UL>

<P><STRONG><a name="[ad]"></a>__ARM_isnanf</STRONG> (Thumb, 12 bytes, Stack size 0 bytes, accelerometer.o(i.__ARM_isnanf))
<BR><BR>[Called By]<UL><LI><a href="#[ac]">&gt;&gt;</a>&nbsp;&nbsp;&nbsp;AccPreTreatInit
</UL>

<P><STRONG><a name="[102]"></a>BaroCompensate</STRONG> (Thumb, 102 bytes, Stack size 16 bytes, barometer.o(i.BaroCompensate))
<BR><BR>[Stack]<UL><LI>Max Depth = 40<LI>Call Chain = BaroCompensate &rArr; Pythagorous2 &rArr; __hardfp_sqrtf
</UL>
<BR>[Calls]<UL><LI><a href="#[c7]">&gt;&gt;</a>&nbsp;&nbsp;&nbsp;Pythagorous2
<LI><a href="#[f5]">&gt;&gt;</a>&nbsp;&nbsp;&nbsp;GpsGetFixStatus
<LI><a href="#[e3]">&gt;&gt;</a>&nbsp;&nbsp;&nbsp;GetCopterVelocity
<LI><a href="#[fc]">&gt;&gt;</a>&nbsp;&nbsp;&nbsp;ConstrainInt16
<LI><a href="#[bc]">&gt;&gt;</a>&nbsp;&nbsp;&nbsp;ApplyDeadbandInt
</UL>
<BR>[Called By]<UL><LI><a href="#[103]">&gt;&gt;</a>&nbsp;&nbsp;&nbsp;BaroDataPreTreat
</UL>

<P><STRONG><a name="[17e]"></a>GpsCalcPositionChanged</STRONG> (Thumb, 218 bytes, Stack size 48 bytes, gps.o(i.GpsCalcPositionChanged))
<BR><BR>[Stack]<UL><LI>Max Depth = 136<LI>Call Chain = GpsCalcPositionChanged &rArr; __aeabi_dmul &rArr; _double_epilogue &rArr; _double_round
</UL>
<BR>[Calls]<UL><LI><a href="#[90]">&gt;&gt;</a>&nbsp;&nbsp;&nbsp;__aeabi_dmul
<LI><a href="#[96]">&gt;&gt;</a>&nbsp;&nbsp;&nbsp;__aeabi_d2f
<LI><a href="#[e5]">&gt;&gt;</a>&nbsp;&nbsp;&nbsp;Radians
<LI><a href="#[12d]">&gt;&gt;</a>&nbsp;&nbsp;&nbsp;__aeabi_f2d
<LI><a href="#[17f]">&gt;&gt;</a>&nbsp;&nbsp;&nbsp;__aeabi_cdrcmple
<LI><a href="#[159]">&gt;&gt;</a>&nbsp;&nbsp;&nbsp;__hardfp_cosf
<LI><a href="#[8e]">&gt;&gt;</a>&nbsp;&nbsp;&nbsp;__aeabi_dsub
<LI><a href="#[95]">&gt;&gt;</a>&nbsp;&nbsp;&nbsp;__aeabi_d2iz
</UL>
<BR>[Called By]<UL><LI><a href="#[17a]">&gt;&gt;</a>&nbsp;&nbsp;&nbsp;GpsTransToLocalPosition
</UL>

<P><STRONG><a name="[180]"></a>GpsCheckStatus</STRONG> (Thumb, 156 bytes, Stack size 32 bytes, gps.o(i.GpsCheckStatus))
<BR><BR>[Stack]<UL><LI>Max Depth = 120<LI>Call Chain = GpsCheckStatus &rArr; compassGetDeclination &rArr; Compass_Get_Lookup_Value &rArr; memcpy
</UL>
<BR>[Calls]<UL><LI><a href="#[96]">&gt;&gt;</a>&nbsp;&nbsp;&nbsp;__aeabi_d2f
<LI><a href="#[183]">&gt;&gt;</a>&nbsp;&nbsp;&nbsp;GpsResetHomePosition
<LI><a href="#[181]">&gt;&gt;</a>&nbsp;&nbsp;&nbsp;FaultDetectGetErrorStatus
<LI><a href="#[182]">&gt;&gt;</a>&nbsp;&nbsp;&nbsp;compassGetDeclination
</UL>
<BR>[Called By]<UL><LI><a href="#[184]">&gt;&gt;</a>&nbsp;&nbsp;&nbsp;GpsDataPreTreat
</UL>

<P><STRONG><a name="[188]"></a>__ARM_isnanf</STRONG> (Thumb, 12 bytes, Stack size 0 bytes, gyroscope.o(i.__ARM_isnanf))
<BR><BR>[Called By]<UL><LI><a href="#[187]">&gt;&gt;</a>&nbsp;&nbsp;&nbsp;GyroPreTreatInit
</UL>

<P><STRONG><a name="[253]"></a>__ARM_isnanf</STRONG> (Thumb, 12 bytes, Stack size 0 bytes, magnetometer.o(i.__ARM_isnanf))
<BR><BR>[Called By]<UL><LI><a href="#[254]">&gt;&gt;</a>&nbsp;&nbsp;&nbsp;MagCalibration
<LI><a href="#[252]">&gt;&gt;</a>&nbsp;&nbsp;&nbsp;MagCaliDataInit
</UL>

<P><STRONG><a name="[21c]"></a>ubloxDecode</STRONG> (Thumb, 306 bytes, Stack size 552 bytes, ublox.o(i.ubloxDecode))
<BR><BR>[Stack]<UL><LI>Max Depth = 736<LI>Call Chain = ubloxDecode &rArr; ubloxPayloadDecode &rArr; __aeabi_dmul &rArr; _double_epilogue &rArr; _double_round
</UL>
<BR>[Calls]<UL><LI><a href="#[112]">&gt;&gt;</a>&nbsp;&nbsp;&nbsp;__aeabi_memcpy4
<LI><a href="#[3c0]">&gt;&gt;</a>&nbsp;&nbsp;&nbsp;ubloxPayloadDecode
</UL>
<BR>[Called By]<UL><LI><a href="#[21b]">&gt;&gt;</a>&nbsp;&nbsp;&nbsp;HAL_UART_RxCpltCallback
</UL>

<P><STRONG><a name="[3c1]"></a>ubloxEnableMessage</STRONG> (Thumb, 96 bytes, Stack size 72 bytes, ublox.o(i.ubloxEnableMessage))
<BR><BR>[Stack]<UL><LI>Max Depth = 128<LI>Call Chain = ubloxEnableMessage &rArr; ubloxSendData &rArr; HAL_UART_Transmit &rArr; UART_WaitOnFlagUntilTimeout
</UL>
<BR>[Calls]<UL><LI><a href="#[3c2]">&gt;&gt;</a>&nbsp;&nbsp;&nbsp;ubloxSendData
</UL>
<BR>[Called By]<UL><LI><a href="#[174]">&gt;&gt;</a>&nbsp;&nbsp;&nbsp;ubloxInit
</UL>

<P><STRONG><a name="[3c0]"></a>ubloxPayloadDecode</STRONG> (Thumb, 568 bytes, Stack size 96 bytes, ublox.o(i.ubloxPayloadDecode))
<BR><BR>[Stack]<UL><LI>Max Depth = 184<LI>Call Chain = ubloxPayloadDecode &rArr; __aeabi_dmul &rArr; _double_epilogue &rArr; _double_round
</UL>
<BR>[Calls]<UL><LI><a href="#[90]">&gt;&gt;</a>&nbsp;&nbsp;&nbsp;__aeabi_dmul
<LI><a href="#[92]">&gt;&gt;</a>&nbsp;&nbsp;&nbsp;__aeabi_i2d
</UL>
<BR>[Called By]<UL><LI><a href="#[21c]">&gt;&gt;</a>&nbsp;&nbsp;&nbsp;ubloxDecode
</UL>

<P><STRONG><a name="[3c6]"></a>ubloxSaveConfig</STRONG> (Thumb, 136 bytes, Stack size 64 bytes, ublox.o(i.ubloxSaveConfig))
<BR><BR>[Stack]<UL><LI>Max Depth = 120<LI>Call Chain = ubloxSaveConfig &rArr; ubloxSendData &rArr; HAL_UART_Transmit &rArr; UART_WaitOnFlagUntilTimeout
</UL>
<BR>[Calls]<UL><LI><a href="#[3c2]">&gt;&gt;</a>&nbsp;&nbsp;&nbsp;ubloxSendData
</UL>
<BR>[Called By]<UL><LI><a href="#[174]">&gt;&gt;</a>&nbsp;&nbsp;&nbsp;ubloxInit
</UL>

<P><STRONG><a name="[3c5]"></a>ubloxSetPrt</STRONG> (Thumb, 178 bytes, Stack size 64 bytes, ublox.o(i.ubloxSetPrt))
<BR><BR>[Stack]<UL><LI>Max Depth = 120<LI>Call Chain = ubloxSetPrt &rArr; ubloxSendData &rArr; HAL_UART_Transmit &rArr; UART_WaitOnFlagUntilTimeout
</UL>
<BR>[Calls]<UL><LI><a href="#[3c2]">&gt;&gt;</a>&nbsp;&nbsp;&nbsp;ubloxSendData
</UL>
<BR>[Called By]<UL><LI><a href="#[174]">&gt;&gt;</a>&nbsp;&nbsp;&nbsp;ubloxInit
</UL>

<P><STRONG><a name="[3c4]"></a>ubloxSetRate</STRONG> (Thumb, 110 bytes, Stack size 72 bytes, ublox.o(i.ubloxSetRate))
<BR><BR>[Stack]<UL><LI>Max Depth = 128<LI>Call Chain = ubloxSetRate &rArr; ubloxSendData &rArr; HAL_UART_Transmit &rArr; UART_WaitOnFlagUntilTimeout
</UL>
<BR>[Calls]<UL><LI><a href="#[3c2]">&gt;&gt;</a>&nbsp;&nbsp;&nbsp;ubloxSendData
</UL>
<BR>[Called By]<UL><LI><a href="#[174]">&gt;&gt;</a>&nbsp;&nbsp;&nbsp;ubloxInit
</UL>

<P><STRONG><a name="[15f]"></a>Flash_SendByte</STRONG> (Thumb, 34 bytes, Stack size 16 bytes, w25qxx.o(i.Flash_SendByte))
<BR><BR>[Stack]<UL><LI>Max Depth = 96<LI>Call Chain = Flash_SendByte &rArr; HAL_SPI_TransmitReceive &rArr; SPI_CheckFlag_BSY &rArr; SPI_WaitFlagStateUntilTimeout
</UL>
<BR>[Calls]<UL><LI><a href="#[166]">&gt;&gt;</a>&nbsp;&nbsp;&nbsp;HAL_SPI_TransmitReceive
</UL>
<BR>[Called By]<UL><LI><a href="#[163]">&gt;&gt;</a>&nbsp;&nbsp;&nbsp;Flash_SectorErase
<LI><a href="#[373]">&gt;&gt;</a>&nbsp;&nbsp;&nbsp;flashInit
<LI><a href="#[160]">&gt;&gt;</a>&nbsp;&nbsp;&nbsp;Flash_PageWrite
<LI><a href="#[15d]">&gt;&gt;</a>&nbsp;&nbsp;&nbsp;Flash_PageRead
<LI><a href="#[161]">&gt;&gt;</a>&nbsp;&nbsp;&nbsp;Flash_WriteEnable
<LI><a href="#[162]">&gt;&gt;</a>&nbsp;&nbsp;&nbsp;Flash_WaitForEnd
</UL>

<P><STRONG><a name="[162]"></a>Flash_WaitForEnd</STRONG> (Thumb, 44 bytes, Stack size 16 bytes, w25qxx.o(i.Flash_WaitForEnd))
<BR><BR>[Stack]<UL><LI>Max Depth = 112<LI>Call Chain = Flash_WaitForEnd &rArr; Flash_SendByte &rArr; HAL_SPI_TransmitReceive &rArr; SPI_CheckFlag_BSY &rArr; SPI_WaitFlagStateUntilTimeout
</UL>
<BR>[Calls]<UL><LI><a href="#[15e]">&gt;&gt;</a>&nbsp;&nbsp;&nbsp;HAL_GPIO_WritePin
<LI><a href="#[15f]">&gt;&gt;</a>&nbsp;&nbsp;&nbsp;Flash_SendByte
</UL>
<BR>[Called By]<UL><LI><a href="#[163]">&gt;&gt;</a>&nbsp;&nbsp;&nbsp;Flash_SectorErase
<LI><a href="#[160]">&gt;&gt;</a>&nbsp;&nbsp;&nbsp;Flash_PageWrite
</UL>

<P><STRONG><a name="[161]"></a>Flash_WriteEnable</STRONG> (Thumb, 34 bytes, Stack size 8 bytes, w25qxx.o(i.Flash_WriteEnable))
<BR><BR>[Stack]<UL><LI>Max Depth = 104<LI>Call Chain = Flash_WriteEnable &rArr; Flash_SendByte &rArr; HAL_SPI_TransmitReceive &rArr; SPI_CheckFlag_BSY &rArr; SPI_WaitFlagStateUntilTimeout
</UL>
<BR>[Calls]<UL><LI><a href="#[15e]">&gt;&gt;</a>&nbsp;&nbsp;&nbsp;HAL_GPIO_WritePin
<LI><a href="#[15f]">&gt;&gt;</a>&nbsp;&nbsp;&nbsp;Flash_SendByte
</UL>
<BR>[Called By]<UL><LI><a href="#[165]">&gt;&gt;</a>&nbsp;&nbsp;&nbsp;Flash_SectorsWrite
<LI><a href="#[163]">&gt;&gt;</a>&nbsp;&nbsp;&nbsp;Flash_SectorErase
<LI><a href="#[160]">&gt;&gt;</a>&nbsp;&nbsp;&nbsp;Flash_PageWrite
</UL>
<P>
<H3>
Undefined Global Symbols
</H3><HR></body></html>
